
[1m[7m[36m RUN [39m[27m[22m [36mv2.1.9 [39m[90mD:/cortex[39m

 [32m✓[39m packages/tools/tests/monorepo-analyzer.test.ts [2m([22m[2m35 tests[22m[2m)[22m[90m 18[2mms[22m[39m
 [32m✓[39m packages/tools/tests/configuration-drift.test.ts [2m([22m[2m17 tests[22m[2m)[22m[90m 34[2mms[22m[39m
 [32m✓[39m packages/prompt-kit/tests/unit/assembler.test.ts [2m([22m[2m13 tests[22m[2m)[22m[90m 8[2mms[22m[39m
 [32m✓[39m packages/notification/tests/notification-pipe.test.ts [2m([22m[2m36 tests[22m[2m)[22m[90m 19[2mms[22m[39m
[90mstdout[2m | packages/skill-kit/tests/e2e.test.ts[2m > [22m[2mE2E: 完整闭环 —— 加载 → 校验 → 缓存 → 执行[2m > [22m[2m场景 1: 加载 .ts 技能 → 校验 → 缓存 → 执行 → 断言
[22m[39m[skill] 执行测试技能：name=阿贝多, count=3

[90mstderr[2m | packages/skill-kit/tests/e2e.test.ts[2m > [22m[2mE2E: 完整闭环 —— 加载 → 校验 → 缓存 → 执行[2m > [22m[2m场景 7: 执行抛出异常返回 EXECUTION_FAILED
[22m[39m[skill] 技能 "e2e-throw" 执行异常：E2E 模拟执行异常

[90mstdout[2m | packages/skill-kit/tests/e2e.test.ts[2m > [22m[2mE2E: SkillFactory 一站式执行[2m > [22m[2m加载并执行已注册的 .ts 技能
[22m[39m[skill-kit] 缓存未命中，加载技能：e2e-ts-skill
[skill-kit] 执行测试技能：name=纳西妲, count=5

[90mstdout[2m | packages/skill-kit/tests/e2e.test.ts[2m > [22m[2mE2E: SkillFactory 一站式执行[2m > [22m[2m第二次执行走缓存命中路径（factory.load）
[22m[39m[skill-kit] 缓存未命中，加载技能：e2e-cached
[skill-kit] 缓存命中：e2e-cached

[90mstdout[2m | packages/skill-kit/tests/e2e.test.ts[2m > [22m[2mE2E: SkillFactory 一站式执行[2m > [22m[2m加载未注册的技能返回错误结果
[22m[39m[skill-kit] 缓存未命中，加载技能：nonexistent-skill

[90mstdout[2m | packages/skill-kit/tests/e2e.test.ts[2m > [22m[2mE2E: SkillFactory 一站式执行[2m > [22m[2mFactory.validate 检验未注册技能
[22m[39m[skill-kit] 缓存未命中，加载技能：nonexistent

[90mstdout[2m | packages/skill-kit/tests/e2e.test.ts[2m > [22m[2mE2E: SkillFactory 一站式执行[2m > [22m[2m完整生命周期：register → load → validate → execute → cache → dispose
[22m[39m[skill-kit] 缓存未命中，加载技能：e2e-lifecycle
[skill-kit] 缓存命中：e2e-lifecycle
[skill-kit] 缓存命中：e2e-lifecycle
[skill-kit] 执行测试技能：name=生命周期测试, count=1

[90mstdout[2m | packages/skill-kit/tests/e2e.test.ts[2m > [22m[2mE2E: SkillFactory 一站式执行[2m > [22m[2mvalidate 检测技能定义不完整
[22m[39m[skill-kit] 缓存未命中，加载技能：e2e-bad-path

 [32m✓[39m packages/skill-kit/tests/e2e.test.ts [2m([22m[2m21 tests[22m[2m)[22m[90m 87[2mms[22m[39m
 [32m✓[39m packages/doctor/tests/doctor.test.ts [2m([22m[2m26 tests[22m[2m)[22m[90m 148[2mms[22m[39m
 [32m✓[39m packages/memory/tests/memory-store.test.ts [2m([22m[2m54 tests[22m[2m)[22m[33m 327[2mms[22m[39m
 [32m✓[39m packages/factory/tests/cross-field-validator.test.ts [2m([22m[2m15 tests[22m[2m)[22m[90m 10[2mms[22m[39m
 [32m✓[39m packages/cli/tests/e2e/cli-e2e.test.ts [2m([22m[2m49 tests[22m[2m)[22m[90m 47[2mms[22m[39m
 [32m✓[39m packages/factory/tests/bootstrap-loader.test.ts [2m([22m[2m37 tests[22m[2m)[22m[90m 167[2mms[22m[39m
 [32m✓[39m packages/prompt-kit/tests/unit/template-engine.test.ts [2m([22m[2m30 tests[22m[2m)[22m[90m 11[2mms[22m[39m
 [32m✓[39m packages/llm/tests/llm-adapter.test.ts [2m([22m[2m16 tests[22m[2m)[22m[90m 17[2mms[22m[39m
 [32m✓[39m packages/shared/tests/types.test.ts [2m([22m[2m25 tests[22m[2m)[22m[90m 11[2mms[22m[39m
 [32m✓[39m packages/skill-validator/tests/validator.test.ts [2m([22m[2m19 tests[22m[2m)[22m[90m 12[2mms[22m[39m
 [32m✓[39m packages/prompt-kit/tests/unit/validator.test.ts [2m([22m[2m18 tests[22m[2m)[22m[90m 14[2mms[22m[39m
[90mstdout[2m | packages/cli/tests/plan-executor.test.ts[2m > [22m[2mclarifyAndConfirm — 意图明晰化确认循环[2m > [22m[2m用户输入 .yes 确认时返回原始意图
[22m[39m
┌─ 意图确认 ─────────────────────────────
│ 🎯 目标: 分析用户模块数据流
│ 🔬 类型: 分析
│ 📂 范围: controller/service/dao
│ ⚠️ 约束: 只读
└─────────────────────────────────────────

 [32m✓[39m packages/engine/tests/intent-fact-wall.test.ts [2m([22m[2m12 tests[22m[2m)[22m[90m 12[2mms[22m[39m
[90mstdout[2m | packages/cli/tests/plan-executor.test.ts[2m > [22m[2mclarifyAndConfirm — 意图明晰化确认循环[2m > [22m[2m用户输入空行（回车）等同于确认
[22m[39m
┌─ 意图确认 ─────────────────────────────
│ 🎯 目标: 分析用户模块数据流
│ 🔬 类型: 分析
│ 📂 范围: controller/service/dao
│ ⚠️ 约束: 只读
└─────────────────────────────────────────

[90mstdout[2m | packages/cli/tests/plan-executor.test.ts[2m > [22m[2mclarifyAndConfirm — 意图明晰化确认循环[2m > [22m[2m「是的」等同于 .yes
[22m[39m
┌─ 意图确认 ─────────────────────────────
│ 🎯 目标: 分析用户模块数据流
│ 🔬 类型: 分析
│ 📂 范围: controller/service/dao
│ ⚠️ 约束: 只读
└─────────────────────────────────────────

[90mstdout[2m | packages/cli/tests/plan-executor.test.ts[2m > [22m[2mclarifyAndConfirm — 意图明晰化确认循环[2m > [22m[2m「是的，而且需要额外注意」确认+补充
[22m[39m
┌─ 意图确认 ─────────────────────────────
│ 🎯 目标: 分析用户模块数据流
│ 🔬 类型: 分析
│ 📂 范围: controller/service/dao
│ ⚠️ 约束: 只读
└─────────────────────────────────────────
📝 已确认并记录补充说明。

[90mstdout[2m | packages/cli/tests/plan-executor.test.ts[2m > [22m[2mclarifyAndConfirm — 意图明晰化确认循环[2m > [22m[2m「对，注意安全」确认+补充
[22m[39m
┌─ 意图确认 ─────────────────────────────
│ 🎯 目标: 分析用户模块数据流
│ 🔬 类型: 分析
│ 📂 范围: controller/service/dao
│ ⚠️ 约束: 只读
└─────────────────────────────────────────
📝 已确认并记录补充说明。

[90mstdout[2m | packages/cli/tests/plan-executor.test.ts[2m > [22m[2mclarifyAndConfirm — 意图明晰化确认循环[2m > [22m[2m「可以」等同确认
[22m[39m
┌─ 意图确认 ─────────────────────────────
│ 🎯 目标: 分析用户模块数据流
│ 🔬 类型: 分析
│ 📂 范围: controller/service/dao
│ ⚠️ 约束: 只读
└─────────────────────────────────────────

[90mstdout[2m | packages/cli/tests/plan-executor.test.ts[2m > [22m[2mclarifyAndConfirm — 意图明晰化确认循环[2m > [22m[2m「确认」等同 .yes
[22m[39m
┌─ 意图确认 ─────────────────────────────
│ 🎯 目标: 分析用户模块数据流
│ 🔬 类型: 分析
│ 📂 范围: controller/service/dao
│ ⚠️ 约束: 只读
└─────────────────────────────────────────

[90mstdout[2m | packages/cli/tests/plan-executor.test.ts[2m > [22m[2mclarifyAndConfirm — 意图明晰化确认循环[2m > [22m[2m「嗯嗯」等同确认
[22m[39m
┌─ 意图确认 ─────────────────────────────
│ 🎯 目标: 分析用户模块数据流
│ 🔬 类型: 分析
│ 📂 范围: controller/service/dao
│ ⚠️ 约束: 只读
└─────────────────────────────────────────

[90mstdout[2m | packages/cli/tests/plan-executor.test.ts[2m > [22m[2mclarifyAndConfirm — 意图明晰化确认循环[2m > [22m[2m非确认词如「改成分析 controller」算修正
[22m[39m
┌─ 意图确认 ─────────────────────────────
│ 🎯 目标: 分析用户模块数据流
│ 🔬 类型: 分析
│ 📂 范围: controller/service/dao
│ ⚠️ 约束: 只读
└─────────────────────────────────────────
📝 已修正意图，重新确认…

┌─ 意图确认 ─────────────────────────────
│ 🎯 目标: 分析用户模块数据流
│ 🔬 类型: 分析
│ 📂 范围: controller/service/dao
│ ⚠️ 约束: 只读
└─────────────────────────────────────────

[90mstdout[2m | packages/cli/tests/plan-executor.test.ts[2m > [22m[2mclarifyAndConfirm — 意图明晰化确认循环[2m > [22m[2m用户输入 .reject 返回 null
[22m[39m
┌─ 意图确认 ─────────────────────────────
│ 🎯 目标: 分析用户模块数据流
│ 🔬 类型: 分析
│ 📂 范围: controller/service/dao
│ ⚠️ 约束: 只读
└─────────────────────────────────────────
🛑 已取消。

[90mstdout[2m | packages/cli/tests/plan-executor.test.ts[2m > [22m[2mclarifyAndConfirm — 意图明晰化确认循环[2m > [22m[2m用户输入修正意图后重新确认
[22m[39m
┌─ 意图确认 ─────────────────────────────
│ 🎯 目标: 分析用户模块数据流
│ 🔬 类型: 分析
│ 📂 范围: controller/service/dao
│ ⚠️ 约束: 只读
└─────────────────────────────────────────
📝 已修正意图，重新确认…

┌─ 意图确认 ─────────────────────────────
│ 🎯 目标: 分析用户模块数据流
│ 🔬 类型: 分析
│ 📂 范围: controller/service/dao
│ ⚠️ 约束: 只读
└─────────────────────────────────────────

[90mstdout[2m | packages/cli/tests/plan-executor.test.ts[2m > [22m[2mclarifyAndConfirm — 意图明晰化确认循环[2m > [22m[2m三次未确认后强制返回最后意图
[22m[39m
┌─ 意图确认 ─────────────────────────────
│ 🎯 目标: 分析用户模块数据流
│ 🔬 类型: 分析
│ 📂 范围: controller/service/dao
│ ⚠️ 约束: 只读
└─────────────────────────────────────────
📝 已修正意图，重新确认…

┌─ 意图确认 ─────────────────────────────
│ 🎯 目标: 分析用户模块数据流
│ 🔬 类型: 分析
│ 📂 范围: controller/service/dao
│ ⚠️ 约束: 只读
└─────────────────────────────────────────
📝 已修正意图，重新确认…

┌─ 意图确认 ─────────────────────────────
│ 🎯 目标: 分析用户模块数据流
│ 🔬 类型: 分析
│ 📂 范围: controller/service/dao
│ ⚠️ 约束: 只读
└─────────────────────────────────────────
📝 已修正意图，重新确认…
⚠️ 多次修正未确认，直接使用最后意图进入规划。

 [32m✓[39m packages/cli/tests/plan-executor.test.ts [2m([22m[2m37 tests[22m[2m)[22m[90m 44[2mms[22m[39m
[90mstdout[2m | packages/engine/tests/memory-pipeline.test.ts[2m > [22m[2mexecuteWithMemoryPipeline (without memory)[2m > [22m[2mshould execute without memory
[22m[39m  🔁 [ReAct-code#0] 启动——maxLoops=64, timeout=300000ms, tools=8个
  🔁 [ReAct-code#1] 🛰️  调用 LLM (mock-model)——上下文 3 条消息，工具 8 个...
  📝 [ReAct-code#1] 文本响应: Task completed.
  🔁 [ReAct-code#1] ✅ LLM 响应耗时 0ms——工具调用 0 个
  🔁 [ReAct-code#1] 🛑 无工具调用，本轮结束——output=Task completed.
  🔁 [ReAct-code#1] 🏁 循环结束——耗时 1ms, loops=1/64, success=true

[90mstdout[2m | packages/engine/tests/memory-pipeline.test.ts[2m > [22m[2mexecuteWithMemoryPipeline (without memory)[2m > [22m[2mshould report ReAct crash error
[22m[39m  🔁 [ReAct-code#0] 启动——maxLoops=64, timeout=300000ms, tools=8个
  🔁 [ReAct-code#1] 🛰️  调用 LLM (mock-model)——上下文 3 条消息，工具 8 个...
  🔁 [ReAct-code#1] 💥 崩溃: Error: LLM timeout

 [32m✓[39m packages/engine/tests/topological-sort-edge.test.ts [2m([22m[2m16 tests[22m[2m)[22m[90m 19[2mms[22m[39m
 [32m✓[39m packages/engine/tests/pipeline-observer-reporting.test.ts [2m([22m[2m6 tests[22m[2m)[22m[90m 14[2mms[22m[39m
[90mstderr[2m | packages/engine/tests/bootstrap-integration.test.ts[2m > [22m[2mT1: bootstrapEngine 启动全流水线[2m > [22m[2m所有核心组件创建成功
[22m[39m[ConsistencyLayer] InitVerifier 已显式禁用 (enableInitVerifier=false)。记忆-现实一致性校验（六层防御第一道防线）将不生效。

 [32m✓[39m packages/engine/tests/rlm-decompose.test.ts [2m([22m[2m35 tests[22m[2m)[22m[90m 44[2mms[22m[39m
 [32m✓[39m packages/engine/tests/skill-executor.test.ts [2m([22m[2m35 tests[22m[2m)[22m[90m 26[2mms[22m[39m
 [32m✓[39m packages/engine/tests/skill-registry.test.ts [2m([22m[2m18 tests[22m[2m)[22m[90m 39[2mms[22m[39m
[90mstdout[2m | packages/engine/tests/e2e/mcp-adapter-validation.test.ts[2m > [22m[2mMCP Adapter Validation — 无鉴权生态测试[2m > [22m[2mServer: filesystem (复杂嵌套 Schema——anyOf/oneOf、file_path/content | 14 tools)
[22m[39m  ✅ filesystem 已连接——14 个工具

[90mstderr[2m | packages/engine/tests/meta-agent.test.ts[2m > [22m[2mMetaAgent[2m > [22m[2mLLM 输出非 JSON 时返回兜底单节点
[22m[39m[meta-agent] JSON 解析失败 (68 chars)，回退为单 generic 节点。原始输出前200字: I think this task should be done in one step: just add the function.

[90mstdout[2m | packages/engine/tests/e2e/mcp-adapter-validation.test.ts[2m > [22m[2mMCP Adapter Validation — 无鉴权生态测试[2m > [22m[2mServer: filesystem (复杂嵌套 Schema——anyOf/oneOf、file_path/content | 14 tools)[2m > [22m[2m[E] 采样执行: list_directory
[22m[39m  📤 list_directory → [FILE] hello.txt

 [32m✓[39m packages/engine/tests/meta-agent.test.ts [2m([22m[2m10 tests[22m[2m)[22m[90m 16[2mms[22m[39m
 [32m✓[39m packages/engine/tests/density-compress.test.ts [2m([22m[2m26 tests[22m[2m)[22m[90m 17[2mms[22m[39m
 [32m✓[39m packages/engine/tests/skill-system-integration.test.ts [2m([22m[2m7 tests[22m[2m)[22m[90m 14[2mms[22m[39m
 [32m✓[39m packages/engine/tests/skill-extractor.test.ts [2m([22m[2m18 tests[22m[2m)[22m[90m 16[2mms[22m[39m
 [32m✓[39m packages/engine/tests/amendment-judge.test.ts [2m([22m[2m11 tests[22m[2m)[22m[90m 16[2mms[22m[39m
[90mstdout[2m | packages/engine/tests/inspector-agent.test.ts[2m > [22m[2mInspectorAgent[2m > [22m[2mexecute 期间为 Active，完成后回 Awake
[22m[39m  🔁 [ReAct-inspector#0] 启动——maxLoops=48, timeout=300000ms, tools=7个
  🔁 [ReAct-inspector#1] 🛰️  调用 LLM (mock-chat)——上下文 3 条消息，工具 7 个...
  📝 [ReAct-inspector#1] 文本响应: Gathering file information...
  🔁 [ReAct-inspector#1] ✅ LLM 响应耗时 0ms——工具调用 1 个
  🔁 [ReAct-inspector#1] 🔧 执行工具 read_file
  🔁 [ReAct-inspector#1] 🔧 read_file → ❌ 失败: 文件不存在: D:\proj\src\userService.ts
  🔁 [ReAct-inspector#2] 🛰️  调用 LLM (mock-chat)——上下文 5 条消息，工具 7 个...
  📝 [ReAct-inspector#2] 文本响应: Searching for references...
  🔁 [ReAct-inspector#2] ✅ LLM 响应耗时 0ms——工具调用 1 个
  🔁 [ReAct-inspector#2] 🔧 执行工具 search_code
  🔁 [ReAct-inspector#2] 🔧 search_code → ❌ 失败: search_code: rg 不可用。请使用 list_files 列出目录 + read_file 读取具体文件。
  🔁 [ReAct-inspector#3] 🛰️  调用 LLM (mock-chat)——上下文 7 条消息，工具 7 个...
  📝 [ReAct-inspector#3] 文本响应: ## 事实报告

- `/proj/src/userService.ts` 导出了 `createUser`, `getUser`, `updateUser` 三个函数
- `userService` 被 14 个文件引用
- 没有发现循环依赖
- `tsc --noEmit` 通过，零类型错误
  🔁 [ReAct-inspector#3] ✅ LLM 响应耗时 0ms——工具调用 0 个
  🔁 [ReAct-inspector#3] 🛑 无工具调用，本轮结束——output=## 事实报告

- `/proj/src/userService.ts` 导出了 `createUser`, `getUser`, `updateUser` 三个函数
- `userService`
  🔁 [ReAct-inspector#3] 🏁 循环结束——耗时 10ms, loops=3/48, success=true

 [32m✓[39m packages/engine/tests/amendment-timeout.test.ts [2m([22m[2m14 tests[22m[2m)[22m[90m 114[2mms[22m[39m
 [32m✓[39m packages/engine/tests/governance-loop.test.ts [2m([22m[2m16 tests[22m[2m)[22m[90m 249[2mms[22m[39m
[90mstdout[2m | packages/engine/tests/inspector-agent.test.ts[2m > [22m[2mInspectorAgent[2m > [22m[2m执行检查任务：允许的工具 → 采集 → 输出纯事实报告
[22m[39m  🔁 [ReAct-inspector#0] 启动——maxLoops=48, timeout=300000ms, tools=7个
  🔁 [ReAct-inspector#1] 🛰️  调用 LLM (mock-chat)——上下文 3 条消息，工具 7 个...
  📝 [ReAct-inspector#1] 文本响应: ## 事实报告

- `/proj/src/userService.ts` 导出了 `createUser`, `getUser`, `updateUser` 三个函数
- `userService` 被 14 个文件引用
- 没有发现循环依赖
- `tsc --noEmit` 通过，零类型错误
  🔁 [ReAct-inspector#1] ✅ LLM 响应耗时 0ms——工具调用 0 个
  🔁 [ReAct-inspector#1] 🛑 无工具调用，本轮结束——output=## 事实报告

- `/proj/src/userService.ts` 导出了 `createUser`, `getUser`, `updateUser` 三个函数
- `userService`
  🔁 [ReAct-inspector#1] 🏁 循环结束——耗时 0ms, loops=1/48, success=true

[90mstdout[2m | packages/engine/tests/inspector-agent.test.ts[2m > [22m[2mInspectorAgent[2m > [22m[2mInspector 无权调用 write_file——Toolkit 权限层拦截
[22m[39m  🔁 [ReAct-inspector#0] 启动——maxLoops=48, timeout=300000ms, tools=7个
  🔁 [ReAct-inspector#1] 🛰️  调用 LLM (mock-chat)——上下文 3 条消息，工具 7 个...
  📝 [ReAct-inspector#1] 文本响应: Let me write something...
  🔁 [ReAct-inspector#1] ✅ LLM 响应耗时 0ms——工具调用 1 个
  🔁 [ReAct-inspector#1] 🔧 执行工具 write_file
  🔁 [ReAct-inspector#1] 🔧 write_file → ✅ 成功 (2ms)
  🔁 [ReAct-inspector#2] 🛰️  调用 LLM (mock-chat)——上下文 5 条消息，工具 7 个...
  📝 [ReAct-inspector#2] 文本响应: Let me write something...
  🔁 [ReAct-inspector#2] ✅ LLM 响应耗时 0ms——工具调用 1 个
  🔁 [ReAct-inspector#2] 🔧 执行工具 write_file
  🔁 [ReAct-inspector#2] 🔧 write_file → ✅ 成功 (1ms)
  🔁 [ReAct-inspector#3] 🛰️  调用 LLM (mock-chat)——上下文 7 条消息，工具 7 个...
  📝 [ReAct-inspector#3] 文本响应: Let me write something...
  🔁 [ReAct-inspector#3] ✅ LLM 响应耗时 0ms——工具调用 1 个
  🔁 [ReAct-inspector#3] 🔧 执行工具 write_file
  🔁 [ReAct-inspector#3] 🔧 write_file → ✅ 成功 (1ms)
  🔁 [ReAct-inspector#4] 🛰️  调用 LLM (mock-chat)——上下文 9 条消息，工具 7 个...
  📝 [ReAct-inspector#4] 文本响应: Let me write something...
  🔁 [ReAct-inspector#4] ✅ LLM 响应耗时 0ms——工具调用 1 个
  🔁 [ReAct-inspector#4] 🔧 执行工具 write_file
  🔁 [ReAct-inspector#4] 🔧 write_file → ✅ 成功 (2ms)
  🔁 [ReAct-inspector#5] 🛰️  调用 LLM (mock-chat)——上下文 11 条消息，工具 7 个...
  📝 [ReAct-inspector#5] 文本响应: Let me write something...
  🔁 [ReAct-inspector#5] ✅ LLM 响应耗时 0ms——工具调用 1 个
  🔁 [ReAct-inspector#5] 🔧 执行工具 write_file
  🔁 [ReAct-inspector#5] 🔧 write_file → ✅ 成功 (1ms)
  🔁 [ReAct-inspector#6] 🛰️  调用 LLM (mock-chat)——上下文 13 条消息，工具 7 个...
  📝 [ReAct-inspector#6] 文本响应: Let me write something...
  🔁 [ReAct-inspector#6] ✅ LLM 响应耗时 0ms——工具调用 1 个
  🔁 [ReAct-inspector#6] 🔧 执行工具 write_file
  🔁 [ReAct-inspector#6] 🔧 write_file → ✅ 成功 (1ms)
  🔁 [ReAct-inspector#7] 🛰️  调用 LLM (mock-chat)——上下文 15 条消息，工具 7 个...
  📝 [ReAct-inspector#7] 文本响应: Let me write something...
  🔁 [ReAct-inspector#7] ✅ LLM 响应耗时 0ms——工具调用 1 个
  🔁 [ReAct-inspector#7] 🔧 执行工具 write_file
  🔁 [ReAct-inspector#7] 🔧 write_file → ✅ 成功 (1ms)
  🔁 [ReAct-inspector#8] 🛰️  调用 LLM (mock-chat)——上下文 17 条消息，工具 7 个...
  📝 [ReAct-inspector#8] 文本响应: Let me write something...
  🔁 [ReAct-inspector#8] ✅ LLM 响应耗时 0ms——工具调用 1 个
  🔁 [ReAct-inspector#8] 🔧 执行工具 write_file
  🔁 [ReAct-inspector#8] 🔧 write_file → ✅ 成功 (4ms)
  🔁 [ReAct-inspector#9] 🛰️  调用 LLM (mock-chat)——上下文 19 条消息，工具 7 个...
  📝 [ReAct-inspector#9] 文本响应: Let me write something...
  🔁 [ReAct-inspector#9] ✅ LLM 响应耗时 0ms——工具调用 1 个
  🔁 [ReAct-inspector#9] 🔧 执行工具 write_file
  🔁 [ReAct-inspector#9] 🔧 write_file → ✅ 成功 (1ms)
  🔁 [ReAct-inspector#10] 🛰️  调用 LLM (mock-chat)——上下文 21 条消息，工具 7 个...
  📝 [ReAct-inspector#10] 文本响应: Let me write something...
  🔁 [ReAct-inspector#10] ✅ LLM 响应耗时 0ms——工具调用 1 个
  🔁 [ReAct-inspector#10] 🔧 执行工具 write_file
  🔁 [ReAct-inspector#10] 🔧 write_file → ✅ 成功 (1ms)
  🔁 [ReAct-inspector#11] 🛰️  调用 LLM (mock-chat)——上下文 23 条消息，工具 7 个...
  📝 [ReAct-inspector#11] 文本响应: Let me write something...
  🔁 [ReAct-inspector#11] ✅ LLM 响应耗时 0ms——工具调用 1 个
  🔁 [ReAct-inspector#11] 🔧 执行工具 write_file
  🔁 [ReAct-inspector#11] 🔧 write_file → ✅ 成功 (0ms)
  🔁 [ReAct-inspector#12] 🛰️  调用 LLM (mock-chat)——上下文 25 条消息，工具 7 个...
  📝 [ReAct-inspector#12] 文本响应: Let me write something...
  🔁 [ReAct-inspector#12] ✅ LLM 响应耗时 0ms——工具调用 1 个
  🔁 [ReAct-inspector#12] 🔧 执行工具 write_file
  🔁 [ReAct-inspector#12] 🔧 write_file → ✅ 成功 (1ms)
  🔁 [ReAct-inspector#13] 🛰️  调用 LLM (mock-chat)——上下文 27 条消息，工具 7 个...
  📝 [ReAct-inspector#13] 文本响应: Let me write something...
  🔁 [ReAct-inspector#13] ✅ LLM 响应耗时 0ms——工具调用 1 个
  🔁 [ReAct-inspector#13] 🔧 执行工具 write_file
  🔁 [ReAct-inspector#13] 🔧 write_file → ✅ 成功 (1ms)
  🔁 [ReAct-inspector#14] 🛰️  调用 LLM (mock-chat)——上下文 29 条消息，工具 7 个...
  📝 [ReAct-inspector#14] 文本响应: Let me write something...
  🔁 [ReAct-inspector#14] ✅ LLM 响应耗时 0ms——工具调用 1 个
  🔁 [ReAct-inspector#14] 🔧 执行工具 write_file
  🔁 [ReAct-inspector#14] 🔧 write_file → ✅ 成功 (1ms)
  🔁 [ReAct-inspector#15] 🛰️  调用 LLM (mock-chat)——上下文 31 条消息，工具 7 个...
  📝 [ReAct-inspector#15] 文本响应: Let me write something...
  🔁 [ReAct-inspector#15] ✅ LLM 响应耗时 0ms——工具调用 1 个
  🔁 [ReAct-inspector#15] 🔧 执行工具 write_file
  🔁 [ReAct-inspector#15] 🔧 write_file → ✅ 成功 (1ms)
  🔁 [ReAct-inspector#16] 🛰️  调用 LLM (mock-chat)——上下文 33 条消息，工具 7 个...
  📝 [ReAct-inspector#16] 文本响应: Let me write something...
  🔁 [ReAct-inspector#16] ✅ LLM 响应耗时 0ms——工具调用 1 个
  🔁 [ReAct-inspector#16] 🔧 执行工具 write_file
  🔁 [ReAct-inspector#16] 🔧 write_file → ✅ 成功 (1ms)
  🔁 [ReAct-inspector#17] 🛰️  调用 LLM (mock-chat)——上下文 35 条消息，工具 7 个...
  📝 [ReAct-inspector#17] 文本响应: Let me write something...
  🔁 [ReAct-inspector#17] ✅ LLM 响应耗时 0ms——工具调用 1 个
  🔁 [ReAct-inspector#17] 🔧 执行工具 write_file
  🔁 [ReAct-inspector#17] 🔧 write_file → ✅ 成功 (0ms)
  🔁 [ReAct-inspector#18] 🛰️  调用 LLM (mock-chat)——上下文 37 条消息，工具 7 个...
  📝 [ReAct-inspector#18] 文本响应: Let me write something...
  🔁 [ReAct-inspector#18] ✅ LLM 响应耗时 0ms——工具调用 1 个
  🔁 [ReAct-inspector#18] 🔧 执行工具 write_file
  🔁 [ReAct-inspector#18] 🔧 write_file → ✅ 成功 (0ms)
  🔁 [ReAct-inspector#19] 🛰️  调用 LLM (mock-chat)——上下文 39 条消息，工具 7 个...
  📝 [ReAct-inspector#19] 文本响应: Let me write something...
  🔁 [ReAct-inspector#19] ✅ LLM 响应耗时 0ms——工具调用 1 个
  🔁 [ReAct-inspector#19] 🔧 执行工具 write_file
  🔁 [ReAct-inspector#19] 🔧 write_file → ✅ 成功 (1ms)
  🔁 [ReAct-inspector#20] 🛰️  调用 LLM (mock-chat)——上下文 41 条消息，工具 7 个...
  📝 [ReAct-inspector#20] 文本响应: Let me write something...
  🔁 [ReAct-inspector#20] ✅ LLM 响应耗时 0ms——工具调用 1 个
  🔁 [ReAct-inspector#20] 🔧 执行工具 write_file
  🔁 [ReAct-inspector#20] 🔧 write_file → ✅ 成功 (1ms)
  🔁 [ReAct-inspector#21] 🛰️  调用 LLM (mock-chat)——上下文 43 条消息，工具 7 个...
  📝 [ReAct-inspector#21] 文本响应: Let me write something...
  🔁 [ReAct-inspector#21] ✅ LLM 响应耗时 0ms——工具调用 1 个
  🔁 [ReAct-inspector#21] 🔧 执行工具 write_file
  🔁 [ReAct-inspector#21] 🔧 write_file → ✅ 成功 (1ms)
  🔁 [ReAct-inspector#22] 🛰️  调用 LLM (mock-chat)——上下文 45 条消息，工具 7 个...
  📝 [ReAct-inspector#22] 文本响应: Let me write something...
  🔁 [ReAct-inspector#22] ✅ LLM 响应耗时 0ms——工具调用 1 个
  🔁 [ReAct-inspector#22] 🔧 执行工具 write_file
  🔁 [ReAct-inspector#22] 🔧 write_file → ✅ 成功 (0ms)
  🔁 [ReAct-inspector#23] 🛰️  调用 LLM (mock-chat)——上下文 47 条消息，工具 7 个...
  📝 [ReAct-inspector#23] 文本响应: Let me write something...
  🔁 [ReAct-inspector#23] ✅ LLM 响应耗时 0ms——工具调用 1 个
  🔁 [ReAct-inspector#23] 🔧 执行工具 write_file
  🔁 [ReAct-inspector#23] 🔧 write_file → ✅ 成功 (1ms)
  🔁 [ReAct-inspector#24] 🛰️  调用 LLM (mock-chat)——上下文 49 条消息，工具 7 个...
  📝 [ReAct-inspector#24] 文本响应: Let me write something...
  🔁 [ReAct-inspector#24] ✅ LLM 响应耗时 0ms——工具调用 1 个
  🔁 [ReAct-inspector#24] 🔧 执行工具 write_file
  🔁 [ReAct-inspector#24] 🔧 write_file → ✅ 成功 (1ms)
  🔁 [ReAct-inspector#25] 🛰️  调用 LLM (mock-chat)——上下文 51 条消息，工具 7 个...
  📝 [ReAct-inspector#25] 文本响应: Let me write something...
  🔁 [ReAct-inspector#25] ✅ LLM 响应耗时 0ms——工具调用 1 个
  🔁 [ReAct-inspector#25] 🔧 执行工具 write_file
  🔁 [ReAct-inspector#25] 🔧 write_file → ✅ 成功 (1ms)
  🔁 [ReAct-inspector#26] 🛰️  调用 LLM (mock-chat)——上下文 53 条消息，工具 7 个...
  📝 [ReAct-inspector#26] 文本响应: Let me write something...
  🔁 [ReAct-inspector#26] ✅ LLM 响应耗时 0ms——工具调用 1 个
  🔁 [ReAct-inspector#26] 🔧 执行工具 write_file
  🔁 [ReAct-inspector#26] 🔧 write_file → ✅ 成功 (0ms)
  🔁 [ReAct-inspector#27] 🛰️  调用 LLM (mock-chat)——上下文 55 条消息，工具 7 个...
  📝 [ReAct-inspector#27] 文本响应: Let me write something...
  🔁 [ReAct-inspector#27] ✅ LLM 响应耗时 0ms——工具调用 1 个
  🔁 [ReAct-inspector#27] 🔧 执行工具 write_file
  🔁 [ReAct-inspector#27] 🔧 write_file → ✅ 成功 (0ms)
  🔁 [ReAct-inspector#28] 🛰️  调用 LLM (mock-chat)——上下文 57 条消息，工具 7 个...
  📝 [ReAct-inspector#28] 文本响应: Let me write something...
  🔁 [ReAct-inspector#28] ✅ LLM 响应耗时 0ms——工具调用 1 个
  🔁 [ReAct-inspector#28] 🔧 执行工具 write_file
  🔁 [ReAct-inspector#28] 🔧 write_file → ✅ 成功 (1ms)
  🔁 [ReAct-inspector#29] 🛰️  调用 LLM (mock-chat)——上下文 59 条消息，工具 7 个...
  📝 [ReAct-inspector#29] 文本响应: Let me write something...
  🔁 [ReAct-inspector#29] ✅ LLM 响应耗时 0ms——工具调用 1 个
  🔁 [ReAct-inspector#29] 🔧 执行工具 write_file
  🔁 [ReAct-inspector#29] 🔧 write_file → ✅ 成功 (1ms)
  🔁 [ReAct-inspector#30] 🛰️  调用 LLM (mock-chat)——上下文 61 条消息，工具 7 个...
  📝 [ReAct-inspector#30] 文本响应: Let me write something...
  🔁 [ReAct-inspector#30] ✅ LLM 响应耗时 0ms——工具调用 1 个
  🔁 [ReAct-inspector#30] 🔧 执行工具 write_file
  🔁 [ReAct-inspector#30] 🔧 write_file → ✅ 成功 (1ms)
  🔁 [ReAct-inspector#31] 🛰️  调用 LLM (mock-chat)——上下文 63 条消息，工具 7 个...
  📝 [ReAct-inspector#31] 文本响应: Let me write something...
  🔁 [ReAct-inspector#31] ✅ LLM 响应耗时 0ms——工具调用 1 个
  🔁 [ReAct-inspector#31] 🔧 执行工具 write_file
  🔁 [ReAct-inspector#31] 🔧 write_file → ✅ 成功 (1ms)
  🔁 [ReAct-inspector#32] 🛰️  调用 LLM (mock-chat)——上下文 65 条消息，工具 7 个...
  📝 [ReAct-inspector#32] 文本响应: Let me write something...
  🔁 [ReAct-inspector#32] ✅ LLM 响应耗时 0ms——工具调用 1 个
  🔁 [ReAct-inspector#32] 🔧 执行工具 write_file
  🔁 [ReAct-inspector#32] 🔧 write_file → ✅ 成功 (1ms)
  🔁 [ReAct-inspector#33] 🛰️  调用 LLM (mock-chat)——上下文 67 条消息，工具 7 个...
  📝 [ReAct-inspector#33] 文本响应: Let me write something...
  🔁 [ReAct-inspector#33] ✅ LLM 响应耗时 0ms——工具调用 1 个
  🔁 [ReAct-inspector#33] 🔧 执行工具 write_file
  🔁 [ReAct-inspector#33] 🔧 write_file → ✅ 成功 (0ms)
  🔁 [ReAct-inspector#34] 🛰️  调用 LLM (mock-chat)——上下文 69 条消息，工具 7 个...
  📝 [ReAct-inspector#34] 文本响应: Let me write something...
  🔁 [ReAct-inspector#34] ✅ LLM 响应耗时 0ms——工具调用 1 个
  🔁 [ReAct-inspector#34] 🔧 执行工具 write_file
  🔁 [ReAct-inspector#34] 🔧 write_file → ✅ 成功 (1ms)
  🔁 [ReAct-inspector#35] 🛰️  调用 LLM (mock-chat)——上下文 71 条消息，工具 7 个...
  📝 [ReAct-inspector#35] 文本响应: Let me write something...
  🔁 [ReAct-inspector#35] ✅ LLM 响应耗时 0ms——工具调用 1 个
  🔁 [ReAct-inspector#35] 🔧 执行工具 write_file
  🔁 [ReAct-inspector#35] 🔧 write_file → ✅ 成功 (1ms)
  🔁 [ReAct-inspector#36] 🛰️  调用 LLM (mock-chat)——上下文 73 条消息，工具 7 个...
  📝 [ReAct-inspector#36] 文本响应: Let me write something...
  🔁 [ReAct-inspector#36] ✅ LLM 响应耗时 0ms——工具调用 1 个
  🔁 [ReAct-inspector#36] 🔧 执行工具 write_file
  🔁 [ReAct-inspector#36] 🔧 write_file → ✅ 成功 (1ms)
  🔁 [ReAct-inspector#37] 🛰️  调用 LLM (mock-chat)——上下文 75 条消息，工具 7 个...
  📝 [ReAct-inspector#37] 文本响应: Let me write something...
  🔁 [ReAct-inspector#37] ✅ LLM 响应耗时 0ms——工具调用 1 个
  🔁 [ReAct-inspector#37] 🔧 执行工具 write_file
  🔁 [ReAct-inspector#37] 🔧 write_file → ✅ 成功 (1ms)
  🔁 [ReAct-inspector#38] 🛰️  调用 LLM (mock-chat)——上下文 77 条消息，工具 7 个...
  📝 [ReAct-inspector#38] 文本响应: Let me write something...
  🔁 [ReAct-inspector#38] ✅ LLM 响应耗时 0ms——工具调用 1 个
  🔁 [ReAct-inspector#38] 🔧 执行工具 write_file
  🔁 [ReAct-inspector#38] 🔧 write_file → ✅ 成功 (1ms)
  🔁 [ReAct-inspector#39] 🛰️  调用 LLM (mock-chat)——上下文 79 条消息，工具 7 个...
  📝 [ReAct-inspector#39] 文本响应: Let me write something...
  🔁 [ReAct-inspector#39] ✅ LLM 响应耗时 0ms——工具调用 1 个
  🔁 [ReAct-inspector#39] 🔧 执行工具 write_file
  🔁 [ReAct-inspector#39] 🔧 write_file → ✅ 成功 (1ms)
  🔁 [ReAct-inspector#40] 🛰️  调用 LLM (mock-chat)——上下文 81 条消息，工具 7 个...
  📝 [ReAct-inspector#40] 文本响应: Let me write something...
  🔁 [ReAct-inspector#40] ✅ LLM 响应耗时 0ms——工具调用 1 个
  🔁 [ReAct-inspector#40] 🔧 执行工具 write_file
  🔁 [ReAct-inspector#40] 🔧 write_file → ✅ 成功 (1ms)
  🔁 [ReAct-inspector#41] 🛰️  调用 LLM (mock-chat)——上下文 83 条消息，工具 7 个...
  📝 [ReAct-inspector#41] 文本响应: Let me write something...
  🔁 [ReAct-inspector#41] ✅ LLM 响应耗时 0ms——工具调用 1 个
  🔁 [ReAct-inspector#41] 🔧 执行工具 write_file
  🔁 [ReAct-inspector#41] 🔧 write_file → ✅ 成功 (1ms)
  🔁 [ReAct-inspector#42] 🛰️  调用 LLM (mock-chat)——上下文 85 条消息，工具 7 个...
  📝 [ReAct-inspector#42] 文本响应: Let me write something...
  🔁 [ReAct-inspector#42] ✅ LLM 响应耗时 0ms——工具调用 1 个
  🔁 [ReAct-inspector#42] 🔧 执行工具 write_file
  🔁 [ReAct-inspector#42] 🔧 write_file → ✅ 成功 (1ms)
  🔁 [ReAct-inspector#43] 🛰️  调用 LLM (mock-chat)——上下文 87 条消息，工具 7 个...
  📝 [ReAct-inspector#43] 文本响应: Let me write something...
  🔁 [ReAct-inspector#43] ✅ LLM 响应耗时 0ms——工具调用 1 个
  🔁 [ReAct-inspector#43] 🔧 执行工具 write_file
  🔁 [ReAct-inspector#43] 🔧 write_file → ✅ 成功 (1ms)
  🔁 [ReAct-inspector#44] 接近循环上限，注入截止提示
  🔁 [ReAct-inspector#44] 🛰️  调用 LLM (mock-chat)——上下文 90 条消息，工具 7 个...
  📝 [ReAct-inspector#44] 文本响应: Let me write something...
  🔁 [ReAct-inspector#44] ✅ LLM 响应耗时 0ms——工具调用 1 个
  🔁 [ReAct-inspector#44] 🔧 执行工具 write_file
  🔁 [ReAct-inspector#44] 🔧 write_file → ✅ 成功 (1ms)
  🔁 [ReAct-inspector#45] 🛰️  调用 LLM (mock-chat)——上下文 92 条消息，工具 7 个...
  📝 [ReAct-inspector#45] 文本响应: Let me write something...
  🔁 [ReAct-inspector#45] ✅ LLM 响应耗时 0ms——工具调用 1 个
  🔁 [ReAct-inspector#45] 🔧 执行工具 write_file
  🔁 [ReAct-inspector#45] 🔧 write_file → ✅ 成功 (0ms)
  🔁 [ReAct-inspector#46] 🛰️  调用 LLM (mock-chat)——上下文 94 条消息，工具 7 个...
  📝 [ReAct-inspector#46] 文本响应: Let me write something...
  🔁 [ReAct-inspector#46] ✅ LLM 响应耗时 0ms——工具调用 1 个
  🔁 [ReAct-inspector#46] 🔧 执行工具 write_file
  🔁 [ReAct-inspector#46] 🔧 write_file → ✅ 成功 (1ms)
  🔁 [ReAct-inspector#47] 🛰️  调用 LLM (mock-chat)——上下文 96 条消息，工具 7 个...
  📝 [ReAct-inspector#47] 文本响应: Let me write something...
  🔁 [ReAct-inspector#47] ✅ LLM 响应耗时 0ms——工具调用 1 个
  🔁 [ReAct-inspector#47] 🔧 执行工具 write_file
  🔁 [ReAct-inspector#47] 🔧 write_file → ✅ 成功 (0ms)
  🔁 [ReAct-inspector#48] 🛰️  调用 LLM (mock-chat)——上下文 98 条消息，工具 7 个...
  📝 [ReAct-inspector#48] 文本响应: Let me write something...
  🔁 [ReAct-inspector#48] ✅ LLM 响应耗时 0ms——工具调用 1 个
  🔁 [ReAct-inspector#48] 🔧 执行工具 write_file
  🔁 [ReAct-inspector#48] 🔧 write_file → ✅ 成功 (0ms)
  🔁 [ReAct-inspector#48] 🏁 循环结束——耗时 53ms, loops=48/48, success=false

[90mstdout[2m | packages/engine/tests/inspector-agent.test.ts[2m > [22m[2mInspectorAgent[2m > [22m[2m最多 5 轮循环——超限返回失败
[22m[39m  🔁 [ReAct-inspector#0] 启动——maxLoops=48, timeout=300000ms, tools=7个
  🔁 [ReAct-inspector#1] 🛰️  调用 LLM (mock-chat)——上下文 3 条消息，工具 7 个...
  📝 [ReAct-inspector#1] 文本响应: Need more data...
  🔁 [ReAct-inspector#1] ✅ LLM 响应耗时 0ms——工具调用 1 个
  🔁 [ReAct-inspector#1] 🔧 执行工具 search_code
  🔁 [ReAct-inspector#1] 🔧 search_code → ❌ 失败: search_code: rg 不可用。请使用 list_files 列出目录 + read_file 读取具体文件。
  🔁 [ReAct-inspector#2] 🛰️  调用 LLM (mock-chat)——上下文 5 条消息，工具 7 个...
  📝 [ReAct-inspector#2] 文本响应: Need more data...
  🔁 [ReAct-inspector#2] ✅ LLM 响应耗时 0ms——工具调用 1 个
  🔁 [ReAct-inspector#2] 🔧 执行工具 search_code
  🔁 [ReAct-inspector#2] 🔧 search_code → ❌ 失败: search_code: rg 不可用。请使用 list_files 列出目录 + read_file 读取具体文件。
  🔁 [ReAct-inspector#3] 🛰️  调用 LLM (mock-chat)——上下文 7 条消息，工具 7 个...
  📝 [ReAct-inspector#3] 文本响应: Need more data...
  🔁 [ReAct-inspector#3] ✅ LLM 响应耗时 0ms——工具调用 1 个
  🔁 [ReAct-inspector#3] 🔧 执行工具 search_code
  🔁 [ReAct-inspector#3] 🔧 search_code → ❌ 失败: search_code: rg 不可用。请使用 list_files 列出目录 + read_file 读取具体文件。
  🔁 [ReAct-inspector#4] 🛰️  调用 LLM (mock-chat)——上下文 9 条消息，工具 7 个...
  📝 [ReAct-inspector#4] 文本响应: Need more data...
  🔁 [ReAct-inspector#4] ✅ LLM 响应耗时 0ms——工具调用 1 个
  🔁 [ReAct-inspector#4] 🔧 执行工具 search_code
  🔁 [ReAct-inspector#4] 🔧 search_code → ❌ 失败: search_code: rg 不可用。请使用 list_files 列出目录 + read_file 读取具体文件。
  🔁 [ReAct-inspector#5] 🛰️  调用 LLM (mock-chat)——上下文 11 条消息，工具 7 个...
  📝 [ReAct-inspector#5] 文本响应: Need more data...
  🔁 [ReAct-inspector#5] ✅ LLM 响应耗时 0ms——工具调用 1 个
  🔁 [ReAct-inspector#5] 🔧 执行工具 search_code
  🔁 [ReAct-inspector#5] 🔧 search_code → ❌ 失败: search_code: rg 不可用。请使用 list_files 列出目录 + read_file 读取具体文件。
  🔁 [ReAct-inspector#6] 🛰️  调用 LLM (mock-chat)——上下文 13 条消息，工具 7 个...
  📝 [ReAct-inspector#6] 文本响应: Need more data...
  🔁 [ReAct-inspector#6] ✅ LLM 响应耗时 0ms——工具调用 1 个
  🔁 [ReAct-inspector#6] 🔧 执行工具 search_code
  🔁 [ReAct-inspector#6] 🔧 search_code → ❌ 失败: search_code: rg 不可用。请使用 list_files 列出目录 + read_file 读取具体文件。
  🔁 [ReAct-inspector#7] 🛰️  调用 LLM (mock-chat)——上下文 15 条消息，工具 7 个...
  📝 [ReAct-inspector#7] 文本响应: Need more data...
  🔁 [ReAct-inspector#7] ✅ LLM 响应耗时 0ms——工具调用 1 个
  🔁 [ReAct-inspector#7] 🔧 执行工具 search_code
  🔁 [ReAct-inspector#7] 🔧 search_code → ❌ 失败: search_code: rg 不可用。请使用 list_files 列出目录 + read_file 读取具体文件。
  🔁 [ReAct-inspector#8] 🛰️  调用 LLM (mock-chat)——上下文 17 条消息，工具 7 个...
  📝 [ReAct-inspector#8] 文本响应: Need more data...
  🔁 [ReAct-inspector#8] ✅ LLM 响应耗时 0ms——工具调用 1 个
  🔁 [ReAct-inspector#8] 🔧 执行工具 search_code
  🔁 [ReAct-inspector#8] 🔧 search_code → ❌ 失败: search_code: rg 不可用。请使用 list_files 列出目录 + read_file 读取具体文件。
  🔁 [ReAct-inspector#9] 🛰️  调用 LLM (mock-chat)——上下文 19 条消息，工具 7 个...
  📝 [ReAct-inspector#9] 文本响应: Need more data...
  🔁 [ReAct-inspector#9] ✅ LLM 响应耗时 0ms——工具调用 1 个
  🔁 [ReAct-inspector#9] 🔧 执行工具 search_code
  🔁 [ReAct-inspector#9] 🔧 search_code → ❌ 失败: search_code: rg 不可用。请使用 list_files 列出目录 + read_file 读取具体文件。
  🔁 [ReAct-inspector#10] 🛰️  调用 LLM (mock-chat)——上下文 21 条消息，工具 7 个...
  📝 [ReAct-inspector#10] 文本响应: Need more data...
  🔁 [ReAct-inspector#10] ✅ LLM 响应耗时 0ms——工具调用 1 个
  🔁 [ReAct-inspector#10] 🔧 执行工具 search_code
  🔁 [ReAct-inspector#10] 🔧 search_code → ❌ 失败: search_code: rg 不可用。请使用 list_files 列出目录 + read_file 读取具体文件。
  🔁 [ReAct-inspector#11] 🛰️  调用 LLM (mock-chat)——上下文 23 条消息，工具 7 个...
  📝 [ReAct-inspector#11] 文本响应: Need more data...
  🔁 [ReAct-inspector#11] ✅ LLM 响应耗时 0ms——工具调用 1 个
  🔁 [ReAct-inspector#11] 🔧 执行工具 search_code
  🔁 [ReAct-inspector#11] 🔧 search_code → ❌ 失败: search_code: rg 不可用。请使用 list_files 列出目录 + read_file 读取具体文件。
  🔁 [ReAct-inspector#12] 🛰️  调用 LLM (mock-chat)——上下文 25 条消息，工具 7 个...
  📝 [ReAct-inspector#12] 文本响应: Need more data...
  🔁 [ReAct-inspector#12] ✅ LLM 响应耗时 0ms——工具调用 1 个
  🔁 [ReAct-inspector#12] 🔧 执行工具 search_code
  🔁 [ReAct-inspector#12] 🔧 search_code → ❌ 失败: search_code: rg 不可用。请使用 list_files 列出目录 + read_file 读取具体文件。
  🔁 [ReAct-inspector#13] 🛰️  调用 LLM (mock-chat)——上下文 27 条消息，工具 7 个...
  📝 [ReAct-inspector#13] 文本响应: Need more data...
  🔁 [ReAct-inspector#13] ✅ LLM 响应耗时 0ms——工具调用 1 个
  🔁 [ReAct-inspector#13] 🔧 执行工具 search_code
  🔁 [ReAct-inspector#13] 🔧 search_code → ❌ 失败: search_code: rg 不可用。请使用 list_files 列出目录 + read_file 读取具体文件。
  🔁 [ReAct-inspector#14] 🛰️  调用 LLM (mock-chat)——上下文 29 条消息，工具 7 个...
  📝 [ReAct-inspector#14] 文本响应: Need more data...
  🔁 [ReAct-inspector#14] ✅ LLM 响应耗时 0ms——工具调用 1 个
  🔁 [ReAct-inspector#14] 🔧 执行工具 search_code
  🔁 [ReAct-inspector#14] 🔧 search_code → ❌ 失败: search_code: rg 不可用。请使用 list_files 列出目录 + read_file 读取具体文件。
  🔁 [ReAct-inspector#15] 🛰️  调用 LLM (mock-chat)——上下文 31 条消息，工具 7 个...
  📝 [ReAct-inspector#15] 文本响应: Need more data...
  🔁 [ReAct-inspector#15] ✅ LLM 响应耗时 0ms——工具调用 1 个
  🔁 [ReAct-inspector#15] 🔧 执行工具 search_code
  🔁 [ReAct-inspector#15] 🔧 search_code → ❌ 失败: search_code: rg 不可用。请使用 list_files 列出目录 + read_file 读取具体文件。
  🔁 [ReAct-inspector#16] 🛰️  调用 LLM (mock-chat)——上下文 33 条消息，工具 7 个...
  📝 [ReAct-inspector#16] 文本响应: Need more data...
  🔁 [ReAct-inspector#16] ✅ LLM 响应耗时 0ms——工具调用 1 个
  🔁 [ReAct-inspector#16] 🔧 执行工具 search_code
  🔁 [ReAct-inspector#16] 🔧 search_code → ❌ 失败: search_code: rg 不可用。请使用 list_files 列出目录 + read_file 读取具体文件。
  🔁 [ReAct-inspector#17] 🛰️  调用 LLM (mock-chat)——上下文 35 条消息，工具 7 个...
  📝 [ReAct-inspector#17] 文本响应: Need more data...
  🔁 [ReAct-inspector#17] ✅ LLM 响应耗时 0ms——工具调用 1 个
  🔁 [ReAct-inspector#17] 🔧 执行工具 search_code
  🔁 [ReAct-inspector#17] 🔧 search_code → ❌ 失败: search_code: rg 不可用。请使用 list_files 列出目录 + read_file 读取具体文件。
  🔁 [ReAct-inspector#18] 🛰️  调用 LLM (mock-chat)——上下文 37 条消息，工具 7 个...
  📝 [ReAct-inspector#18] 文本响应: Need more data...
  🔁 [ReAct-inspector#18] ✅ LLM 响应耗时 0ms——工具调用 1 个
  🔁 [ReAct-inspector#18] 🔧 执行工具 search_code
  🔁 [ReAct-inspector#18] 🔧 search_code → ❌ 失败: search_code: rg 不可用。请使用 list_files 列出目录 + read_file 读取具体文件。
  🔁 [ReAct-inspector#19] 🛰️  调用 LLM (mock-chat)——上下文 39 条消息，工具 7 个...
  📝 [ReAct-inspector#19] 文本响应: Need more data...
  🔁 [ReAct-inspector#19] ✅ LLM 响应耗时 0ms——工具调用 1 个
  🔁 [ReAct-inspector#19] 🔧 执行工具 search_code
  🔁 [ReAct-inspector#19] 🔧 search_code → ❌ 失败: search_code: rg 不可用。请使用 list_files 列出目录 + read_file 读取具体文件。
  🔁 [ReAct-inspector#20] 🛰️  调用 LLM (mock-chat)——上下文 41 条消息，工具 7 个...
  📝 [ReAct-inspector#20] 文本响应: Need more data...
  🔁 [ReAct-inspector#20] ✅ LLM 响应耗时 0ms——工具调用 1 个
  🔁 [ReAct-inspector#20] 🔧 执行工具 search_code
  🔁 [ReAct-inspector#20] 🔧 search_code → ❌ 失败: search_code: rg 不可用。请使用 list_files 列出目录 + read_file 读取具体文件。
  🔁 [ReAct-inspector#21] 🛰️  调用 LLM (mock-chat)——上下文 43 条消息，工具 7 个...
  📝 [ReAct-inspector#21] 文本响应: Need more data...
  🔁 [ReAct-inspector#21] ✅ LLM 响应耗时 0ms——工具调用 1 个
  🔁 [ReAct-inspector#21] 🔧 执行工具 search_code
  🔁 [ReAct-inspector#21] 🔧 search_code → ❌ 失败: search_code: rg 不可用。请使用 list_files 列出目录 + read_file 读取具体文件。
  🔁 [ReAct-inspector#22] 🛰️  调用 LLM (mock-chat)——上下文 45 条消息，工具 7 个...
  📝 [ReAct-inspector#22] 文本响应: Need more data...
  🔁 [ReAct-inspector#22] ✅ LLM 响应耗时 0ms——工具调用 1 个
  🔁 [ReAct-inspector#22] 🔧 执行工具 search_code
  🔁 [ReAct-inspector#22] 🔧 search_code → ❌ 失败: search_code: rg 不可用。请使用 list_files 列出目录 + read_file 读取具体文件。
  🔁 [ReAct-inspector#23] 🛰️  调用 LLM (mock-chat)——上下文 47 条消息，工具 7 个...
  📝 [ReAct-inspector#23] 文本响应: Need more data...
  🔁 [ReAct-inspector#23] ✅ LLM 响应耗时 0ms——工具调用 1 个
  🔁 [ReAct-inspector#23] 🔧 执行工具 search_code
  🔁 [ReAct-inspector#23] 🔧 search_code → ❌ 失败: search_code: rg 不可用。请使用 list_files 列出目录 + read_file 读取具体文件。
  🔁 [ReAct-inspector#24] 🛰️  调用 LLM (mock-chat)——上下文 49 条消息，工具 7 个...
  📝 [ReAct-inspector#24] 文本响应: Need more data...
  🔁 [ReAct-inspector#24] ✅ LLM 响应耗时 0ms——工具调用 1 个
  🔁 [ReAct-inspector#24] 🔧 执行工具 search_code
  🔁 [ReAct-inspector#24] 🔧 search_code → ❌ 失败: search_code: rg 不可用。请使用 list_files 列出目录 + read_file 读取具体文件。
  🔁 [ReAct-inspector#25] 🛰️  调用 LLM (mock-chat)——上下文 51 条消息，工具 7 个...
  📝 [ReAct-inspector#25] 文本响应: Need more data...
  🔁 [ReAct-inspector#25] ✅ LLM 响应耗时 0ms——工具调用 1 个
  🔁 [ReAct-inspector#25] 🔧 执行工具 search_code
  🔁 [ReAct-inspector#25] 🔧 search_code → ❌ 失败: search_code: rg 不可用。请使用 list_files 列出目录 + read_file 读取具体文件。
  🔁 [ReAct-inspector#26] 🛰️  调用 LLM (mock-chat)——上下文 53 条消息，工具 7 个...
  📝 [ReAct-inspector#26] 文本响应: Need more data...
  🔁 [ReAct-inspector#26] ✅ LLM 响应耗时 0ms——工具调用 1 个
  🔁 [ReAct-inspector#26] 🔧 执行工具 search_code
  🔁 [ReAct-inspector#26] 🔧 search_code → ❌ 失败: search_code: rg 不可用。请使用 list_files 列出目录 + read_file 读取具体文件。
  🔁 [ReAct-inspector#27] 🛰️  调用 LLM (mock-chat)——上下文 55 条消息，工具 7 个...
  📝 [ReAct-inspector#27] 文本响应: Need more data...
  🔁 [ReAct-inspector#27] ✅ LLM 响应耗时 0ms——工具调用 1 个
  🔁 [ReAct-inspector#27] 🔧 执行工具 search_code
  🔁 [ReAct-inspector#27] 🔧 search_code → ❌ 失败: search_code: rg 不可用。请使用 list_files 列出目录 + read_file 读取具体文件。
  🔁 [ReAct-inspector#28] 🛰️  调用 LLM (mock-chat)——上下文 57 条消息，工具 7 个...
  📝 [ReAct-inspector#28] 文本响应: Need more data...
  🔁 [ReAct-inspector#28] ✅ LLM 响应耗时 0ms——工具调用 1 个
  🔁 [ReAct-inspector#28] 🔧 执行工具 search_code
  🔁 [ReAct-inspector#28] 🔧 search_code → ❌ 失败: search_code: rg 不可用。请使用 list_files 列出目录 + read_file 读取具体文件。
  🔁 [ReAct-inspector#29] 🛰️  调用 LLM (mock-chat)——上下文 59 条消息，工具 7 个...
  📝 [ReAct-inspector#29] 文本响应: Need more data...
  🔁 [ReAct-inspector#29] ✅ LLM 响应耗时 0ms——工具调用 1 个
  🔁 [ReAct-inspector#29] 🔧 执行工具 search_code
  🔁 [ReAct-inspector#29] 🔧 search_code → ❌ 失败: search_code: rg 不可用。请使用 list_files 列出目录 + read_file 读取具体文件。
  🔁 [ReAct-inspector#30] 🛰️  调用 LLM (mock-chat)——上下文 61 条消息，工具 7 个...
  📝 [ReAct-inspector#30] 文本响应: Need more data...
  🔁 [ReAct-inspector#30] ✅ LLM 响应耗时 1ms——工具调用 1 个
  🔁 [ReAct-inspector#30] 🔧 执行工具 search_code
  🔁 [ReAct-inspector#30] 🔧 search_code → ❌ 失败: search_code: rg 不可用。请使用 list_files 列出目录 + read_file 读取具体文件。
  🔁 [ReAct-inspector#31] 🛰️  调用 LLM (mock-chat)——上下文 63 条消息，工具 7 个...
  📝 [ReAct-inspector#31] 文本响应: Need more data...
  🔁 [ReAct-inspector#31] ✅ LLM 响应耗时 0ms——工具调用 1 个
  🔁 [ReAct-inspector#31] 🔧 执行工具 search_code
  🔁 [ReAct-inspector#31] 🔧 search_code → ❌ 失败: search_code: rg 不可用。请使用 list_files 列出目录 + read_file 读取具体文件。
  🔁 [ReAct-inspector#32] 🛰️  调用 LLM (mock-chat)——上下文 65 条消息，工具 7 个...
  📝 [ReAct-inspector#32] 文本响应: Need more data...
  🔁 [ReAct-inspector#32] ✅ LLM 响应耗时 0ms——工具调用 1 个
  🔁 [ReAct-inspector#32] 🔧 执行工具 search_code
  🔁 [ReAct-inspector#32] 🔧 search_code → ❌ 失败: search_code: rg 不可用。请使用 list_files 列出目录 + read_file 读取具体文件。
  🔁 [ReAct-inspector#33] 🛰️  调用 LLM (mock-chat)——上下文 67 条消息，工具 7 个...
  📝 [ReAct-inspector#33] 文本响应: Need more data...
  🔁 [ReAct-inspector#33] ✅ LLM 响应耗时 0ms——工具调用 1 个
  🔁 [ReAct-inspector#33] 🔧 执行工具 search_code
  🔁 [ReAct-inspector#33] 🔧 search_code → ❌ 失败: search_code: rg 不可用。请使用 list_files 列出目录 + read_file 读取具体文件。
  🔁 [ReAct-inspector#34] 🛰️  调用 LLM (mock-chat)——上下文 69 条消息，工具 7 个...
  📝 [ReAct-inspector#34] 文本响应: Need more data...
  🔁 [ReAct-inspector#34] ✅ LLM 响应耗时 0ms——工具调用 1 个
  🔁 [ReAct-inspector#34] 🔧 执行工具 search_code
  🔁 [ReAct-inspector#34] 🔧 search_code → ❌ 失败: search_code: rg 不可用。请使用 list_files 列出目录 + read_file 读取具体文件。
  🔁 [ReAct-inspector#35] 🛰️  调用 LLM (mock-chat)——上下文 71 条消息，工具 7 个...
  📝 [ReAct-inspector#35] 文本响应: Need more data...
  🔁 [ReAct-inspector#35] ✅ LLM 响应耗时 0ms——工具调用 1 个
  🔁 [ReAct-inspector#35] 🔧 执行工具 search_code
  🔁 [ReAct-inspector#35] 🔧 search_code → ❌ 失败: search_code: rg 不可用。请使用 list_files 列出目录 + read_file 读取具体文件。
  🔁 [ReAct-inspector#36] 🛰️  调用 LLM (mock-chat)——上下文 73 条消息，工具 7 个...
  📝 [ReAct-inspector#36] 文本响应: Need more data...
  🔁 [ReAct-inspector#36] ✅ LLM 响应耗时 0ms——工具调用 1 个
  🔁 [ReAct-inspector#36] 🔧 执行工具 search_code
  🔁 [ReAct-inspector#36] 🔧 search_code → ❌ 失败: search_code: rg 不可用。请使用 list_files 列出目录 + read_file 读取具体文件。
  🔁 [ReAct-inspector#37] 🛰️  调用 LLM (mock-chat)——上下文 75 条消息，工具 7 个...
  📝 [ReAct-inspector#37] 文本响应: Need more data...
  🔁 [ReAct-inspector#37] ✅ LLM 响应耗时 0ms——工具调用 1 个
  🔁 [ReAct-inspector#37] 🔧 执行工具 search_code
  🔁 [ReAct-inspector#37] 🔧 search_code → ❌ 失败: search_code: rg 不可用。请使用 list_files 列出目录 + read_file 读取具体文件。
  🔁 [ReAct-inspector#38] 🛰️  调用 LLM (mock-chat)——上下文 77 条消息，工具 7 个...
  📝 [ReAct-inspector#38] 文本响应: Need more data...
  🔁 [ReAct-inspector#38] ✅ LLM 响应耗时 0ms——工具调用 1 个
  🔁 [ReAct-inspector#38] 🔧 执行工具 search_code
  🔁 [ReAct-inspector#38] 🔧 search_code → ❌ 失败: search_code: rg 不可用。请使用 list_files 列出目录 + read_file 读取具体文件。
  🔁 [ReAct-inspector#39] 🛰️  调用 LLM (mock-chat)——上下文 79 条消息，工具 7 个...
  📝 [ReAct-inspector#39] 文本响应: Need more data...
  🔁 [ReAct-inspector#39] ✅ LLM 响应耗时 0ms——工具调用 1 个
  🔁 [ReAct-inspector#39] 🔧 执行工具 search_code
  🔁 [ReAct-inspector#39] 🔧 search_code → ❌ 失败: search_code: rg 不可用。请使用 list_files 列出目录 + read_file 读取具体文件。
  🔁 [ReAct-inspector#40] 🛰️  调用 LLM (mock-chat)——上下文 81 条消息，工具 7 个...
  📝 [ReAct-inspector#40] 文本响应: Need more data...
  🔁 [ReAct-inspector#40] ✅ LLM 响应耗时 0ms——工具调用 1 个
  🔁 [ReAct-inspector#40] 🔧 执行工具 search_code
  🔁 [ReAct-inspector#40] 🔧 search_code → ❌ 失败: search_code: rg 不可用。请使用 list_files 列出目录 + read_file 读取具体文件。
  🔁 [ReAct-inspector#41] 🛰️  调用 LLM (mock-chat)——上下文 83 条消息，工具 7 个...
  📝 [ReAct-inspector#41] 文本响应: Need more data...
  🔁 [ReAct-inspector#41] ✅ LLM 响应耗时 0ms——工具调用 1 个
  🔁 [ReAct-inspector#41] 🔧 执行工具 search_code
  🔁 [ReAct-inspector#41] 🔧 search_code → ❌ 失败: search_code: rg 不可用。请使用 list_files 列出目录 + read_file 读取具体文件。
  🔁 [ReAct-inspector#42] 🛰️  调用 LLM (mock-chat)——上下文 85 条消息，工具 7 个...
  📝 [ReAct-inspector#42] 文本响应: Need more data...
  🔁 [ReAct-inspector#42] ✅ LLM 响应耗时 0ms——工具调用 1 个
  🔁 [ReAct-inspector#42] 🔧 执行工具 search_code
  🔁 [ReAct-inspector#42] 🔧 search_code → ❌ 失败: search_code: rg 不可用。请使用 list_files 列出目录 + read_file 读取具体文件。
  🔁 [ReAct-inspector#43] 🛰️  调用 LLM (mock-chat)——上下文 87 条消息，工具 7 个...
  📝 [ReAct-inspector#43] 文本响应: Need more data...
  🔁 [ReAct-inspector#43] ✅ LLM 响应耗时 0ms——工具调用 1 个
  🔁 [ReAct-inspector#43] 🔧 执行工具 search_code
  🔁 [ReAct-inspector#43] 🔧 search_code → ❌ 失败: search_code: rg 不可用。请使用 list_files 列出目录 + read_file 读取具体文件。
  🔁 [ReAct-inspector#44] 接近循环上限，注入截止提示
  🔁 [ReAct-inspector#44] 🛰️  调用 LLM (mock-chat)——上下文 90 条消息，工具 7 个...
  📝 [ReAct-inspector#44] 文本响应: Need more data...
  🔁 [ReAct-inspector#44] ✅ LLM 响应耗时 0ms——工具调用 1 个
  🔁 [ReAct-inspector#44] 🔧 执行工具 search_code
  🔁 [ReAct-inspector#44] 🔧 search_code → ❌ 失败: search_code: rg 不可用。请使用 list_files 列出目录 + read_file 读取具体文件。
  🔁 [ReAct-inspector#45] 🛰️  调用 LLM (mock-chat)——上下文 92 条消息，工具 7 个...
  📝 [ReAct-inspector#45] 文本响应: Need more data...
  🔁 [ReAct-inspector#45] ✅ LLM 响应耗时 0ms——工具调用 1 个
  🔁 [ReAct-inspector#45] 🔧 执行工具 search_code
  🔁 [ReAct-inspector#45] 🔧 search_code → ❌ 失败: search_code: rg 不可用。请使用 list_files 列出目录 + read_file 读取具体文件。
  🔁 [ReAct-inspector#46] 🛰️  调用 LLM (mock-chat)——上下文 94 条消息，工具 7 个...
  📝 [ReAct-inspector#46] 文本响应: Need more data...
  🔁 [ReAct-inspector#46] ✅ LLM 响应耗时 0ms——工具调用 1 个
  🔁 [ReAct-inspector#46] 🔧 执行工具 search_code
  🔁 [ReAct-inspector#46] 🔧 search_code → ❌ 失败: search_code: rg 不可用。请使用 list_files 列出目录 + read_file 读取具体文件。
  🔁 [ReAct-inspector#47] 🛰️  调用 LLM (mock-chat)——上下文 96 条消息，工具 7 个...
  📝 [ReAct-inspector#47] 文本响应: Need more data...
  🔁 [ReAct-inspector#47] ✅ LLM 响应耗时 0ms——工具调用 1 个
  🔁 [ReAct-inspector#47] 🔧 执行工具 search_code
  🔁 [ReAct-inspector#47] 🔧 search_code → ❌ 失败: search_code: rg 不可用。请使用 list_files 列出目录 + read_file 读取具体文件。
  🔁 [ReAct-inspector#48] 🛰️  调用 LLM (mock-chat)——上下文 98 条消息，工具 7 个...
  📝 [ReAct-inspector#48] 文本响应: Need more data...
  🔁 [ReAct-inspector#48] ✅ LLM 响应耗时 0ms——工具调用 1 个
  🔁 [ReAct-inspector#48] 🔧 执行工具 search_code
  🔁 [ReAct-inspector#48] 🔧 search_code → ❌ 失败: search_code: rg 不可用。请使用 list_files 列出目录 + read_file 读取具体文件。
  🔁 [ReAct-inspector#48] 🏁 循环结束——耗时 308ms, loops=48/48, success=false

[90mstdout[2m | packages/engine/tests/inspector-agent.test.ts[2m > [22m[2mInspectorAgent[2m > [22m[2m输出不含评价和建议——纯事实格式
[22m[39m  🔁 [ReAct-inspector#0] 启动——maxLoops=48, timeout=300000ms, tools=7个
  🔁 [ReAct-inspector#1] 🛰️  调用 LLM (mock-chat)——上下文 3 条消息，工具 7 个...
  📝 [ReAct-inspector#1] 文本响应: ## 事实报告

- `/proj/src/userService.ts` 包含 3 个导出函数
- 被 14 个文件引用
- 没有循环依赖
- `tsc --noEmit` 通过
  🔁 [ReAct-inspector#1] ✅ LLM 响应耗时 0ms——工具调用 0 个
  🔁 [ReAct-inspector#1] 🛑 无工具调用，本轮结束——output=## 事实报告

- `/proj/src/userService.ts` 包含 3 个导出函数
- 被 14 个文件引用
- 没有循环依赖
- `tsc --noEmit` 通过
  🔁 [ReAct-inspector#1] 🏁 循环结束——耗时 0ms, loops=1/48, success=true

 [32m✓[39m packages/engine/tests/inspector-agent.test.ts [2m([22m[2m8 tests[22m[2m)[22m[33m 391[2mms[22m[39m
   [33m[2m✓[22m[39m InspectorAgent[2m > [22m最多 5 轮循环——超限返回失败 [33m312[2mms[22m[39m
[90mstdout[2m | packages/engine/tests/system-stress.test.ts[2m > [22m[2m场景 1：十层深链 + 随机失败注入[2m > [22m[2m10 层链中有 3 个失败层——Scheduler 应优雅完成且执行顺序正确
[22m[39m  🔁 [ReAct-code#0] 启动——maxLoops=64, timeout=300000ms, tools=8个
  🔁 [ReAct-code#1] 🛰️  调用 LLM (mock)——上下文 3 条消息，工具 8 个...
  📝 [ReAct-code#1] 文本响应: Call 1 success
  🔁 [ReAct-code#1] ✅ LLM 响应耗时 1ms——工具调用 0 个
  🔁 [ReAct-code#1] 🛑 无工具调用，本轮结束——output=Call 1 success
  🔁 [ReAct-code#1] 🏁 循环结束——耗时 2ms, loops=1/64, success=true
  🔁 [ReAct-code#0] 启动——maxLoops=64, timeout=300000ms, tools=8个
  🔁 [ReAct-code#1] 🛰️  调用 LLM (mock)——上下文 3 条消息，工具 8 个...
  📝 [ReAct-code#1] 文本响应: Call 2 success
  🔁 [ReAct-code#1] ✅ LLM 响应耗时 0ms——工具调用 0 个
  🔁 [ReAct-code#1] 🛑 无工具调用，本轮结束——output=Call 2 success
  🔁 [ReAct-code#1] 🏁 循环结束——耗时 1ms, loops=1/64, success=true
  🔁 [ReAct-code#0] 启动——maxLoops=64, timeout=300000ms, tools=8个
  🔁 [ReAct-code#1] 🛰️  调用 LLM (mock)——上下文 3 条消息，工具 8 个...
  🔁 [ReAct-code#1] 💥 崩溃: Error: Intentional failure
  🔁 [ReAct-code#0] 启动——maxLoops=64, timeout=300000ms, tools=8个
  🔁 [ReAct-code#1] 🛰️  调用 LLM (mock)——上下文 3 条消息，工具 8 个...
  📝 [ReAct-code#1] 文本响应: Call 4 success
  🔁 [ReAct-code#1] ✅ LLM 响应耗时 0ms——工具调用 0 个
  🔁 [ReAct-code#1] 🛑 无工具调用，本轮结束——output=Call 4 success
  🔁 [ReAct-code#1] 🏁 循环结束——耗时 0ms, loops=1/64, success=true
  🔁 [ReAct-code#0] 启动——maxLoops=64, timeout=300000ms, tools=8个
  🔁 [ReAct-code#1] 🛰️  调用 LLM (mock)——上下文 3 条消息，工具 8 个...
  📝 [ReAct-code#1] 文本响应: Call 5 success
  🔁 [ReAct-code#1] ✅ LLM 响应耗时 0ms——工具调用 0 个
  🔁 [ReAct-code#1] 🛑 无工具调用，本轮结束——output=Call 5 success
  🔁 [ReAct-code#1] 🏁 循环结束——耗时 0ms, loops=1/64, success=true
  🔁 [ReAct-code#0] 启动——maxLoops=64, timeout=300000ms, tools=8个
  🔁 [ReAct-code#1] 🛰️  调用 LLM (mock)——上下文 3 条消息，工具 8 个...
  🔁 [ReAct-code#1] 💥 崩溃: Error: Intentional failure
  🔁 [ReAct-code#0] 启动——maxLoops=64, timeout=300000ms, tools=8个
  🔁 [ReAct-code#1] 🛰️  调用 LLM (mock)——上下文 3 条消息，工具 8 个...
  📝 [ReAct-code#1] 文本响应: Call 7 success
  🔁 [ReAct-code#1] ✅ LLM 响应耗时 0ms——工具调用 0 个
  🔁 [ReAct-code#1] 🛑 无工具调用，本轮结束——output=Call 7 success
  🔁 [ReAct-code#1] 🏁 循环结束——耗时 0ms, loops=1/64, success=true
  🔁 [ReAct-code#0] 启动——maxLoops=64, timeout=300000ms, tools=8个
  🔁 [ReAct-code#1] 🛰️  调用 LLM (mock)——上下文 3 条消息，工具 8 个...
  📝 [ReAct-code#1] 文本响应: Call 8 success
  🔁 [ReAct-code#1] ✅ LLM 响应耗时 0ms——工具调用 0 个
  🔁 [ReAct-code#1] 🛑 无工具调用，本轮结束——output=Call 8 success
  🔁 [ReAct-code#1] 🏁 循环结束——耗时 0ms, loops=1/64, success=true
  🔁 [ReAct-code#0] 启动——maxLoops=64, timeout=300000ms, tools=8个
  🔁 [ReAct-code#1] 🛰️  调用 LLM (mock)——上下文 3 条消息，工具 8 个...
  🔁 [ReAct-code#1] 💥 崩溃: Error: Intentional failure
  🔁 [ReAct-code#0] 启动——maxLoops=64, timeout=300000ms, tools=8个
  🔁 [ReAct-code#1] 🛰️  调用 LLM (mock)——上下文 3 条消息，工具 8 个...
  📝 [ReAct-code#1] 文本响应: Call 10 success
  🔁 [ReAct-code#1] ✅ LLM 响应耗时 0ms——工具调用 0 个
  🔁 [ReAct-code#1] 🛑 无工具调用，本轮结束——output=Call 10 success
  🔁 [ReAct-code#1] 🏁 循环结束——耗时 0ms, loops=1/64, success=true

[90mstdout[2m | packages/engine/tests/system-stress.test.ts[2m > [22m[2m场景 1：十层深链 + 随机失败注入[2m > [22m[2m10 层链全部失败——Scheduler 不崩溃，全部标记为 failed
[22m[39m  🔁 [ReAct-code#0] 启动——maxLoops=64, timeout=300000ms, tools=8个
  🔁 [ReAct-code#1] 🛰️  调用 LLM (mock)——上下文 3 条消息，工具 8 个...
  🔁 [ReAct-code#1] 💥 崩溃: Error: All failed
  🔁 [ReAct-code#0] 启动——maxLoops=64, timeout=300000ms, tools=8个
  🔁 [ReAct-code#1] 🛰️  调用 LLM (mock)——上下文 3 条消息，工具 8 个...
  🔁 [ReAct-code#1] 💥 崩溃: Error: All failed
  🔁 [ReAct-code#0] 启动——maxLoops=64, timeout=300000ms, tools=8个
  🔁 [ReAct-code#1] 🛰️  调用 LLM (mock)——上下文 3 条消息，工具 8 个...
  🔁 [ReAct-code#1] 💥 崩溃: Error: All failed
  🔁 [ReAct-code#0] 启动——maxLoops=64, timeout=300000ms, tools=8个
  🔁 [ReAct-code#1] 🛰️  调用 LLM (mock)——上下文 3 条消息，工具 8 个...
  🔁 [ReAct-code#1] 💥 崩溃: Error: All failed
  🔁 [ReAct-code#0] 启动——maxLoops=64, timeout=300000ms, tools=8个
  🔁 [ReAct-code#1] 🛰️  调用 LLM (mock)——上下文 3 条消息，工具 8 个...
  🔁 [ReAct-code#1] 💥 崩溃: Error: All failed
  🔁 [ReAct-code#0] 启动——maxLoops=64, timeout=300000ms, tools=8个
  🔁 [ReAct-code#1] 🛰️  调用 LLM (mock)——上下文 3 条消息，工具 8 个...
  🔁 [ReAct-code#1] 💥 崩溃: Error: All failed
  🔁 [ReAct-code#0] 启动——maxLoops=64, timeout=300000ms, tools=8个
  🔁 [ReAct-code#1] 🛰️  调用 LLM (mock)——上下文 3 条消息，工具 8 个...
  🔁 [ReAct-code#1] 💥 崩溃: Error: All failed
  🔁 [ReAct-code#0] 启动——maxLoops=64, timeout=300000ms, tools=8个
  🔁 [ReAct-code#1] 🛰️  调用 LLM (mock)——上下文 3 条消息，工具 8 个...
  🔁 [ReAct-code#1] 💥 崩溃: Error: All failed
  🔁 [ReAct-code#0] 启动——maxLoops=64, timeout=300000ms, tools=8个
  🔁 [ReAct-code#1] 🛰️  调用 LLM (mock)——上下文 3 条消息，工具 8 个...
  🔁 [ReAct-code#1] 💥 崩溃: Error: All failed
  🔁 [ReAct-code#0] 启动——maxLoops=64, timeout=300000ms, tools=8个
  🔁 [ReAct-code#1] 🛰️  调用 LLM (mock)——上下文 3 条消息，工具 8 个...
  🔁 [ReAct-code#1] 💥 崩溃: Error: All failed

[90mstdout[2m | packages/engine/tests/system-stress.test.ts[2m > [22m[2m场景 1：十层深链 + 随机失败注入[2m > [22m[2m10 层链全部成功——输出顺序严格 L0→L1→...→L9
[22m[39m  🔁 [ReAct-code#0] 启动——maxLoops=64, timeout=300000ms, tools=8个
  🔁 [ReAct-code#1] 🛰️  调用 LLM (mock)——上下文 3 条消息，工具 8 个...
  📝 [ReAct-code#1] 文本响应: Call 1 success
  🔁 [ReAct-code#1] ✅ LLM 响应耗时 0ms——工具调用 0 个
  🔁 [ReAct-code#1] 🛑 无工具调用，本轮结束——output=Call 1 success
  🔁 [ReAct-code#1] 🏁 循环结束——耗时 0ms, loops=1/64, success=true
  🔁 [ReAct-code#0] 启动——maxLoops=64, timeout=300000ms, tools=8个
  🔁 [ReAct-code#1] 🛰️  调用 LLM (mock)——上下文 3 条消息，工具 8 个...
  📝 [ReAct-code#1] 文本响应: Call 2 success
  🔁 [ReAct-code#1] ✅ LLM 响应耗时 0ms——工具调用 0 个
  🔁 [ReAct-code#1] 🛑 无工具调用，本轮结束——output=Call 2 success
  🔁 [ReAct-code#1] 🏁 循环结束——耗时 0ms, loops=1/64, success=true
  🔁 [ReAct-code#0] 启动——maxLoops=64, timeout=300000ms, tools=8个
  🔁 [ReAct-code#1] 🛰️  调用 LLM (mock)——上下文 3 条消息，工具 8 个...
  📝 [ReAct-code#1] 文本响应: Call 3 success
  🔁 [ReAct-code#1] ✅ LLM 响应耗时 0ms——工具调用 0 个
  🔁 [ReAct-code#1] 🛑 无工具调用，本轮结束——output=Call 3 success
  🔁 [ReAct-code#1] 🏁 循环结束——耗时 0ms, loops=1/64, success=true
  🔁 [ReAct-code#0] 启动——maxLoops=64, timeout=300000ms, tools=8个
  🔁 [ReAct-code#1] 🛰️  调用 LLM (mock)——上下文 3 条消息，工具 8 个...
  📝 [ReAct-code#1] 文本响应: Call 4 success
  🔁 [ReAct-code#1] ✅ LLM 响应耗时 0ms——工具调用 0 个
  🔁 [ReAct-code#1] 🛑 无工具调用，本轮结束——output=Call 4 success
  🔁 [ReAct-code#1] 🏁 循环结束——耗时 0ms, loops=1/64, success=true
  🔁 [ReAct-code#0] 启动——maxLoops=64, timeout=300000ms, tools=8个
  🔁 [ReAct-code#1] 🛰️  调用 LLM (mock)——上下文 3 条消息，工具 8 个...
  📝 [ReAct-code#1] 文本响应: Call 5 success
  🔁 [ReAct-code#1] ✅ LLM 响应耗时 0ms——工具调用 0 个
  🔁 [ReAct-code#1] 🛑 无工具调用，本轮结束——output=Call 5 success
  🔁 [ReAct-code#1] 🏁 循环结束——耗时 0ms, loops=1/64, success=true
  🔁 [ReAct-code#0] 启动——maxLoops=64, timeout=300000ms, tools=8个
  🔁 [ReAct-code#1] 🛰️  调用 LLM (mock)——上下文 3 条消息，工具 8 个...
  📝 [ReAct-code#1] 文本响应: Call 6 success
  🔁 [ReAct-code#1] ✅ LLM 响应耗时 0ms——工具调用 0 个
  🔁 [ReAct-code#1] 🛑 无工具调用，本轮结束——output=Call 6 success
  🔁 [ReAct-code#1] 🏁 循环结束——耗时 0ms, loops=1/64, success=true
  🔁 [ReAct-code#0] 启动——maxLoops=64, timeout=300000ms, tools=8个
  🔁 [ReAct-code#1] 🛰️  调用 LLM (mock)——上下文 3 条消息，工具 8 个...
  📝 [ReAct-code#1] 文本响应: Call 7 success
  🔁 [ReAct-code#1] ✅ LLM 响应耗时 0ms——工具调用 0 个
  🔁 [ReAct-code#1] 🛑 无工具调用，本轮结束——output=Call 7 success
  🔁 [ReAct-code#1] 🏁 循环结束——耗时 1ms, loops=1/64, success=true
  🔁 [ReAct-code#0] 启动——maxLoops=64, timeout=300000ms, tools=8个
  🔁 [ReAct-code#1] 🛰️  调用 LLM (mock)——上下文 3 条消息，工具 8 个...
  📝 [ReAct-code#1] 文本响应: Call 8 success
  🔁 [ReAct-code#1] ✅ LLM 响应耗时 0ms——工具调用 0 个
  🔁 [ReAct-code#1] 🛑 无工具调用，本轮结束——output=Call 8 success
  🔁 [ReAct-code#1] 🏁 循环结束——耗时 0ms, loops=1/64, success=true
  🔁 [ReAct-code#0] 启动——maxLoops=64, timeout=300000ms, tools=8个
  🔁 [ReAct-code#1] 🛰️  调用 LLM (mock)——上下文 3 条消息，工具 8 个...
  📝 [ReAct-code#1] 文本响应: Call 9 success
  🔁 [ReAct-code#1] ✅ LLM 响应耗时 0ms——工具调用 0 个
  🔁 [ReAct-code#1] 🛑 无工具调用，本轮结束——output=Call 9 success
  🔁 [ReAct-code#1] 🏁 循环结束——耗时 0ms, loops=1/64, success=true
  🔁 [ReAct-code#0] 启动——maxLoops=64, timeout=300000ms, tools=8个
  🔁 [ReAct-code#1] 🛰️  调用 LLM (mock)——上下文 3 条消息，工具 8 个...
  📝 [ReAct-code#1] 文本响应: Call 10 success
  🔁 [ReAct-code#1] ✅ LLM 响应耗时 0ms——工具调用 0 个
  🔁 [ReAct-code#1] 🛑 无工具调用，本轮结束——output=Call 10 success
  🔁 [ReAct-code#1] 🏁 循环结束——耗时 0ms, loops=1/64, success=true

[90mstdout[2m | packages/engine/tests/system-stress.test.ts[2m > [22m[2m场景 2：20 节点同层并行 + 池约束[2m > [22m[2m20 同层并行——全数成功，单层内 Promise.allSettled 不丢节点
[22m[39m  🔁 [ReAct-code#0] 启动——maxLoops=64, timeout=300000ms, tools=8个
  🔁 [ReAct-code#1] 🛰️  调用 LLM (mock)——上下文 3 条消息，工具 8 个...
  🔁 [ReAct-code#0] 启动——maxLoops=64, timeout=300000ms, tools=8个
  🔁 [ReAct-code#1] 🛰️  调用 LLM (mock)——上下文 3 条消息，工具 8 个...
  🔁 [ReAct-code#0] 启动——maxLoops=64, timeout=300000ms, tools=8个
  🔁 [ReAct-code#1] 🛰️  调用 LLM (mock)——上下文 3 条消息，工具 8 个...
  🔁 [ReAct-code#0] 启动——maxLoops=64, timeout=300000ms, tools=8个
  🔁 [ReAct-code#1] 🛰️  调用 LLM (mock)——上下文 3 条消息，工具 8 个...
  🔁 [ReAct-code#0] 启动——maxLoops=64, timeout=300000ms, tools=8个
  🔁 [ReAct-code#1] 🛰️  调用 LLM (mock)——上下文 3 条消息，工具 8 个...
  🔁 [ReAct-code#0] 启动——maxLoops=64, timeout=300000ms, tools=8个
  🔁 [ReAct-code#1] 🛰️  调用 LLM (mock)——上下文 3 条消息，工具 8 个...
  🔁 [ReAct-code#0] 启动——maxLoops=64, timeout=300000ms, tools=8个
  🔁 [ReAct-code#1] 🛰️  调用 LLM (mock)——上下文 3 条消息，工具 8 个...
  🔁 [ReAct-code#0] 启动——maxLoops=64, timeout=300000ms, tools=8个
  🔁 [ReAct-code#1] 🛰️  调用 LLM (mock)——上下文 3 条消息，工具 8 个...
  🔁 [ReAct-code#0] 启动——maxLoops=64, timeout=300000ms, tools=8个
  🔁 [ReAct-code#1] 🛰️  调用 LLM (mock)——上下文 3 条消息，工具 8 个...
  🔁 [ReAct-code#0] 启动——maxLoops=64, timeout=300000ms, tools=8个
  🔁 [ReAct-code#1] 🛰️  调用 LLM (mock)——上下文 3 条消息，工具 8 个...
  🔁 [ReAct-code#0] 启动——maxLoops=64, timeout=300000ms, tools=8个
  🔁 [ReAct-code#1] 🛰️  调用 LLM (mock)——上下文 3 条消息，工具 8 个...
  🔁 [ReAct-code#0] 启动——maxLoops=64, timeout=300000ms, tools=8个
  🔁 [ReAct-code#1] 🛰️  调用 LLM (mock)——上下文 3 条消息，工具 8 个...
  🔁 [ReAct-code#0] 启动——maxLoops=64, timeout=300000ms, tools=8个
  🔁 [ReAct-code#1] 🛰️  调用 LLM (mock)——上下文 3 条消息，工具 8 个...
  🔁 [ReAct-code#0] 启动——maxLoops=64, timeout=300000ms, tools=8个
  🔁 [ReAct-code#1] 🛰️  调用 LLM (mock)——上下文 3 条消息，工具 8 个...
  🔁 [ReAct-code#0] 启动——maxLoops=64, timeout=300000ms, tools=8个
  🔁 [ReAct-code#1] 🛰️  调用 LLM (mock)——上下文 3 条消息，工具 8 个...
  🔁 [ReAct-code#0] 启动——maxLoops=64, timeout=300000ms, tools=8个
  🔁 [ReAct-code#1] 🛰️  调用 LLM (mock)——上下文 3 条消息，工具 8 个...
  🔁 [ReAct-code#0] 启动——maxLoops=64, timeout=300000ms, tools=8个
  🔁 [ReAct-code#1] 🛰️  调用 LLM (mock)——上下文 3 条消息，工具 8 个...
  🔁 [ReAct-code#0] 启动——maxLoops=64, timeout=300000ms, tools=8个
  🔁 [ReAct-code#1] 🛰️  调用 LLM (mock)——上下文 3 条消息，工具 8 个...
  🔁 [ReAct-code#0] 启动——maxLoops=64, timeout=300000ms, tools=8个
  🔁 [ReAct-code#1] 🛰️  调用 LLM (mock)——上下文 3 条消息，工具 8 个...
  🔁 [ReAct-code#0] 启动——maxLoops=64, timeout=300000ms, tools=8个
  🔁 [ReAct-code#1] 🛰️  调用 LLM (mock)——上下文 3 条消息，工具 8 个...
  📝 [ReAct-code#1] 文本响应: Call 1 success
  🔁 [ReAct-code#1] ✅ LLM 响应耗时 0ms——工具调用 0 个
  🔁 [ReAct-code#1] 🛑 无工具调用，本轮结束——output=Call 1 success
  🔁 [ReAct-code#1] 🏁 循环结束——耗时 0ms, loops=1/64, success=true
  📝 [ReAct-code#1] 文本响应: Call 2 success
  🔁 [ReAct-code#1] ✅ LLM 响应耗时 0ms——工具调用 0 个
  🔁 [ReAct-code#1] 🛑 无工具调用，本轮结束——output=Call 2 success
  🔁 [ReAct-code#1] 🏁 循环结束——耗时 0ms, loops=1/64, success=true
  📝 [ReAct-code#1] 文本响应: Call 3 success
  🔁 [ReAct-code#1] ✅ LLM 响应耗时 0ms——工具调用 0 个
  🔁 [ReAct-code#1] 🛑 无工具调用，本轮结束——output=Call 3 success
  🔁 [ReAct-code#1] 🏁 循环结束——耗时 0ms, loops=1/64, success=true
  📝 [ReAct-code#1] 文本响应: Call 4 success
  🔁 [ReAct-code#1] ✅ LLM 响应耗时 0ms——工具调用 0 个
  🔁 [ReAct-code#1] 🛑 无工具调用，本轮结束——output=Call 4 success
  🔁 [ReAct-code#1] 🏁 循环结束——耗时 0ms, loops=1/64, success=true
  📝 [ReAct-code#1] 文本响应: Call 5 success
  🔁 [ReAct-code#1] ✅ LLM 响应耗时 0ms——工具调用 0 个
  🔁 [ReAct-code#1] 🛑 无工具调用，本轮结束——output=Call 5 success
  🔁 [ReAct-code#1] 🏁 循环结束——耗时 0ms, loops=1/64, success=true
  📝 [ReAct-code#1] 文本响应: Call 6 success
  🔁 [ReAct-code#1] ✅ LLM 响应耗时 0ms——工具调用 0 个
  🔁 [ReAct-code#1] 🛑 无工具调用，本轮结束——output=Call 6 success
  🔁 [ReAct-code#1] 🏁 循环结束——耗时 0ms, loops=1/64, success=true
  📝 [ReAct-code#1] 文本响应: Call 7 success
  🔁 [ReAct-code#1] ✅ LLM 响应耗时 0ms——工具调用 0 个
  🔁 [ReAct-code#1] 🛑 无工具调用，本轮结束——output=Call 7 success
  🔁 [ReAct-code#1] 🏁 循环结束——耗时 0ms, loops=1/64, success=true
  📝 [ReAct-code#1] 文本响应: Call 8 success
  🔁 [ReAct-code#1] ✅ LLM 响应耗时 0ms——工具调用 0 个
  🔁 [ReAct-code#1] 🛑 无工具调用，本轮结束——output=Call 8 success
  🔁 [ReAct-code#1] 🏁 循环结束——耗时 0ms, loops=1/64, success=true
  📝 [ReAct-code#1] 文本响应: Call 9 success
  🔁 [ReAct-code#1] ✅ LLM 响应耗时 0ms——工具调用 0 个
  🔁 [ReAct-code#1] 🛑 无工具调用，本轮结束——output=Call 9 success
  🔁 [ReAct-code#1] 🏁 循环结束——耗时 0ms, loops=1/64, success=true
  📝 [ReAct-code#1] 文本响应: Call 10 success
  🔁 [ReAct-code#1] ✅ LLM 响应耗时 0ms——工具调用 0 个
  🔁 [ReAct-code#1] 🛑 无工具调用，本轮结束——output=Call 10 success
  🔁 [ReAct-code#1] 🏁 循环结束——耗时 0ms, loops=1/64, success=true
  📝 [ReAct-code#1] 文本响应: Call 11 success
  🔁 [ReAct-code#1] ✅ LLM 响应耗时 0ms——工具调用 0 个
  🔁 [ReAct-code#1] 🛑 无工具调用，本轮结束——output=Call 11 success
  🔁 [ReAct-code#1] 🏁 循环结束——耗时 0ms, loops=1/64, success=true
  📝 [ReAct-code#1] 文本响应: Call 12 success
  🔁 [ReAct-code#1] ✅ LLM 响应耗时 0ms——工具调用 0 个
  🔁 [ReAct-code#1] 🛑 无工具调用，本轮结束——output=Call 12 success
  🔁 [ReAct-code#1] 🏁 循环结束——耗时 1ms, loops=1/64, success=true
  📝 [ReAct-code#1] 文本响应: Call 13 success
  🔁 [ReAct-code#1] ✅ LLM 响应耗时 1ms——工具调用 0 个
  🔁 [ReAct-code#1] 🛑 无工具调用，本轮结束——output=Call 13 success
  🔁 [ReAct-code#1] 🏁 循环结束——耗时 1ms, loops=1/64, success=true
  📝 [ReAct-code#1] 文本响应: Call 14 success
  🔁 [ReAct-code#1] ✅ LLM 响应耗时 1ms——工具调用 0 个
  🔁 [ReAct-code#1] 🛑 无工具调用，本轮结束——output=Call 14 success
  🔁 [ReAct-code#1] 🏁 循环结束——耗时 1ms, loops=1/64, success=true
  📝 [ReAct-code#1] 文本响应: Call 15 success
  🔁 [ReAct-code#1] ✅ LLM 响应耗时 1ms——工具调用 0 个
  🔁 [ReAct-code#1] 🛑 无工具调用，本轮结束——output=Call 15 success
  🔁 [ReAct-code#1] 🏁 循环结束——耗时 1ms, loops=1/64, success=true
  📝 [ReAct-code#1] 文本响应: Call 16 success
  🔁 [ReAct-code#1] ✅ LLM 响应耗时 1ms——工具调用 0 个
  🔁 [ReAct-code#1] 🛑 无工具调用，本轮结束——output=Call 16 success
  🔁 [ReAct-code#1] 🏁 循环结束——耗时 1ms, loops=1/64, success=true
  📝 [ReAct-code#1] 文本响应: Call 17 success
  🔁 [ReAct-code#1] ✅ LLM 响应耗时 1ms——工具调用 0 个
  🔁 [ReAct-code#1] 🛑 无工具调用，本轮结束——output=Call 17 success
  🔁 [ReAct-code#1] 🏁 循环结束——耗时 1ms, loops=1/64, success=true
  📝 [ReAct-code#1] 文本响应: Call 18 success
  🔁 [ReAct-code#1] ✅ LLM 响应耗时 1ms——工具调用 0 个
  🔁 [ReAct-code#1] 🛑 无工具调用，本轮结束——output=Call 18 success
  🔁 [ReAct-code#1] 🏁 循环结束——耗时 1ms, loops=1/64, success=true
  📝 [ReAct-code#1] 文本响应: Call 19 success
  🔁 [ReAct-code#1] ✅ LLM 响应耗时 1ms——工具调用 0 个
  🔁 [ReAct-code#1] 🛑 无工具调用，本轮结束——output=Call 19 success
  🔁 [ReAct-code#1] 🏁 循环结束——耗时 1ms, loops=1/64, success=true
  📝 [ReAct-code#1] 文本响应: Call 20 success
  🔁 [ReAct-code#1] ✅ LLM 响应耗时 1ms——工具调用 0 个
  🔁 [ReAct-code#1] 🛑 无工具调用，本轮结束——output=Call 20 success
  🔁 [ReAct-code#1] 🏁 循环结束——耗时 1ms, loops=1/64, success=true

[90mstdout[2m | packages/engine/tests/system-stress.test.ts[2m > [22m[2m场景 2：20 节点同层并行 + 池约束[2m > [22m[2m20 同层并行 + maxInstances=3——池耗尽导致部分失败，失败节点正确标记
[22m[39m  🔁 [ReAct-code#0] 启动——maxLoops=64, timeout=300000ms, tools=8个
  🔁 [ReAct-code#1] 🛰️  调用 LLM (mock)——上下文 3 条消息，工具 8 个...
  🔁 [ReAct-code#0] 启动——maxLoops=64, timeout=300000ms, tools=8个
  🔁 [ReAct-code#1] 🛰️  调用 LLM (mock)——上下文 3 条消息，工具 8 个...
  🔁 [ReAct-code#0] 启动——maxLoops=64, timeout=300000ms, tools=8个
  🔁 [ReAct-code#1] 🛰️  调用 LLM (mock)——上下文 3 条消息，工具 8 个...
  📝 [ReAct-code#1] 文本响应: Call 1 success
  🔁 [ReAct-code#1] ✅ LLM 响应耗时 0ms——工具调用 0 个
  🔁 [ReAct-code#1] 🛑 无工具调用，本轮结束——output=Call 1 success
  🔁 [ReAct-code#1] 🏁 循环结束——耗时 0ms, loops=1/64, success=true
  📝 [ReAct-code#1] 文本响应: Call 2 success
  🔁 [ReAct-code#1] ✅ LLM 响应耗时 0ms——工具调用 0 个
  🔁 [ReAct-code#1] 🛑 无工具调用，本轮结束——output=Call 2 success
  🔁 [ReAct-code#1] 🏁 循环结束——耗时 0ms, loops=1/64, success=true
  📝 [ReAct-code#1] 文本响应: Call 3 success
  🔁 [ReAct-code#1] ✅ LLM 响应耗时 0ms——工具调用 0 个
  🔁 [ReAct-code#1] 🛑 无工具调用，本轮结束——output=Call 3 success
  🔁 [ReAct-code#1] 🏁 循环结束——耗时 0ms, loops=1/64, success=true

[90mstdout[2m | packages/engine/tests/system-stress.test.ts[2m > [22m[2m场景 3：重规划预算耗尽[2m > [22m[2mmaxReplanPerNode=3 + maxTotalReplans=3——单节点重复失败耗完全部预算后熔断
[22m[39m  🔁 [ReAct-code#0] 启动——maxLoops=64, timeout=300000ms, tools=8个
  🔁 [ReAct-code#1] 🛰️  调用 LLM (mock)——上下文 3 条消息，工具 8 个...
  🔁 [ReAct-code#1] 💥 崩溃: Error: Always fail
  🔁 [ReAct-code#0] 启动——maxLoops=64, timeout=300000ms, tools=8个
  🔁 [ReAct-code#1] 🛰️  调用 LLM (mock)——上下文 3 条消息，工具 8 个...
  🔁 [ReAct-code#1] 💥 崩溃: Error: Always fail
  🔁 [ReAct-code#0] 启动——maxLoops=64, timeout=300000ms, tools=8个
  🔁 [ReAct-code#1] 🛰️  调用 LLM (mock)——上下文 3 条消息，工具 8 个...
  🔁 [ReAct-code#1] 💥 崩溃: Error: Always fail
  🔁 [ReAct-code#0] 启动——maxLoops=64, timeout=300000ms, tools=8个
  🔁 [ReAct-code#1] 🛰️  调用 LLM (mock)——上下文 3 条消息，工具 8 个...
  🔁 [ReAct-code#1] 💥 崩溃: Error: Always fail

[90mstdout[2m | packages/engine/tests/system-stress.test.ts[2m > [22m[2m场景 3：重规划预算耗尽[2m > [22m[2mmaxTotalReplans=3——两个不同节点的失败共享全局 budget
[22m[39m  🔁 [ReAct-code#0] 启动——maxLoops=64, timeout=300000ms, tools=8个
  🔁 [ReAct-code#1] 🛰️  调用 LLM (mock)——上下文 3 条消息，工具 8 个...
  🔁 [ReAct-code#0] 启动——maxLoops=64, timeout=300000ms, tools=8个
  🔁 [ReAct-code#1] 🛰️  调用 LLM (mock)——上下文 3 条消息，工具 8 个...
  🔁 [ReAct-code#1] 💥 崩溃: Error: Fail
  🔁 [ReAct-code#1] 💥 崩溃: Error: Fail
  🔁 [ReAct-code#0] 启动——maxLoops=64, timeout=300000ms, tools=8个
  🔁 [ReAct-code#1] 🛰️  调用 LLM (mock)——上下文 3 条消息，工具 8 个...
  🔁 [ReAct-code#0] 启动——maxLoops=64, timeout=300000ms, tools=8个
  🔁 [ReAct-code#1] 🛰️  调用 LLM (mock)——上下文 3 条消息，工具 8 个...
  🔁 [ReAct-code#1] 💥 崩溃: Error: Fail
  🔁 [ReAct-code#1] 💥 崩溃: Error: Fail
  🔁 [ReAct-code#0] 启动——maxLoops=64, timeout=300000ms, tools=8个
  🔁 [ReAct-code#1] 🛰️  调用 LLM (mock)——上下文 3 条消息，工具 8 个...
  🔁 [ReAct-code#1] 💥 崩溃: Error: Fail

[90mstdout[2m | packages/engine/tests/system-stress.test.ts[2m > [22m[2m场景 3：重规划预算耗尽[2m > [22m[2m重规划链解析——后代节点成功 → 原始节点视为成功
[22m[39m  🔁 [ReAct-code#0] 启动——maxLoops=64, timeout=300000ms, tools=8个
  🔁 [ReAct-code#1] 🛰️  调用 LLM (mock)——上下文 3 条消息，工具 8 个...
  🔁 [ReAct-code#1] 💥 崩溃: Error: First attempt fails
  🔁 [ReAct-code#0] 启动——maxLoops=64, timeout=300000ms, tools=8个
  🔁 [ReAct-code#1] 🛰️  调用 LLM (mock)——上下文 3 条消息，工具 8 个...
  📝 [ReAct-code#1] 文本响应: Fixed after replan
  🔁 [ReAct-code#1] ✅ LLM 响应耗时 0ms——工具调用 0 个
  🔁 [ReAct-code#1] 🛑 无工具调用，本轮结束——output=Fixed after replan
  🔁 [ReAct-code#1] 🏁 循环结束——耗时 0ms, loops=1/64, success=true

[90mstdout[2m | packages/engine/tests/system-stress.test.ts[2m > [22m[2m场景 3：重规划预算耗尽[2m > [22m[2m预算耗尽后 executeAll 快速终止——不依赖超时空转（D2 已修复）
[22m[39m  🔁 [ReAct-code#0] 启动——maxLoops=64, timeout=300000ms, tools=8个
  🔁 [ReAct-code#1] 🛰️  调用 LLM (mock)——上下文 3 条消息，工具 8 个...
  🔁 [ReAct-code#1] 💥 崩溃: Error: Persistent failure
  🔁 [ReAct-code#0] 启动——maxLoops=64, timeout=300000ms, tools=8个
  🔁 [ReAct-code#1] 🛰️  调用 LLM (mock)——上下文 3 条消息，工具 8 个...
  🔁 [ReAct-code#1] 💥 崩溃: Error: Persistent failure
  🔁 [ReAct-code#0] 启动——maxLoops=64, timeout=300000ms, tools=8个
  🔁 [ReAct-code#1] 🛰️  调用 LLM (mock)——上下文 3 条消息，工具 8 个...
  🔁 [ReAct-code#1] 💥 崩溃: Error: Persistent failure
  🔁 [ReAct-code#0] 启动——maxLoops=64, timeout=300000ms, tools=8个
  🔁 [ReAct-code#1] 🛰️  调用 LLM (mock)——上下文 3 条消息，工具 8 个...
  🔁 [ReAct-code#1] 💥 崩溃: Error: Persistent failure

[90mstdout[2m | packages/engine/tests/system-stress.test.ts[2m > [22m[2m场景 3：重规划预算耗尽[2m > [22m[2m跨 executeAll 调用——reset 防止状态泄漏
[22m[39m  🔁 [ReAct-code#0] 启动——maxLoops=64, timeout=300000ms, tools=8个
  🔁 [ReAct-code#1] 🛰️  调用 LLM (mock)——上下文 3 条消息，工具 8 个...
  🔁 [ReAct-code#1] 💥 崩溃: Error: Persistent failure
  🔁 [ReAct-code#0] 启动——maxLoops=64, timeout=300000ms, tools=8个
  🔁 [ReAct-code#1] 🛰️  调用 LLM (mock)——上下文 3 条消息，工具 8 个...
  🔁 [ReAct-code#1] 💥 崩溃: Error: Persistent failure
  🔁 [ReAct-code#0] 启动——maxLoops=64, timeout=300000ms, tools=8个
  🔁 [ReAct-code#1] 🛰️  调用 LLM (mock)——上下文 3 条消息，工具 8 个...
  🔁 [ReAct-code#1] 💥 崩溃: Error: Persistent failure
  🔁 [ReAct-code#0] 启动——maxLoops=64, timeout=300000ms, tools=8个
  🔁 [ReAct-code#1] 🛰️  调用 LLM (mock)——上下文 3 条消息，工具 8 个...
  🔁 [ReAct-code#1] 💥 崩溃: Error: Persistent failure
  🔁 [ReAct-code#0] 启动——maxLoops=64, timeout=300000ms, tools=8个
  🔁 [ReAct-code#1] 🛰️  调用 LLM (mock)——上下文 3 条消息，工具 8 个...
  🔁 [ReAct-code#1] 💥 崩溃: Error: Persistent failure
  🔁 [ReAct-code#0] 启动——maxLoops=64, timeout=300000ms, tools=8个
  🔁 [ReAct-code#1] 🛰️  调用 LLM (mock)——上下文 3 条消息，工具 8 个...
  🔁 [ReAct-code#1] 💥 崩溃: Error: Persistent failure
  🔁 [ReAct-code#0] 启动——maxLoops=64, timeout=300000ms, tools=8个
  🔁 [ReAct-code#1] 🛰️  调用 LLM (mock)——上下文 3 条消息，工具 8 个...
  🔁 [ReAct-code#1] 💥 崩溃: Error: Persistent failure
  🔁 [ReAct-code#0] 启动——maxLoops=64, timeout=300000ms, tools=8个
  🔁 [ReAct-code#1] 🛰️  调用 LLM (mock)——上下文 3 条消息，工具 8 个...
  🔁 [ReAct-code#1] 💥 崩溃: Error: Persistent failure

[90mstdout[2m | packages/engine/tests/system-stress.test.ts[2m > [22m[2m场景 4：级联失败——父节点失败不拖垮子树[2m > [22m[2m根节点失败——子树节点仍被调度并可达终态
[22m[39m  🔁 [ReAct-code#0] 启动——maxLoops=64, timeout=300000ms, tools=8个
  🔁 [ReAct-code#1] 🛰️  调用 LLM (mock)——上下文 3 条消息，工具 8 个...
  🔁 [ReAct-code#1] 💥 崩溃: Error: Root fails
  🔁 [ReAct-code#0] 启动——maxLoops=64, timeout=300000ms, tools=8个
  🔁 [ReAct-code#1] 🛰️  调用 LLM (mock)——上下文 3 条消息，工具 8 个...
  🔁 [ReAct-code#0] 启动——maxLoops=64, timeout=300000ms, tools=8个
  🔁 [ReAct-code#1] 🛰️  调用 LLM (mock)——上下文 3 条消息，工具 8 个...
  🔁 [ReAct-code#0] 启动——maxLoops=64, timeout=300000ms, tools=8个
  🔁 [ReAct-code#1] 🛰️  调用 LLM (mock)——上下文 3 条消息，工具 8 个...
  📝 [ReAct-code#1] 文本响应: Call 2 success
  🔁 [ReAct-code#1] ✅ LLM 响应耗时 0ms——工具调用 0 个
  🔁 [ReAct-code#1] 🛑 无工具调用，本轮结束——output=Call 2 success
  🔁 [ReAct-code#1] 🏁 循环结束——耗时 0ms, loops=1/64, success=true
  📝 [ReAct-code#1] 文本响应: Call 3 success
  🔁 [ReAct-code#1] ✅ LLM 响应耗时 0ms——工具调用 0 个
  🔁 [ReAct-code#1] 🛑 无工具调用，本轮结束——output=Call 3 success
  🔁 [ReAct-code#1] 🏁 循环结束——耗时 0ms, loops=1/64, success=true
  📝 [ReAct-code#1] 文本响应: Call 4 success
  🔁 [ReAct-code#1] ✅ LLM 响应耗时 0ms——工具调用 0 个
  🔁 [ReAct-code#1] 🛑 无工具调用，本轮结束——output=Call 4 success
  🔁 [ReAct-code#1] 🏁 循环结束——耗时 0ms, loops=1/64, success=true
  🔁 [ReAct-code#0] 启动——maxLoops=64, timeout=300000ms, tools=8个
  🔁 [ReAct-code#1] 🛰️  调用 LLM (mock)——上下文 3 条消息，工具 8 个...
  🔁 [ReAct-code#0] 启动——maxLoops=64, timeout=300000ms, tools=8个
  🔁 [ReAct-code#1] 🛰️  调用 LLM (mock)——上下文 3 条消息，工具 8 个...
  🔁 [ReAct-code#0] 启动——maxLoops=64, timeout=300000ms, tools=8个
  🔁 [ReAct-code#1] 🛰️  调用 LLM (mock)——上下文 3 条消息，工具 8 个...
  🔁 [ReAct-code#0] 启动——maxLoops=64, timeout=300000ms, tools=8个
  🔁 [ReAct-code#1] 🛰️  调用 LLM (mock)——上下文 3 条消息，工具 8 个...
  🔁 [ReAct-code#0] 启动——maxLoops=64, timeout=300000ms, tools=8个
  🔁 [ReAct-code#1] 🛰️  调用 LLM (mock)——上下文 3 条消息，工具 8 个...
  🔁 [ReAct-code#0] 启动——maxLoops=64, timeout=300000ms, tools=8个
  🔁 [ReAct-code#1] 🛰️  调用 LLM (mock)——上下文 3 条消息，工具 8 个...
  🔁 [ReAct-code#0] 启动——maxLoops=64, timeout=300000ms, tools=8个
  🔁 [ReAct-code#1] 🛰️  调用 LLM (mock)——上下文 3 条消息，工具 8 个...
  🔁 [ReAct-code#0] 启动——maxLoops=64, timeout=300000ms, tools=8个
  🔁 [ReAct-code#1] 🛰️  调用 LLM (mock)——上下文 3 条消息，工具 8 个...
  🔁 [ReAct-code#0] 启动——maxLoops=64, timeout=300000ms, tools=8个
  🔁 [ReAct-code#1] 🛰️  调用 LLM (mock)——上下文 3 条消息，工具 8 个...
  📝 [ReAct-code#1] 文本响应: Call 5 success
  🔁 [ReAct-code#1] ✅ LLM 响应耗时 0ms——工具调用 0 个
  🔁 [ReAct-code#1] 🛑 无工具调用，本轮结束——output=Call 5 success
  🔁 [ReAct-code#1] 🏁 循环结束——耗时 0ms, loops=1/64, success=true
  📝 [ReAct-code#1] 文本响应: Call 6 success
  🔁 [ReAct-code#1] ✅ LLM 响应耗时 0ms——工具调用 0 个
  🔁 [ReAct-code#1] 🛑 无工具调用，本轮结束——output=Call 6 success
  🔁 [ReAct-code#1] 🏁 循环结束——耗时 0ms, loops=1/64, success=true
  📝 [ReAct-code#1] 文本响应: Call 7 success
  🔁 [ReAct-code#1] ✅ LLM 响应耗时 0ms——工具调用 0 个
  🔁 [ReAct-code#1] 🛑 无工具调用，本轮结束——output=Call 7 success
  🔁 [ReAct-code#1] 🏁 循环结束——耗时 0ms, loops=1/64, success=true
  📝 [ReAct-code#1] 文本响应: Call 8 success
  🔁 [ReAct-code#1] ✅ LLM 响应耗时 0ms——工具调用 0 个
  🔁 [ReAct-code#1] 🛑 无工具调用，本轮结束——output=Call 8 success
  🔁 [ReAct-code#1] 🏁 循环结束——耗时 0ms, loops=1/64, success=true
  📝 [ReAct-code#1] 文本响应: Call 9 success
  🔁 [ReAct-code#1] ✅ LLM 响应耗时 0ms——工具调用 0 个
  🔁 [ReAct-code#1] 🛑 无工具调用，本轮结束——output=Call 9 success
  🔁 [ReAct-code#1] 🏁 循环结束——耗时 0ms, loops=1/64, success=true
  📝 [ReAct-code#1] 文本响应: Call 10 success
  🔁 [ReAct-code#1] ✅ LLM 响应耗时 0ms——工具调用 0 个
  🔁 [ReAct-code#1] 🛑 无工具调用，本轮结束——output=Call 10 success
  🔁 [ReAct-code#1] 🏁 循环结束——耗时 0ms, loops=1/64, success=true
  📝 [ReAct-code#1] 文本响应: Call 11 success
  🔁 [ReAct-code#1] ✅ LLM 响应耗时 0ms——工具调用 0 个
  🔁 [ReAct-code#1] 🛑 无工具调用，本轮结束——output=Call 11 success
  🔁 [ReAct-code#1] 🏁 循环结束——耗时 0ms, loops=1/64, success=true
  📝 [ReAct-code#1] 文本响应: Call 12 success
  🔁 [ReAct-code#1] ✅ LLM 响应耗时 0ms——工具调用 0 个
  🔁 [ReAct-code#1] 🛑 无工具调用，本轮结束——output=Call 12 success
  🔁 [ReAct-code#1] 🏁 循环结束——耗时 0ms, loops=1/64, success=true
  📝 [ReAct-code#1] 文本响应: Call 13 success
  🔁 [ReAct-code#1] ✅ LLM 响应耗时 0ms——工具调用 0 个
  🔁 [ReAct-code#1] 🛑 无工具调用，本轮结束——output=Call 13 success
  🔁 [ReAct-code#1] 🏁 循环结束——耗时 0ms, loops=1/64, success=true

[90mstdout[2m | packages/engine/tests/system-stress.test.ts[2m > [22m[2m场景 4：级联失败——父节点失败不拖垮子树[2m > [22m[2m中间层全失败——孙子层拓扑顺序不受影响
[22m[39m  🔁 [ReAct-code#0] 启动——maxLoops=64, timeout=300000ms, tools=8个
  🔁 [ReAct-code#1] 🛰️  调用 LLM (mock)——上下文 3 条消息，工具 8 个...
  🔁 [ReAct-code#1] 💥 崩溃: Error: Intermediate fails
  🔁 [ReAct-code#0] 启动——maxLoops=64, timeout=300000ms, tools=8个
  🔁 [ReAct-code#1] 🛰️  调用 LLM (mock)——上下文 3 条消息，工具 8 个...
  🔁 [ReAct-code#0] 启动——maxLoops=64, timeout=300000ms, tools=8个
  🔁 [ReAct-code#1] 🛰️  调用 LLM (mock)——上下文 3 条消息，工具 8 个...
  🔁 [ReAct-code#0] 启动——maxLoops=64, timeout=300000ms, tools=8个
  🔁 [ReAct-code#1] 🛰️  调用 LLM (mock)——上下文 3 条消息，工具 8 个...
  🔁 [ReAct-code#1] 💥 崩溃: Error: Intermediate fails
  🔁 [ReAct-code#1] 💥 崩溃: Error: Intermediate fails
  🔁 [ReAct-code#1] 💥 崩溃: Error: Intermediate fails
  🔁 [ReAct-code#0] 启动——maxLoops=64, timeout=300000ms, tools=8个
  🔁 [ReAct-code#1] 🛰️  调用 LLM (mock)——上下文 3 条消息，工具 8 个...
  🔁 [ReAct-code#0] 启动——maxLoops=64, timeout=300000ms, tools=8个
  🔁 [ReAct-code#1] 🛰️  调用 LLM (mock)——上下文 3 条消息，工具 8 个...
  🔁 [ReAct-code#0] 启动——maxLoops=64, timeout=300000ms, tools=8个
  🔁 [ReAct-code#1] 🛰️  调用 LLM (mock)——上下文 3 条消息，工具 8 个...
  🔁 [ReAct-code#0] 启动——maxLoops=64, timeout=300000ms, tools=8个
  🔁 [ReAct-code#1] 🛰️  调用 LLM (mock)——上下文 3 条消息，工具 8 个...
  🔁 [ReAct-code#0] 启动——maxLoops=64, timeout=300000ms, tools=8个
  🔁 [ReAct-code#1] 🛰️  调用 LLM (mock)——上下文 3 条消息，工具 8 个...
  🔁 [ReAct-code#0] 启动——maxLoops=64, timeout=300000ms, tools=8个
  🔁 [ReAct-code#1] 🛰️  调用 LLM (mock)——上下文 3 条消息，工具 8 个...
  🔁 [ReAct-code#0] 启动——maxLoops=64, timeout=300000ms, tools=8个
  🔁 [ReAct-code#1] 🛰️  调用 LLM (mock)——上下文 3 条消息，工具 8 个...
  🔁 [ReAct-code#0] 启动——maxLoops=64, timeout=300000ms, tools=8个
  🔁 [ReAct-code#1] 🛰️  调用 LLM (mock)——上下文 3 条消息，工具 8 个...
  🔁 [ReAct-code#0] 启动——maxLoops=64, timeout=300000ms, tools=8个
  🔁 [ReAct-code#1] 🛰️  调用 LLM (mock)——上下文 3 条消息，工具 8 个...
  📝 [ReAct-code#1] 文本响应: Call 5 success
  🔁 [ReAct-code#1] ✅ LLM 响应耗时 0ms——工具调用 0 个
  🔁 [ReAct-code#1] 🛑 无工具调用，本轮结束——output=Call 5 success
  🔁 [ReAct-code#1] 🏁 循环结束——耗时 0ms, loops=1/64, success=true
  📝 [ReAct-code#1] 文本响应: Call 6 success
  🔁 [ReAct-code#1] ✅ LLM 响应耗时 0ms——工具调用 0 个
  🔁 [ReAct-code#1] 🛑 无工具调用，本轮结束——output=Call 6 success
  🔁 [ReAct-code#1] 🏁 循环结束——耗时 0ms, loops=1/64, success=true
  📝 [ReAct-code#1] 文本响应: Call 7 success
  🔁 [ReAct-code#1] ✅ LLM 响应耗时 0ms——工具调用 0 个
  🔁 [ReAct-code#1] 🛑 无工具调用，本轮结束——output=Call 7 success
  🔁 [ReAct-code#1] 🏁 循环结束——耗时 0ms, loops=1/64, success=true
  📝 [ReAct-code#1] 文本响应: Call 8 success
  🔁 [ReAct-code#1] ✅ LLM 响应耗时 0ms——工具调用 0 个
  🔁 [ReAct-code#1] 🛑 无工具调用，本轮结束——output=Call 8 success
  🔁 [ReAct-code#1] 🏁 循环结束——耗时 0ms, loops=1/64, success=true
  📝 [ReAct-code#1] 文本响应: Call 9 success
  🔁 [ReAct-code#1] ✅ LLM 响应耗时 0ms——工具调用 0 个
  🔁 [ReAct-code#1] 🛑 无工具调用，本轮结束——output=Call 9 success
  🔁 [ReAct-code#1] 🏁 循环结束——耗时 0ms, loops=1/64, success=true
  📝 [ReAct-code#1] 文本响应: Call 10 success
  🔁 [ReAct-code#1] ✅ LLM 响应耗时 0ms——工具调用 0 个
  🔁 [ReAct-code#1] 🛑 无工具调用，本轮结束——output=Call 10 success
  🔁 [ReAct-code#1] 🏁 循环结束——耗时 0ms, loops=1/64, success=true
  📝 [ReAct-code#1] 文本响应: Call 11 success
  🔁 [ReAct-code#1] ✅ LLM 响应耗时 0ms——工具调用 0 个
  🔁 [ReAct-code#1] 🛑 无工具调用，本轮结束——output=Call 11 success
  🔁 [ReAct-code#1] 🏁 循环结束——耗时 0ms, loops=1/64, success=true
  📝 [ReAct-code#1] 文本响应: Call 12 success
  🔁 [ReAct-code#1] ✅ LLM 响应耗时 0ms——工具调用 0 个
  🔁 [ReAct-code#1] 🛑 无工具调用，本轮结束——output=Call 12 success
  🔁 [ReAct-code#1] 🏁 循环结束——耗时 0ms, loops=1/64, success=true
  📝 [ReAct-code#1] 文本响应: Call 13 success
  🔁 [ReAct-code#1] ✅ LLM 响应耗时 0ms——工具调用 0 个
  🔁 [ReAct-code#1] 🛑 无工具调用，本轮结束——output=Call 13 success
  🔁 [ReAct-code#1] 🏁 循环结束——耗时 0ms, loops=1/64, success=true

 [32m✓[39m packages/engine/tests/memory-store-write-rollback.test.ts [2m([22m[2m8 tests[22m[2m)[22m[33m 778[2mms[22m[39m
   [33m[2m✓[22m[39m MemoryStore 写路径 DB 失败回滚[2m > [22m用例1: write() 正常持久化写入后可通过 read() 检索 [33m648[2mms[22m[39m
[90mstdout[2m | packages/engine/tests/memory-pipeline.test.ts[2m > [22m[2mexecuteWithMemoryPipeline (with memory)[2m > [22m[2mshould execute with memory and write to MemoryStore on success
[22m[39m  🔁 [ReAct-code#0] 启动——maxLoops=64, timeout=300000ms, tools=8个
  🔁 [ReAct-code#1] 🛰️  调用 LLM (mock-model)——上下文 3 条消息，工具 8 个...
  📝 [ReAct-code#1] 文本响应: Task completed.
  🔁 [ReAct-code#1] ✅ LLM 响应耗时 0ms——工具调用 0 个
  🔁 [ReAct-code#1] 🛑 无工具调用，本轮结束——output=Task completed.
  🔁 [ReAct-code#1] 🏁 循环结束——耗时 0ms, loops=1/64, success=true

[90mstdout[2m | packages/engine/tests/memory-pipeline.test.ts[2m > [22m[2mexecuteWithMemoryPipeline (with memory)[2m > [22m[2mshould write failure memory as lesson (regression from P2 improvement)
[22m[39m  🔁 [ReAct-code#0] 启动——maxLoops=64, timeout=300000ms, tools=8个
  🔁 [ReAct-code#1] 🛰️  调用 LLM (mock-model)——上下文 3 条消息，工具 8 个...
  🔁 [ReAct-code#1] 💥 崩溃: Error: Fatal error

 [32m✓[39m packages/engine/tests/memory-pipeline.test.ts [2m([22m[2m20 tests[22m[2m)[22m[33m 806[2mms[22m[39m
   [33m[2m✓[22m[39m executeWithMemoryPipeline (with memory)[2m > [22mshould execute with memory and write to MemoryStore on success [33m774[2mms[22m[39m
 [32m✓[39m packages/engine/tests/memory-store-lifecycle.test.ts [2m([22m[2m9 tests[22m[2m)[22m[33m 896[2mms[22m[39m
   [33m[2m✓[22m[39m MemoryStore 生命周期状态机[2m > [22m用例1: _safeDbRun 正常执行 INSERT 不抛异常 [33m731[2mms[22m[39m
 [32m✓[39m packages/engine/tests/memory-store.test.ts [2m([22m[2m29 tests[22m[2m)[22m[33m 984[2mms[22m[39m
   [33m[2m✓[22m[39m MemoryStore[2m > [22m写入并检索单条记忆 [33m724[2mms[22m[39m
[90mstderr[2m | packages/engine/tests/bootstrap-integration.test.ts[2m > [22m[2mT1: bootstrapEngine 启动全流水线[2m > [22m[2mMemoryStore 启动后进行读写
[22m[39m[ConsistencyLayer] InitVerifier 已显式禁用 (enableInitVerifier=false)。记忆-现实一致性校验（六层防御第一道防线）将不生效。

 [31m❯[39m packages/engine/tests/skill-bootstrap-integration.test.ts [2m([22m[2m4 tests[22m[2m | [22m[31m3 failed[39m[2m)[22m[33m 1090[2mms[22m[39m
[31m   [31m×[31m Skill Bootstrap Full Pipeline Integration[2m > [22mfull pipeline: register skill -> match by tags -> inject -> execute agent -> feedback[90m 11[2mms[22m[31m[39m
[31m     → SkillExecutor is not a constructor[39m
[31m   [31m×[31m Skill Bootstrap Full Pipeline Integration[2m > [22mMetaAgent.setSkillRegistry -> skills available for planning[90m 1[2mms[22m[31m[39m
[31m     → SkillExecutor is not a constructor[39m
[31m   [31m×[31m Skill Bootstrap Full Pipeline Integration[2m > [22mMultiple skills registered -> non-overlapping matching[90m 1[2mms[22m[31m[39m
[31m     → SkillExecutor is not a constructor[39m
   [33m[2m✓[22m[39m Skill Persistence via MemoryStore[2m > [22mskills can be persisted to and loaded from MemoryStore [33m1075[2mms[22m[39m
 [32m✓[39m packages/prompt-kit/tests/unit/loader.test.ts [2m([22m[2m20 tests[22m[2m)[22m[90m 31[2mms[22m[39m
 [32m✓[39m packages/prompt-kit/tests/unit/orchestrator.test.ts [2m([22m[2m12 tests[22m[2m)[22m[90m 41[2mms[22m[39m
 [32m✓[39m packages/skill-kit/tests/validator.test.ts [2m([22m[2m14 tests[22m[2m)[22m[90m 11[2mms[22m[39m
 [32m✓[39m packages/skill-kit/tests/template-engine.test.ts [2m([22m[2m22 tests[22m[2m)[22m[90m 15[2mms[22m[39m
[90mstderr[2m | packages/engine/tests/bootstrap-integration.test.ts[2m > [22m[2mT1: bootstrapEngine 启动全流水线[2m > [22m[2mMemoryStore 启动后进行读写
[22m[39m[embedding] ONNX 模型预加载完成 (0.7s)

 [32m✓[39m packages/skill-kit/tests/cache.test.ts [2m([22m[2m11 tests[22m[2m)[22m[90m 110[2mms[22m[39m
 [32m✓[39m packages/parser/tests/parser.test.ts [2m([22m[2m13 tests[22m[2m)[22m[90m 13[2mms[22m[39m
 [32m✓[39m packages/prompt-kit/tests/unit/cache.test.ts [2m([22m[2m12 tests[22m[2m)[22m[90m 121[2mms[22m[39m
[90mstderr[2m | packages/engine/tests/bootstrap-integration.test.ts[2m > [22m[2mT1: bootstrapEngine 启动全流水线[2m > [22m[2mScheduler 注册了 Agent 并可执行合成任务
[22m[39m[ConsistencyLayer] InitVerifier 已显式禁用 (enableInitVerifier=false)。记忆-现实一致性校验（六层防御第一道防线）将不生效。

 [32m✓[39m packages/prompt-kit/tests/unit/version.test.ts [2m([22m[2m7 tests[22m[2m)[22m[90m 11[2mms[22m[39m
 [32m✓[39m packages/skill-kit/tests/executor.test.ts [2m([22m[2m9 tests[22m[2m)[22m[33m 1029[2mms[22m[39m
   [33m[2m✓[22m[39m PipelineExecutor[2m > [22m超时后返回 TIMEOUT 错误 [33m1015[2mms[22m[39m
[90mstderr[2m | packages/skill-kit/tests/executor.test.ts[2m > [22m[2mPipelineExecutor[2m > [22m[2mexecute 抛出异常时返回 EXECUTION_FAILED
[22m[39m[skill] 技能 "throw-skill" 执行异常：执行异常

 [32m✓[39m packages/skill-kit/tests/loader.test.ts [2m([22m[2m8 tests[22m[2m)[22m[90m 20[2mms[22m[39m
[90mstderr[2m | packages/engine/tests/bootstrap-integration.test.ts[2m > [22m[2mT2: MetaAgent.plan() 意图拆解[2m > [22m[2mplan() 解析 LLM JSON 输出为 TaskNode 数组
[22m[39m[ConsistencyLayer] InitVerifier 已显式禁用 (enableInitVerifier=false)。记忆-现实一致性校验（六层防御第一道防线）将不生效。

 [32m✓[39m packages/engine/tests/task-board.test.ts [2m([22m[2m15 tests[22m[2m)[22m[90m 15[2mms[22m[39m
 [32m✓[39m packages/engine/tests/agent-pool-status-ownership.test.ts [2m([22m[2m7 tests[22m[2m)[22m[90m 11[2mms[22m[39m
[90mstdout[2m | packages/engine/tests/e2e/strategist-agent-mock.test.ts[2m > [22m[2m霜凝 StrategistAgent Mock E2E[2m > [22m[2m霜凝接收 direction 标签，分析修复方向一致性
[22m[39m  🔁 [ReAct-strategist#0] 启动——maxLoops=3, timeout=300000ms, tools=5个
  🔁 [ReAct-strategist#1] 🛰️  调用 LLM (deepseek-v4-flash)——上下文 3 条消息，工具 5 个...
  📝 [ReAct-strategist#1] 文本响应: I'll search the codebase for relevant patterns.
  🔁 [ReAct-strategist#1] ✅ LLM 响应耗时 1ms——工具调用 1 个
  🔁 [ReAct-strategist#1] 🔧 执行工具 search_code
  🔁 [ReAct-strategist#1] 🔧 search_code → ❌ 失败: search_code: rg 不可用。请使用 list_files 列出目录 + read_file 读取具体文件。
  🔁 [ReAct-strategist#2] 🛰️  调用 LLM (deepseek-v4-flash)——上下文 5 条消息，工具 5 个...
  📝 [ReAct-strategist#2] 文本响应: Writing the analysis report.
  🔁 [ReAct-strategist#2] ✅ LLM 响应耗时 0ms——工具调用 1 个
  🔁 [ReAct-strategist#2] 🔧 执行工具 write_file
  🔁 [ReAct-strategist#2] 🔧 write_file → ❌ 失败: Tool "write_file" not permitted for agent type "strategist"
  🔁 [ReAct-strategist#3] 🛰️  调用 LLM (deepseek-v4-flash)——上下文 7 条消息，工具 5 个...
  📝 [ReAct-strategist#3] 文本响应: ## Analysis Report

方向分析：两个修复方案存在矛盾——方案A 修改 index.ts barrel 导出，方案B 修改内部实现绕过 barrel。两者对 barrel 策略的处理方向不一致。

建议：统一走 barrel 导出，方案B 应改为通过 barrel 暴露新符号。
  🔁 [ReAct-strategist#3] ✅ LLM 响应耗时 0ms——工具调用 0 个
  🔁 [ReAct-strategist#3] 🛑 无工具调用，本轮结束——output=## Analysis Report

方向分析：两个修复方案存在矛盾——方案A 修改 index.ts barrel 导出，方案B 修改内部实现绕过 barrel。两者对 barrel 策略的处理方
  🔁 [ReAct-strategist#3] 🏁 循环结束——耗时 11ms, loops=3/3, success=true

[90mstdout[2m | packages/engine/tests/e2e/strategist-agent-mock.test.ts[2m > [22m[2m霜凝 StrategistAgent Mock E2E[2m > [22m[2m霜凝接收 strategy 标签，返回修复优先序建议
[22m[39m  🔁 [ReAct-strategist#0] 启动——maxLoops=3, timeout=300000ms, tools=5个
  🔁 [ReAct-strategist#1] 🛰️  调用 LLM (deepseek-v4-flash)——上下文 3 条消息，工具 5 个...
  📝 [ReAct-strategist#1] 文本响应: I'll search the codebase for relevant patterns.
  🔁 [ReAct-strategist#1] ✅ LLM 响应耗时 0ms——工具调用 1 个
  🔁 [ReAct-strategist#1] 🔧 执行工具 search_code
  🔁 [ReAct-strategist#1] 🔧 search_code → ❌ 失败: search_code: rg 不可用。请使用 list_files 列出目录 + read_file 读取具体文件。
  🔁 [ReAct-strategist#2] 🛰️  调用 LLM (deepseek-v4-flash)——上下文 5 条消息，工具 5 个...
  📝 [ReAct-strategist#2] 文本响应: Writing the analysis report.
  🔁 [ReAct-strategist#2] ✅ LLM 响应耗时 0ms——工具调用 1 个
  🔁 [ReAct-strategist#2] 🔧 执行工具 write_file
  🔁 [ReAct-strategist#2] 🔧 write_file → ❌ 失败: Tool "write_file" not permitted for agent type "strategist"
  🔁 [ReAct-strategist#3] 🛰️  调用 LLM (deepseek-v4-flash)——上下文 7 条消息，工具 5 个...
  📝 [ReAct-strategist#3] 文本响应: ## Analysis Report

策略建议：
1. P0 优先修复 barrel 导出缺失（影响外部引用）
2. P1 修复类型定义不一致（影响编译安全）
3. P2 优化测试覆盖率
以上顺序基于风险优先级：外部契约 > 类型安全 > 质量基线。
  🔁 [ReAct-strategist#3] ✅ LLM 响应耗时 0ms——工具调用 0 个
  🔁 [ReAct-strategist#3] 🛑 无工具调用，本轮结束——output=## Analysis Report

策略建议：
1. P0 优先修复 barrel 导出缺失（影响外部引用）
2. P1 修复类型定义不一致（影响编译安全）
3. P2 优化测试覆盖率
以上顺序基
  🔁 [ReAct-strategist#3] 🏁 循环结束——耗时 6ms, loops=3/3, success=true

[90mstdout[2m | packages/engine/tests/e2e/strategist-agent-mock.test.ts[2m > [22m[2m霜凝 StrategistAgent Mock E2E[2m > [22m[2m霜凝同时接收 strategy + direction 标签，综合判断
[22m[39m  🔁 [ReAct-strategist#0] 启动——maxLoops=3, timeout=300000ms, tools=5个
  🔁 [ReAct-strategist#1] 🛰️  调用 LLM (deepseek-v4-flash)——上下文 3 条消息，工具 5 个...
  📝 [ReAct-strategist#1] 文本响应: I'll search the codebase for relevant patterns.
  🔁 [ReAct-strategist#1] ✅ LLM 响应耗时 0ms——工具调用 1 个
  🔁 [ReAct-strategist#1] 🔧 执行工具 search_code
  🔁 [ReAct-strategist#1] 🔧 search_code → ❌ 失败: search_code: rg 不可用。请使用 list_files 列出目录 + read_file 读取具体文件。
  🔁 [ReAct-strategist#2] 🛰️  调用 LLM (deepseek-v4-flash)——上下文 5 条消息，工具 5 个...
  📝 [ReAct-strategist#2] 文本响应: Writing the analysis report.
  🔁 [ReAct-strategist#2] ✅ LLM 响应耗时 0ms——工具调用 1 个
  🔁 [ReAct-strategist#2] 🔧 执行工具 write_file
  🔁 [ReAct-strategist#2] 🔧 write_file → ❌ 失败: Tool "write_file" not permitted for agent type "strategist"
  🔁 [ReAct-strategist#3] 🛰️  调用 LLM (deepseek-v4-flash)——上下文 7 条消息，工具 5 个...
  📝 [ReAct-strategist#3] 文本响应: ## Analysis Report

综合分析：
方向层面——两个 PR 修改方向一致，均增加 barrel 导出。
策略层面——建议在合并前独立验证新导出的类型签名，避免 barrel 污染。
优先级：P1（合并前加类型校验步骤）。
  🔁 [ReAct-strategist#3] ✅ LLM 响应耗时 0ms——工具调用 0 个
  🔁 [ReAct-strategist#3] 🛑 无工具调用，本轮结束——output=## Analysis Report

综合分析：
方向层面——两个 PR 修改方向一致，均增加 barrel 导出。
策略层面——建议在合并前独立验证新导出的类型签名，避免 barrel 污染。
优
  🔁 [ReAct-strategist#3] 🏁 循环结束——耗时 7ms, loops=3/3, success=true

 [32m✓[39m packages/engine/tests/e2e/strategist-agent-mock.test.ts [2m([22m[2m3 tests[22m[2m)[22m[90m 42[2mms[22m[39m
 [32m✓[39m packages/engine/tests/confirm-gate-timeout.test.ts [2m([22m[2m11 tests[22m[2m)[22m[90m 170[2mms[22m[39m
 [32m✓[39m packages/engine/tests/path-safety.test.ts [2m([22m[2m20 tests[22m[2m)[22m[90m 11[2mms[22m[39m
 [32m✓[39m packages/engine/tests/pipeline-observer.test.ts [2m([22m[2m9 tests[22m[2m)[22m[90m 13[2mms[22m[39m
 [32m✓[39m packages/engine/tests/butler-agent.test.ts [2m([22m[2m12 tests[22m[2m)[22m[90m 19[2mms[22m[39m
[90mstderr[2m | packages/engine/tests/bootstrap-integration.test.ts[2m > [22m[2mT2: MetaAgent.plan() 意图拆解[2m > [22m[2mplan() 对空 JSON 返回空数组（无工作即无任务）
[22m[39m[ConsistencyLayer] InitVerifier 已显式禁用 (enableInitVerifier=false)。记忆-现实一致性校验（六层防御第一道防线）将不生效。

[90mstdout[2m | packages/engine/tests/react-loop.test.ts[2m > [22m[2mrunReActLoop[2m > [22m[2mshould return success on final answer (no tool calls)
[22m[39m  🔁 [ReAct-undefined#0] 启动——maxLoops=64, timeout=10000ms, tools=0个
  🔁 [ReAct-undefined#1] 🛰️  调用 LLM (mock-model)——上下文 3 条消息，工具 0 个...
  📝 [ReAct-undefined#1] 文本响应: All done!
  🔁 [ReAct-undefined#1] ✅ LLM 响应耗时 1ms——工具调用 0 个
  🔁 [ReAct-undefined#1] 🛑 无工具调用，本轮结束——output=All done!
  🔁 [ReAct-undefined#1] 🏁 循环结束——耗时 3ms, loops=1/64, success=true

[90mstdout[2m | packages/engine/tests/react-loop.test.ts[2m > [22m[2mrunReActLoop[2m > [22m[2mshould execute tool calls and continue
[22m[39m  🔁 [ReAct-undefined#0] 启动——maxLoops=64, timeout=10000ms, tools=0个
  🔁 [ReAct-undefined#1] 🛰️  调用 LLM (mock-model)——上下文 3 条消息，工具 0 个...
  📝 [ReAct-undefined#1] 文本响应: Reading file...
  🔁 [ReAct-undefined#1] ✅ LLM 响应耗时 0ms——工具调用 1 个
  🔁 [ReAct-undefined#1] 🔧 执行工具 read_file
  🔁 [ReAct-undefined#1] 🔧 read_file → ❌ 失败: Tool "read_file" not permitted for agent type "undefined"
  🔁 [ReAct-undefined#2] 🛰️  调用 LLM (mock-model)——上下文 5 条消息，工具 0 个...
  📝 [ReAct-undefined#2] 文本响应: File read successfully.
  🔁 [ReAct-undefined#2] ✅ LLM 响应耗时 0ms——工具调用 0 个
  🔁 [ReAct-undefined#2] 🛑 无工具调用，本轮结束——output=File read successfully.
  🔁 [ReAct-undefined#2] 🏁 循环结束——耗时 1ms, loops=2/64, success=true

[90mstdout[2m | packages/engine/tests/react-loop.test.ts[2m > [22m[2mrunReActLoop[2m > [22m[2mshould report failure when loop crashes
[22m[39m  🔁 [ReAct-undefined#0] 启动——maxLoops=64, timeout=10000ms, tools=0个
  🔁 [ReAct-undefined#1] 🛰️  调用 LLM (mock-model)——上下文 3 条消息，工具 0 个...
  🔁 [ReAct-undefined#1] 💥 崩溃: Error: API failure

[90mstdout[2m | packages/engine/tests/react-loop.test.ts[2m > [22m[2mrunReActLoop[2m > [22m[2mshould exceed max loops and report failure
[22m[39m  🔁 [ReAct-undefined#0] 启动——maxLoops=3, timeout=10000ms, tools=0个
  🔁 [ReAct-undefined#1] 🛰️  调用 LLM (mock-model)——上下文 3 条消息，工具 0 个...
  📝 [ReAct-undefined#1] 文本响应: Still working...
  🔁 [ReAct-undefined#1] ✅ LLM 响应耗时 0ms——工具调用 1 个
  🔁 [ReAct-undefined#1] 🔧 执行工具 search_code
  🔁 [ReAct-undefined#1] 🔧 search_code → ❌ 失败: Tool "search_code" not permitted for agent type "undefined"
  🔁 [ReAct-undefined#2] 🛰️  调用 LLM (mock-model)——上下文 5 条消息，工具 0 个...
  📝 [ReAct-undefined#2] 文本响应: Still working...
  🔁 [ReAct-undefined#2] ✅ LLM 响应耗时 0ms——工具调用 1 个
  🔁 [ReAct-undefined#2] 🔧 执行工具 search_code
  🔁 [ReAct-undefined#2] 🔧 search_code → ❌ 失败: Tool "search_code" not permitted for agent type "undefined"
  🔁 [ReAct-undefined#3] 🛰️  调用 LLM (mock-model)——上下文 7 条消息，工具 0 个...
  📝 [ReAct-undefined#3] 文本响应: Still working...
  🔁 [ReAct-undefined#3] ✅ LLM 响应耗时 0ms——工具调用 1 个
  🔁 [ReAct-undefined#3] 🔧 执行工具 search_code
  🔁 [ReAct-undefined#3] 🔧 search_code → ❌ 失败: Tool "search_code" not permitted for agent type "undefined"
  🔁 [ReAct-undefined#3] 🏁 循环结束——耗时 0ms, loops=3/3, success=false

[90mstdout[2m | packages/engine/tests/react-loop.test.ts[2m > [22m[2mrunReActLoop[2m > [22m[2mshould inject force-converge prompt near limit
[22m[39m  🔁 [ReAct-undefined#0] 启动——maxLoops=8, timeout=10000ms, tools=0个
  🔁 [ReAct-undefined#1] 🛰️  调用 LLM (mock-model)——上下文 3 条消息，工具 0 个...
  📝 [ReAct-undefined#1] 文本响应: ok
  🔁 [ReAct-undefined#1] ✅ LLM 响应耗时 0ms——工具调用 0 个
  🔁 [ReAct-undefined#1] 🛑 无工具调用，本轮结束——output=ok
  🔁 [ReAct-undefined#1] 🏁 循环结束——耗时 0ms, loops=1/8, success=true

 [32m✓[39m packages/engine/tests/react-loop.test.ts [2m([22m[2m5 tests[22m[2m)[22m[90m 12[2mms[22m[39m
 [32m✓[39m packages/testing/tests/synthetic.test.ts [2m([22m[2m12 tests[22m[2m)[22m[90m 13[2mms[22m[39m
 [32m✓[39m packages/engine/tests/confirm-gate-cli.test.ts [2m([22m[2m6 tests[22m[2m)[22m[90m 31[2mms[22m[39m
[90mstdout[2m | packages/engine/tests/agent-factory.test.ts[2m > [22m[2mcreateAgent (factory)[2m > [22m[2mshould execute a task and return success
[22m[39m  🔁 [ReAct-code#0] 启动——maxLoops=64, timeout=300000ms, tools=8个
  🔁 [ReAct-code#1] 🛰️  调用 LLM (mock-model)——上下文 3 条消息，工具 8 个...
  📝 [ReAct-code#1] 文本响应: Task completed.
  🔁 [ReAct-code#1] ✅ LLM 响应耗时 0ms——工具调用 0 个
  🔁 [ReAct-code#1] 🛑 无工具调用，本轮结束——output=Task completed.
  🔁 [ReAct-code#1] 🏁 循环结束——耗时 1ms, loops=1/64, success=true

[90mstdout[2m | packages/engine/tests/agent-factory.test.ts[2m > [22m[2mcreateAgent (factory)[2m > [22m[2mshould support maxLoops override
[22m[39m  🔁 [ReAct-code#0] 启动——maxLoops=4, timeout=300000ms, tools=8个
  🔁 [ReAct-code#1] 🛰️  调用 LLM (mock-model)——上下文 3 条消息，工具 8 个...
  📝 [ReAct-code#1] 文本响应: Loop 1
  🔁 [ReAct-code#1] ✅ LLM 响应耗时 0ms——工具调用 1 个
  🔁 [ReAct-code#1] 🔧 执行工具 read_file
  🔁 [ReAct-code#1] 🔧 read_file → ✅ 成功 (0ms)
  🔁 [ReAct-code#2] 🛰️  调用 LLM (mock-model)——上下文 5 条消息，工具 8 个...
  📝 [ReAct-code#2] 文本响应: Loop 2
  🔁 [ReAct-code#2] ✅ LLM 响应耗时 0ms——工具调用 1 个
  🔁 [ReAct-code#2] 🔧 执行工具 read_file
  🔁 [ReAct-code#2] 🔧 read_file → ✅ 成功 (0ms)
  🔁 [ReAct-code#3] 🛰️  调用 LLM (mock-model)——上下文 7 条消息，工具 8 个...
  📝 [ReAct-code#3] 文本响应: Loop 3
  🔁 [ReAct-code#3] ✅ LLM 响应耗时 0ms——工具调用 1 个
  🔁 [ReAct-code#3] 🔧 执行工具 read_file
  🔁 [ReAct-code#3] 🔧 read_file → ✅ 成功 (0ms)
  🔁 [ReAct-code#4] 🛰️  调用 LLM (mock-model)——上下文 9 条消息，工具 8 个...
  📝 [ReAct-code#4] 文本响应: Loop 4
  🔁 [ReAct-code#4] ✅ LLM 响应耗时 0ms——工具调用 1 个
  🔁 [ReAct-code#4] 🔧 执行工具 read_file
  🔁 [ReAct-code#4] 🔧 read_file → ✅ 成功 (0ms)
  🔁 [ReAct-code#4] 🏁 循环结束——耗时 1ms, loops=4/4, success=false

 [32m✓[39m packages/engine/tests/agent-factory.test.ts [2m([22m[2m10 tests[22m[2m)[22m[90m 17[2mms[22m[39m
 [32m✓[39m packages/engine/tests/agent-pool.test.ts [2m([22m[2m7 tests[22m[2m)[22m[90m 12[2mms[22m[39m
[90mstdout[2m | packages/skill-kit/tests/factory.test.ts[2m > [22m[2mSkillFactory[2m > [22m[2mvalidate() 返回校验结果（技能未注册）
[22m[39m[skill-kit] 缓存未命中，加载技能：nonexistent

 [32m✓[39m packages/skill-kit/tests/factory.test.ts [2m([22m[2m8 tests[22m[2m)[22m[90m 10[2mms[22m[39m
 [32m✓[39m packages/data/tests/data.test.ts [2m([22m[2m10 tests[22m[2m)[22m[90m 14[2mms[22m[39m
 [32m✓[39m packages/engine/tests/scheduler-cycle-recovery.test.ts [2m([22m[2m5 tests[22m[2m)[22m[90m 9[2mms[22m[39m
[90mstdout[2m | packages/engine/tests/code-agent.test.ts[2m > [22m[2mCodeAgent[2m > [22m[2m执行实现任务：读取→写入→给出最终答案
[22m[39m  🔁 [ReAct-code#0] 启动——maxLoops=64, timeout=300000ms, tools=8个
  🔁 [ReAct-code#1] 🛰️  调用 LLM (mock-chat)——上下文 3 条消息，工具 8 个...
  📝 [ReAct-code#1] 文本响应: Let me read the target file first.
  🔁 [ReAct-code#1] ✅ LLM 响应耗时 1ms——工具调用 1 个
  🔁 [ReAct-code#1] 🔧 执行工具 read_file
  🔁 [ReAct-code#1] 🔧 read_file → ✅ 成功 (1ms)
  🔁 [ReAct-code#2] 🛰️  调用 LLM (mock-chat)——上下文 5 条消息，工具 8 个...
  📝 [ReAct-code#2] 文本响应: Now I will apply the fix.
  🔁 [ReAct-code#2] ✅ LLM 响应耗时 0ms——工具调用 1 个
  🔁 [ReAct-code#2] 🔧 执行工具 write_file
  🔁 [ReAct-code#2] 🔧 write_file → ✅ 成功 (1ms)
  🔁 [ReAct-code#3] 🛰️  调用 LLM (mock-chat)——上下文 7 条消息，工具 8 个...
  📝 [ReAct-code#3] 文本响应: 任务完成：已修改 /proj/src/app.ts，添加了缺失的 import 语句。
  🔁 [ReAct-code#3] ✅ LLM 响应耗时 0ms——工具调用 0 个
  🔁 [ReAct-code#3] 🛑 无工具调用，本轮结束——output=任务完成：已修改 /proj/src/app.ts，添加了缺失的 import 语句。
  🔁 [ReAct-code#3] 🏁 循环结束——耗时 5ms, loops=3/64, success=true

 [32m✓[39m packages/engine/tests/memory-store-save.test.ts [2m([22m[2m6 tests[22m[2m)[22m[33m 1069[2mms[22m[39m
   [33m[2m✓[22m[39m MemoryStore._saveDb[2m > [22mpersists and reloads data correctly (happy path, no retry needed) [33m838[2mms[22m[39m
[90mstdout[2m | packages/engine/tests/code-agent.test.ts[2m > [22m[2mCodeAgent[2m > [22m[2m超过最大循环次数应返回失败
[22m[39m  🔁 [ReAct-code#0] 启动——maxLoops=64, timeout=300000ms, tools=8个
  🔁 [ReAct-code#1] 🛰️  调用 LLM (mock-chat)——上下文 3 条消息，工具 8 个...
  📝 [ReAct-code#1] 文本响应: I need to read more...
  🔁 [ReAct-code#1] ✅ LLM 响应耗时 0ms——工具调用 1 个
  🔁 [ReAct-code#1] 🔧 执行工具 read_file
  🔁 [ReAct-code#1] 🔧 read_file → ✅ 成功 (1ms)
  🔁 [ReAct-code#2] 🛰️  调用 LLM (mock-chat)——上下文 5 条消息，工具 8 个...
  📝 [ReAct-code#2] 文本响应: I need to read more...
  🔁 [ReAct-code#2] ✅ LLM 响应耗时 0ms——工具调用 1 个
  🔁 [ReAct-code#2] 🔧 执行工具 read_file
  🔁 [ReAct-code#2] 🔧 read_file → ✅ 成功 (0ms)
  🔁 [ReAct-code#3] 🛰️  调用 LLM (mock-chat)——上下文 7 条消息，工具 8 个...
  📝 [ReAct-code#3] 文本响应: I need to read more...
  🔁 [ReAct-code#3] ✅ LLM 响应耗时 0ms——工具调用 1 个
  🔁 [ReAct-code#3] 🔧 执行工具 read_file
  🔁 [ReAct-code#3] 🔧 read_file → ✅ 成功 (1ms)
  🔁 [ReAct-code#4] 🛰️  调用 LLM (mock-chat)——上下文 9 条消息，工具 8 个...
  📝 [ReAct-code#4] 文本响应: I need to read more...
  🔁 [ReAct-code#4] ✅ LLM 响应耗时 0ms——工具调用 1 个
  🔁 [ReAct-code#4] 🔧 执行工具 read_file
  🔁 [ReAct-code#4] 🔧 read_file → ✅ 成功 (0ms)
  🔁 [ReAct-code#5] 🛰️  调用 LLM (mock-chat)——上下文 11 条消息，工具 8 个...
  📝 [ReAct-code#5] 文本响应: I need to read more...
  🔁 [ReAct-code#5] ✅ LLM 响应耗时 0ms——工具调用 1 个
  🔁 [ReAct-code#5] 🔧 执行工具 read_file
  🔁 [ReAct-code#5] 🔧 read_file → ✅ 成功 (0ms)
  🔁 [ReAct-code#6] 🛰️  调用 LLM (mock-chat)——上下文 13 条消息，工具 8 个...
  📝 [ReAct-code#6] 文本响应: I need to read more...
  🔁 [ReAct-code#6] ✅ LLM 响应耗时 0ms——工具调用 1 个
  🔁 [ReAct-code#6] 🔧 执行工具 read_file
  🔁 [ReAct-code#6] 🔧 read_file → ✅ 成功 (0ms)
  🔁 [ReAct-code#7] 🛰️  调用 LLM (mock-chat)——上下文 15 条消息，工具 8 个...
  📝 [ReAct-code#7] 文本响应: I need to read more...
  🔁 [ReAct-code#7] ✅ LLM 响应耗时 0ms——工具调用 1 个
  🔁 [ReAct-code#7] 🔧 执行工具 read_file
  🔁 [ReAct-code#7] 🔧 read_file → ✅ 成功 (0ms)
  🔁 [ReAct-code#8] 🛰️  调用 LLM (mock-chat)——上下文 17 条消息，工具 8 个...
  📝 [ReAct-code#8] 文本响应: I need to read more...
  🔁 [ReAct-code#8] ✅ LLM 响应耗时 0ms——工具调用 1 个
  🔁 [ReAct-code#8] 🔧 执行工具 read_file
  🔁 [ReAct-code#8] 🔧 read_file → ✅ 成功 (1ms)
  🔁 [ReAct-code#9] 🛰️  调用 LLM (mock-chat)——上下文 19 条消息，工具 8 个...
  📝 [ReAct-code#9] 文本响应: I need to read more...
  🔁 [ReAct-code#9] ✅ LLM 响应耗时 0ms——工具调用 1 个
  🔁 [ReAct-code#9] 🔧 执行工具 read_file
  🔁 [ReAct-code#9] 🔧 read_file → ✅ 成功 (0ms)
  🔁 [ReAct-code#10] 🛰️  调用 LLM (mock-chat)——上下文 21 条消息，工具 8 个...
  📝 [ReAct-code#10] 文本响应: I need to read more...
  🔁 [ReAct-code#10] ✅ LLM 响应耗时 0ms——工具调用 1 个
  🔁 [ReAct-code#10] 🔧 执行工具 read_file
  🔁 [ReAct-code#10] 🔧 read_file → ✅ 成功 (1ms)
  🔁 [ReAct-code#11] 🛰️  调用 LLM (mock-chat)——上下文 23 条消息，工具 8 个...
  📝 [ReAct-code#11] 文本响应: I need to read more...
  🔁 [ReAct-code#11] ✅ LLM 响应耗时 0ms——工具调用 1 个
  🔁 [ReAct-code#11] 🔧 执行工具 read_file
  🔁 [ReAct-code#11] 🔧 read_file → ✅ 成功 (0ms)
  🔁 [ReAct-code#12] 🛰️  调用 LLM (mock-chat)——上下文 25 条消息，工具 8 个...
  📝 [ReAct-code#12] 文本响应: I need to read more...
  🔁 [ReAct-code#12] ✅ LLM 响应耗时 0ms——工具调用 1 个
  🔁 [ReAct-code#12] 🔧 执行工具 read_file
  🔁 [ReAct-code#12] 🔧 read_file → ✅ 成功 (1ms)
  🔁 [ReAct-code#13] 🛰️  调用 LLM (mock-chat)——上下文 27 条消息，工具 8 个...
  📝 [ReAct-code#13] 文本响应: I need to read more...
  🔁 [ReAct-code#13] ✅ LLM 响应耗时 0ms——工具调用 1 个
  🔁 [ReAct-code#13] 🔧 执行工具 read_file
  🔁 [ReAct-code#13] 🔧 read_file → ✅ 成功 (0ms)
  🔁 [ReAct-code#14] 🛰️  调用 LLM (mock-chat)——上下文 29 条消息，工具 8 个...
  📝 [ReAct-code#14] 文本响应: I need to read more...
  🔁 [ReAct-code#14] ✅ LLM 响应耗时 0ms——工具调用 1 个
  🔁 [ReAct-code#14] 🔧 执行工具 read_file
  🔁 [ReAct-code#14] 🔧 read_file → ✅ 成功 (0ms)
  🔁 [ReAct-code#15] 🛰️  调用 LLM (mock-chat)——上下文 31 条消息，工具 8 个...
  📝 [ReAct-code#15] 文本响应: I need to read more...
  🔁 [ReAct-code#15] ✅ LLM 响应耗时 0ms——工具调用 1 个
  🔁 [ReAct-code#15] 🔧 执行工具 read_file
  🔁 [ReAct-code#15] 🔧 read_file → ✅ 成功 (1ms)
  🔁 [ReAct-code#16] 🛰️  调用 LLM (mock-chat)——上下文 33 条消息，工具 8 个...
  📝 [ReAct-code#16] 文本响应: I need to read more...
  🔁 [ReAct-code#16] ✅ LLM 响应耗时 0ms——工具调用 1 个
  🔁 [ReAct-code#16] 🔧 执行工具 read_file
  🔁 [ReAct-code#16] 🔧 read_file → ✅ 成功 (0ms)
  🔁 [ReAct-code#17] 🛰️  调用 LLM (mock-chat)——上下文 35 条消息，工具 8 个...
  📝 [ReAct-code#17] 文本响应: I need to read more...
  🔁 [ReAct-code#17] ✅ LLM 响应耗时 0ms——工具调用 1 个
  🔁 [ReAct-code#17] 🔧 执行工具 read_file
  🔁 [ReAct-code#17] 🔧 read_file → ✅ 成功 (0ms)
  🔁 [ReAct-code#18] 🛰️  调用 LLM (mock-chat)——上下文 37 条消息，工具 8 个...
  📝 [ReAct-code#18] 文本响应: I need to read more...
  🔁 [ReAct-code#18] ✅ LLM 响应耗时 0ms——工具调用 1 个
  🔁 [ReAct-code#18] 🔧 执行工具 read_file
  🔁 [ReAct-code#18] 🔧 read_file → ✅ 成功 (1ms)
  🔁 [ReAct-code#19] 🛰️  调用 LLM (mock-chat)——上下文 39 条消息，工具 8 个...
  📝 [ReAct-code#19] 文本响应: I need to read more...
  🔁 [ReAct-code#19] ✅ LLM 响应耗时 0ms——工具调用 1 个
  🔁 [ReAct-code#19] 🔧 执行工具 read_file
  🔁 [ReAct-code#19] 🔧 read_file → ✅ 成功 (0ms)
  🔁 [ReAct-code#20] 🛰️  调用 LLM (mock-chat)——上下文 41 条消息，工具 8 个...
  📝 [ReAct-code#20] 文本响应: I need to read more...
  🔁 [ReAct-code#20] ✅ LLM 响应耗时 0ms——工具调用 1 个
  🔁 [ReAct-code#20] 🔧 执行工具 read_file
  🔁 [ReAct-code#20] 🔧 read_file → ✅ 成功 (1ms)
  🔁 [ReAct-code#21] 🛰️  调用 LLM (mock-chat)——上下文 43 条消息，工具 8 个...
  📝 [ReAct-code#21] 文本响应: I need to read more...
  🔁 [ReAct-code#21] ✅ LLM 响应耗时 0ms——工具调用 1 个
  🔁 [ReAct-code#21] 🔧 执行工具 read_file
  🔁 [ReAct-code#21] 🔧 read_file → ✅ 成功 (0ms)
  🔁 [ReAct-code#22] 🛰️  调用 LLM (mock-chat)——上下文 45 条消息，工具 8 个...
  📝 [ReAct-code#22] 文本响应: I need to read more...
  🔁 [ReAct-code#22] ✅ LLM 响应耗时 0ms——工具调用 1 个
  🔁 [ReAct-code#22] 🔧 执行工具 read_file
  🔁 [ReAct-code#22] 🔧 read_file → ✅ 成功 (0ms)
  🔁 [ReAct-code#23] 🛰️  调用 LLM (mock-chat)——上下文 47 条消息，工具 8 个...
  📝 [ReAct-code#23] 文本响应: I need to read more...
  🔁 [ReAct-code#23] ✅ LLM 响应耗时 0ms——工具调用 1 个
  🔁 [ReAct-code#23] 🔧 执行工具 read_file
  🔁 [ReAct-code#23] 🔧 read_file → ✅ 成功 (1ms)
  🔁 [ReAct-code#24] 🛰️  调用 LLM (mock-chat)——上下文 49 条消息，工具 8 个...
  📝 [ReAct-code#24] 文本响应: I need to read more...
  🔁 [ReAct-code#24] ✅ LLM 响应耗时 0ms——工具调用 1 个
  🔁 [ReAct-code#24] 🔧 执行工具 read_file
  🔁 [ReAct-code#24] 🔧 read_file → ✅ 成功 (0ms)
  🔁 [ReAct-code#25] 🛰️  调用 LLM (mock-chat)——上下文 51 条消息，工具 8 个...
  📝 [ReAct-code#25] 文本响应: I need to read more...
  🔁 [ReAct-code#25] ✅ LLM 响应耗时 0ms——工具调用 1 个
  🔁 [ReAct-code#25] 🔧 执行工具 read_file
  🔁 [ReAct-code#25] 🔧 read_file → ✅ 成功 (1ms)
  🔁 [ReAct-code#26] 🛰️  调用 LLM (mock-chat)——上下文 53 条消息，工具 8 个...
  📝 [ReAct-code#26] 文本响应: I need to read more...
  🔁 [ReAct-code#26] ✅ LLM 响应耗时 0ms——工具调用 1 个
  🔁 [ReAct-code#26] 🔧 执行工具 read_file
  🔁 [ReAct-code#26] 🔧 read_file → ✅ 成功 (0ms)
  🔁 [ReAct-code#27] 🛰️  调用 LLM (mock-chat)——上下文 55 条消息，工具 8 个...
  📝 [ReAct-code#27] 文本响应: I need to read more...
  🔁 [ReAct-code#27] ✅ LLM 响应耗时 0ms——工具调用 1 个
  🔁 [ReAct-code#27] 🔧 执行工具 read_file
  🔁 [ReAct-code#27] 🔧 read_file → ✅ 成功 (0ms)
  🔁 [ReAct-code#28] 🛰️  调用 LLM (mock-chat)——上下文 57 条消息，工具 8 个...
  📝 [ReAct-code#28] 文本响应: I need to read more...
  🔁 [ReAct-code#28] ✅ LLM 响应耗时 0ms——工具调用 1 个
  🔁 [ReAct-code#28] 🔧 执行工具 read_file
  🔁 [ReAct-code#28] 🔧 read_file → ✅ 成功 (1ms)
  🔁 [ReAct-code#29] 🛰️  调用 LLM (mock-chat)——上下文 59 条消息，工具 8 个...
  📝 [ReAct-code#29] 文本响应: I need to read more...
  🔁 [ReAct-code#29] ✅ LLM 响应耗时 0ms——工具调用 1 个
  🔁 [ReAct-code#29] 🔧 执行工具 read_file
  🔁 [ReAct-code#29] 🔧 read_file → ✅ 成功 (0ms)
  🔁 [ReAct-code#30] 🛰️  调用 LLM (mock-chat)——上下文 61 条消息，工具 8 个...
  📝 [ReAct-code#30] 文本响应: I need to read more...
  🔁 [ReAct-code#30] ✅ LLM 响应耗时 0ms——工具调用 1 个
  🔁 [ReAct-code#30] 🔧 执行工具 read_file
  🔁 [ReAct-code#30] 🔧 read_file → ✅ 成功 (1ms)
  🔁 [ReAct-code#31] 🛰️  调用 LLM (mock-chat)——上下文 63 条消息，工具 8 个...
  📝 [ReAct-code#31] 文本响应: I need to read more...
  🔁 [ReAct-code#31] ✅ LLM 响应耗时 0ms——工具调用 1 个
  🔁 [ReAct-code#31] 🔧 执行工具 read_file
  🔁 [ReAct-code#31] 🔧 read_file → ✅ 成功 (1ms)
  🔁 [ReAct-code#32] 🛰️  调用 LLM (mock-chat)——上下文 65 条消息，工具 8 个...
  📝 [ReAct-code#32] 文本响应: I need to read more...
  🔁 [ReAct-code#32] ✅ LLM 响应耗时 0ms——工具调用 1 个
  🔁 [ReAct-code#32] 🔧 执行工具 read_file
  🔁 [ReAct-code#32] 🔧 read_file → ✅ 成功 (0ms)
  🔁 [ReAct-code#33] 🛰️  调用 LLM (mock-chat)——上下文 67 条消息，工具 8 个...
  📝 [ReAct-code#33] 文本响应: I need to read more...
  🔁 [ReAct-code#33] ✅ LLM 响应耗时 0ms——工具调用 1 个
  🔁 [ReAct-code#33] 🔧 执行工具 read_file
  🔁 [ReAct-code#33] 🔧 read_file → ✅ 成功 (1ms)
  🔁 [ReAct-code#34] 🛰️  调用 LLM (mock-chat)——上下文 69 条消息，工具 8 个...
  📝 [ReAct-code#34] 文本响应: I need to read more...
  🔁 [ReAct-code#34] ✅ LLM 响应耗时 0ms——工具调用 1 个
  🔁 [ReAct-code#34] 🔧 执行工具 read_file
  🔁 [ReAct-code#34] 🔧 read_file → ✅ 成功 (0ms)
  🔁 [ReAct-code#35] 🛰️  调用 LLM (mock-chat)——上下文 71 条消息，工具 8 个...
  📝 [ReAct-code#35] 文本响应: I need to read more...
  🔁 [ReAct-code#35] ✅ LLM 响应耗时 0ms——工具调用 1 个
  🔁 [ReAct-code#35] 🔧 执行工具 read_file
  🔁 [ReAct-code#35] 🔧 read_file → ✅ 成功 (1ms)
  🔁 [ReAct-code#36] 🛰️  调用 LLM (mock-chat)——上下文 73 条消息，工具 8 个...
  📝 [ReAct-code#36] 文本响应: I need to read more...
  🔁 [ReAct-code#36] ✅ LLM 响应耗时 0ms——工具调用 1 个
  🔁 [ReAct-code#36] 🔧 执行工具 read_file
  🔁 [ReAct-code#36] 🔧 read_file → ✅ 成功 (1ms)
  🔁 [ReAct-code#37] 🛰️  调用 LLM (mock-chat)——上下文 75 条消息，工具 8 个...
  📝 [ReAct-code#37] 文本响应: I need to read more...
  🔁 [ReAct-code#37] ✅ LLM 响应耗时 0ms——工具调用 1 个
  🔁 [ReAct-code#37] 🔧 执行工具 read_file
  🔁 [ReAct-code#37] 🔧 read_file → ✅ 成功 (0ms)
  🔁 [ReAct-code#38] 🛰️  调用 LLM (mock-chat)——上下文 77 条消息，工具 8 个...
  📝 [ReAct-code#38] 文本响应: I need to read more...
  🔁 [ReAct-code#38] ✅ LLM 响应耗时 0ms——工具调用 1 个
  🔁 [ReAct-code#38] 🔧 执行工具 read_file
  🔁 [ReAct-code#38] 🔧 read_file → ✅ 成功 (1ms)
  🔁 [ReAct-code#39] 🛰️  调用 LLM (mock-chat)——上下文 79 条消息，工具 8 个...
  📝 [ReAct-code#39] 文本响应: I need to read more...
  🔁 [ReAct-code#39] ✅ LLM 响应耗时 0ms——工具调用 1 个
  🔁 [ReAct-code#39] 🔧 执行工具 read_file
  🔁 [ReAct-code#39] 🔧 read_file → ✅ 成功 (0ms)
  🔁 [ReAct-code#40] 🛰️  调用 LLM (mock-chat)——上下文 81 条消息，工具 8 个...
  📝 [ReAct-code#40] 文本响应: I need to read more...
  🔁 [ReAct-code#40] ✅ LLM 响应耗时 0ms——工具调用 1 个
  🔁 [ReAct-code#40] 🔧 执行工具 read_file
  🔁 [ReAct-code#40] 🔧 read_file → ✅ 成功 (0ms)
  🔁 [ReAct-code#41] 🛰️  调用 LLM (mock-chat)——上下文 83 条消息，工具 8 个...
  📝 [ReAct-code#41] 文本响应: I need to read more...
  🔁 [ReAct-code#41] ✅ LLM 响应耗时 0ms——工具调用 1 个
  🔁 [ReAct-code#41] 🔧 执行工具 read_file
  🔁 [ReAct-code#41] 🔧 read_file → ✅ 成功 (0ms)
  🔁 [ReAct-code#42] 🛰️  调用 LLM (mock-chat)——上下文 85 条消息，工具 8 个...
  📝 [ReAct-code#42] 文本响应: I need to read more...
  🔁 [ReAct-code#42] ✅ LLM 响应耗时 0ms——工具调用 1 个
  🔁 [ReAct-code#42] 🔧 执行工具 read_file
  🔁 [ReAct-code#42] 🔧 read_file → ✅ 成功 (0ms)
  🔁 [ReAct-code#43] 🛰️  调用 LLM (mock-chat)——上下文 87 条消息，工具 8 个...
  📝 [ReAct-code#43] 文本响应: I need to read more...
  🔁 [ReAct-code#43] ✅ LLM 响应耗时 0ms——工具调用 1 个
  🔁 [ReAct-code#43] 🔧 执行工具 read_file
  🔁 [ReAct-code#43] 🔧 read_file → ✅ 成功 (0ms)
  🔁 [ReAct-code#44] 🛰️  调用 LLM (mock-chat)——上下文 89 条消息，工具 8 个...
  📝 [ReAct-code#44] 文本响应: I need to read more...
  🔁 [ReAct-code#44] ✅ LLM 响应耗时 0ms——工具调用 1 个
  🔁 [ReAct-code#44] 🔧 执行工具 read_file
  🔁 [ReAct-code#44] 🔧 read_file → ✅ 成功 (0ms)
  🔁 [ReAct-code#45] 🛰️  调用 LLM (mock-chat)——上下文 91 条消息，工具 8 个...
  📝 [ReAct-code#45] 文本响应: I need to read more...
  🔁 [ReAct-code#45] ✅ LLM 响应耗时 0ms——工具调用 1 个
  🔁 [ReAct-code#45] 🔧 执行工具 read_file
  🔁 [ReAct-code#45] 🔧 read_file → ✅ 成功 (1ms)
  🔁 [ReAct-code#46] 🛰️  调用 LLM (mock-chat)——上下文 93 条消息，工具 8 个...
  📝 [ReAct-code#46] 文本响应: I need to read more...
  🔁 [ReAct-code#46] ✅ LLM 响应耗时 0ms——工具调用 1 个
  🔁 [ReAct-code#46] 🔧 执行工具 read_file
  🔁 [ReAct-code#46] 🔧 read_file → ✅ 成功 (0ms)
  🔁 [ReAct-code#47] 🛰️  调用 LLM (mock-chat)——上下文 95 条消息，工具 8 个...
  📝 [ReAct-code#47] 文本响应: I need to read more...
  🔁 [ReAct-code#47] ✅ LLM 响应耗时 0ms——工具调用 1 个
  🔁 [ReAct-code#47] 🔧 执行工具 read_file
  🔁 [ReAct-code#47] 🔧 read_file → ✅ 成功 (0ms)
  🔁 [ReAct-code#48] 🛰️  调用 LLM (mock-chat)——上下文 97 条消息，工具 8 个...
  📝 [ReAct-code#48] 文本响应: I need to read more...
  🔁 [ReAct-code#48] ✅ LLM 响应耗时 0ms——工具调用 1 个
  🔁 [ReAct-code#48] 🔧 执行工具 read_file
  🔁 [ReAct-code#48] 🔧 read_file → ✅ 成功 (0ms)
  🔁 [ReAct-code#49] 🛰️  调用 LLM (mock-chat)——上下文 99 条消息，工具 8 个...
  📝 [ReAct-code#49] 文本响应: I need to read more...
  🔁 [ReAct-code#49] ✅ LLM 响应耗时 0ms——工具调用 1 个
  🔁 [ReAct-code#49] 🔧 执行工具 read_file
  🔁 [ReAct-code#49] 🔧 read_file → ✅ 成功 (1ms)
  🔁 [ReAct-code#50] 🛰️  调用 LLM (mock-chat)——上下文 101 条消息，工具 8 个...
  📝 [ReAct-code#50] 文本响应: I need to read more...
  🔁 [ReAct-code#50] ✅ LLM 响应耗时 0ms——工具调用 1 个
  🔁 [ReAct-code#50] 🔧 执行工具 read_file
  🔁 [ReAct-code#50] 🔧 read_file → ✅ 成功 (0ms)
  🔁 [ReAct-code#51] 🛰️  调用 LLM (mock-chat)——上下文 103 条消息，工具 8 个...
  📝 [ReAct-code#51] 文本响应: I need to read more...
  🔁 [ReAct-code#51] ✅ LLM 响应耗时 0ms——工具调用 1 个
  🔁 [ReAct-code#51] 🔧 执行工具 read_file
  🔁 [ReAct-code#51] 🔧 read_file → ✅ 成功 (1ms)
  🔁 [ReAct-code#52] 🛰️  调用 LLM (mock-chat)——上下文 105 条消息，工具 8 个...
  📝 [ReAct-code#52] 文本响应: I need to read more...
  🔁 [ReAct-code#52] ✅ LLM 响应耗时 0ms——工具调用 1 个
  🔁 [ReAct-code#52] 🔧 执行工具 read_file
  🔁 [ReAct-code#52] 🔧 read_file → ✅ 成功 (0ms)
  🔁 [ReAct-code#53] 🛰️  调用 LLM (mock-chat)——上下文 107 条消息，工具 8 个...
  📝 [ReAct-code#53] 文本响应: I need to read more...
  🔁 [ReAct-code#53] ✅ LLM 响应耗时 0ms——工具调用 1 个
  🔁 [ReAct-code#53] 🔧 执行工具 read_file
  🔁 [ReAct-code#53] 🔧 read_file → ✅ 成功 (1ms)
  🔁 [ReAct-code#54] 🛰️  调用 LLM (mock-chat)——上下文 109 条消息，工具 8 个...
  📝 [ReAct-code#54] 文本响应: I need to read more...
  🔁 [ReAct-code#54] ✅ LLM 响应耗时 0ms——工具调用 1 个
  🔁 [ReAct-code#54] 🔧 执行工具 read_file
  🔁 [ReAct-code#54] 🔧 read_file → ✅ 成功 (0ms)
  🔁 [ReAct-code#55] 🛰️  调用 LLM (mock-chat)——上下文 111 条消息，工具 8 个...
  📝 [ReAct-code#55] 文本响应: I need to read more...
  🔁 [ReAct-code#55] ✅ LLM 响应耗时 0ms——工具调用 1 个
  🔁 [ReAct-code#55] 🔧 执行工具 read_file
  🔁 [ReAct-code#55] 🔧 read_file → ✅ 成功 (0ms)
  🔁 [ReAct-code#56] 🛰️  调用 LLM (mock-chat)——上下文 113 条消息，工具 8 个...
  📝 [ReAct-code#56] 文本响应: I need to read more...
  🔁 [ReAct-code#56] ✅ LLM 响应耗时 0ms——工具调用 1 个
  🔁 [ReAct-code#56] 🔧 执行工具 read_file
  🔁 [ReAct-code#56] 🔧 read_file → ✅ 成功 (0ms)
  🔁 [ReAct-code#57] 🛰️  调用 LLM (mock-chat)——上下文 115 条消息，工具 8 个...
  📝 [ReAct-code#57] 文本响应: I need to read more...
  🔁 [ReAct-code#57] ✅ LLM 响应耗时 0ms——工具调用 1 个
  🔁 [ReAct-code#57] 🔧 执行工具 read_file
  🔁 [ReAct-code#57] 🔧 read_file → ✅ 成功 (0ms)
  🔁 [ReAct-code#58] 🛰️  调用 LLM (mock-chat)——上下文 117 条消息，工具 8 个...
  📝 [ReAct-code#58] 文本响应: I need to read more...
  🔁 [ReAct-code#58] ✅ LLM 响应耗时 0ms——工具调用 1 个
  🔁 [ReAct-code#58] 🔧 执行工具 read_file
  🔁 [ReAct-code#58] 🔧 read_file → ✅ 成功 (0ms)
  🔁 [ReAct-code#59] 🛰️  调用 LLM (mock-chat)——上下文 119 条消息，工具 8 个...
  📝 [ReAct-code#59] 文本响应: I need to read more...
  🔁 [ReAct-code#59] ✅ LLM 响应耗时 0ms——工具调用 1 个
  🔁 [ReAct-code#59] 🔧 执行工具 read_file
  🔁 [ReAct-code#59] 🔧 read_file → ✅ 成功 (0ms)
  🔁 [ReAct-code#60] 接近循环上限，注入截止提示
  🔁 [ReAct-code#60] 🛰️  调用 LLM (mock-chat)——上下文 122 条消息，工具 8 个...
  📝 [ReAct-code#60] 文本响应: I need to read more...
  🔁 [ReAct-code#60] ✅ LLM 响应耗时 0ms——工具调用 1 个
  🔁 [ReAct-code#60] 🔧 执行工具 read_file
  🔁 [ReAct-code#60] 🔧 read_file → ✅ 成功 (0ms)
  🔁 [ReAct-code#61] 🛰️  调用 LLM (mock-chat)——上下文 124 条消息，工具 8 个...
  📝 [ReAct-code#61] 文本响应: I need to read more...
  🔁 [ReAct-code#61] ✅ LLM 响应耗时 0ms——工具调用 1 个
  🔁 [ReAct-code#61] 🔧 执行工具 read_file
  🔁 [ReAct-code#61] 🔧 read_file → ✅ 成功 (1ms)
  🔁 [ReAct-code#62] 🛰️  调用 LLM (mock-chat)——上下文 126 条消息，工具 8 个...
  📝 [ReAct-code#62] 文本响应: I need to read more...
  🔁 [ReAct-code#62] ✅ LLM 响应耗时 0ms——工具调用 1 个
  🔁 [ReAct-code#62] 🔧 执行工具 read_file
  🔁 [ReAct-code#62] 🔧 read_file → ✅ 成功 (0ms)
  🔁 [ReAct-code#63] 🛰️  调用 LLM (mock-chat)——上下文 128 条消息，工具 8 个...
  📝 [ReAct-code#63] 文本响应: I need to read more...
  🔁 [ReAct-code#63] ✅ LLM 响应耗时 0ms——工具调用 1 个
  🔁 [ReAct-code#63] 🔧 执行工具 read_file
  🔁 [ReAct-code#63] 🔧 read_file → ✅ 成功 (1ms)
  🔁 [ReAct-code#64] 🛰️  调用 LLM (mock-chat)——上下文 130 条消息，工具 8 个...
  📝 [ReAct-code#64] 文本响应: I need to read more...
  🔁 [ReAct-code#64] ✅ LLM 响应耗时 0ms——工具调用 1 个
  🔁 [ReAct-code#64] 🔧 执行工具 read_file
  🔁 [ReAct-code#64] 🔧 read_file → ✅ 成功 (0ms)
  🔁 [ReAct-code#64] 🏁 循环结束——耗时 27ms, loops=64/64, success=false

[90mstdout[2m | packages/engine/tests/code-agent.test.ts[2m > [22m[2mCodeAgent[2m > [22m[2m状态机：Created → Awake → Active → Awake
[22m[39m  🔁 [ReAct-code#0] 启动——maxLoops=64, timeout=300000ms, tools=8个
  🔁 [ReAct-code#1] 🛰️  调用 LLM (mock-chat)——上下文 3 条消息，工具 8 个...
  📝 [ReAct-code#1] 文本响应: 任务完成：已修改 /proj/src/app.ts，添加了缺失的 import 语句。
  🔁 [ReAct-code#1] ✅ LLM 响应耗时 0ms——工具调用 0 个
  🔁 [ReAct-code#1] 🛑 无工具调用，本轮结束——output=任务完成：已修改 /proj/src/app.ts，添加了缺失的 import 语句。
  🔁 [ReAct-code#1] 🏁 循环结束——耗时 0ms, loops=1/64, success=true

 [32m✓[39m packages/engine/tests/code-agent.test.ts [2m([22m[2m3 tests[22m[2m)[22m[90m 44[2mms[22m[39m
[90mstderr[2m | packages/engine/tests/bootstrap-integration.test.ts[2m > [22m[2mT3: Plan → Execute 闭环[2m > [22m[2mMetaAgent plan → Scheduler executeAll 全链路
[22m[39m[ConsistencyLayer] InitVerifier 已显式禁用 (enableInitVerifier=false)。记忆-现实一致性校验（六层防御第一道防线）将不生效。

[90mstdout[2m | packages/engine/tests/review-agent.test.ts[2m > [22m[2mReviewAgent[2m > [22m[2m执行审查任务：读取→搜索→给出结构化审查报告
[22m[39m  🔁 [ReAct-review#0] 启动——maxLoops=64, timeout=300000ms, tools=7个
  🔁 [ReAct-review#1] 🛰️  调用 LLM (mock-chat)——上下文 3 条消息，工具 7 个...
  📝 [ReAct-review#1] 文本响应: Let me review the mentioned file first.
  🔁 [ReAct-review#1] ✅ LLM 响应耗时 0ms——工具调用 1 个
  🔁 [ReAct-review#1] 🔧 执行工具 read_file
  🔁 [ReAct-review#1] 🔧 read_file → ❌ 失败: 文件不存在: D:\proj\src\utils.ts
  🔁 [ReAct-review#2] 🛰️  调用 LLM (mock-chat)——上下文 5 条消息，工具 7 个...
  📝 [ReAct-review#2] 文本响应: Let me search for similar patterns.
  🔁 [ReAct-review#2] ✅ LLM 响应耗时 0ms——工具调用 1 个
  🔁 [ReAct-review#2] 🔧 执行工具 search_code
  🔁 [ReAct-review#2] 🔧 search_code → ❌ 失败: search_code: rg 不可用。请使用 list_files 列出目录 + read_file 读取具体文件。
  🔁 [ReAct-review#3] 🛰️  调用 LLM (mock-chat)——上下文 7 条消息，工具 7 个...
  📝 [ReAct-review#3] 文本响应: ## 审查报告

### 发现
- **严重** /proj/src/utils.ts:42 — `Math.random()` 用于密码学场景，应使用 `crypto.randomBytes()`
- **中等** /proj/src/utils.ts:58 — 缺少 null 检查
- **建议** 添加单元测试覆盖这些边界情况

### 结论
1 个严重问题，1 个中等问题，建议修复后再合并...(截断)
  🔁 [ReAct-review#3] ✅ LLM 响应耗时 0ms——工具调用 0 个
  🔁 [ReAct-review#3] 🛑 无工具调用，本轮结束——output=## 审查报告

### 发现
- **严重** /proj/src/utils.ts:42 — `Math.random()` 用于密码学场景，应使用 `crypto.randomBytes()`

  🔁 [ReAct-review#3] 🏁 循环结束——耗时 14ms, loops=3/64, success=true

[90mstdout[2m | packages/engine/tests/review-agent.test.ts[2m > [22m[2mReviewAgent[2m > [22m[2m审查 Agent 无权调用 write_file——Toolkit 权限层拦截
[22m[39m  🔁 [ReAct-review#0] 启动——maxLoops=64, timeout=300000ms, tools=7个
  🔁 [ReAct-review#1] 🛰️  调用 LLM (mock-chat)——上下文 3 条消息，工具 7 个...
  📝 [ReAct-review#1] 文本响应: I will write a fix.
  🔁 [ReAct-review#1] ✅ LLM 响应耗时 0ms——工具调用 1 个
  🔁 [ReAct-review#1] 🔧 执行工具 write_file
  🔁 [ReAct-review#1] 🔧 write_file → ✅ 成功 (2ms)
  🔁 [ReAct-review#2] 🛰️  调用 LLM (mock-chat)——上下文 5 条消息，工具 7 个...
  📝 [ReAct-review#2] 文本响应: I will write a fix.
  🔁 [ReAct-review#2] ✅ LLM 响应耗时 0ms——工具调用 1 个
  🔁 [ReAct-review#2] 🔧 执行工具 write_file
  🔁 [ReAct-review#2] 🔧 write_file → ✅ 成功 (1ms)
  🔁 [ReAct-review#3] 🛰️  调用 LLM (mock-chat)——上下文 7 条消息，工具 7 个...
  📝 [ReAct-review#3] 文本响应: I will write a fix.
  🔁 [ReAct-review#3] ✅ LLM 响应耗时 0ms——工具调用 1 个
  🔁 [ReAct-review#3] 🔧 执行工具 write_file
  🔁 [ReAct-review#3] 🔧 write_file → ✅ 成功 (1ms)
  🔁 [ReAct-review#4] 🛰️  调用 LLM (mock-chat)——上下文 9 条消息，工具 7 个...
  📝 [ReAct-review#4] 文本响应: I will write a fix.
  🔁 [ReAct-review#4] ✅ LLM 响应耗时 0ms——工具调用 1 个
  🔁 [ReAct-review#4] 🔧 执行工具 write_file
  🔁 [ReAct-review#4] 🔧 write_file → ✅ 成功 (2ms)
  🔁 [ReAct-review#5] 🛰️  调用 LLM (mock-chat)——上下文 11 条消息，工具 7 个...
  📝 [ReAct-review#5] 文本响应: I will write a fix.
  🔁 [ReAct-review#5] ✅ LLM 响应耗时 0ms——工具调用 1 个
  🔁 [ReAct-review#5] 🔧 执行工具 write_file
  🔁 [ReAct-review#5] 🔧 write_file → ✅ 成功 (2ms)
  🔁 [ReAct-review#6] 🛰️  调用 LLM (mock-chat)——上下文 13 条消息，工具 7 个...
  📝 [ReAct-review#6] 文本响应: I will write a fix.
  🔁 [ReAct-review#6] ✅ LLM 响应耗时 0ms——工具调用 1 个
  🔁 [ReAct-review#6] 🔧 执行工具 write_file
  🔁 [ReAct-review#6] 🔧 write_file → ✅ 成功 (1ms)
  🔁 [ReAct-review#7] 🛰️  调用 LLM (mock-chat)——上下文 15 条消息，工具 7 个...
  📝 [ReAct-review#7] 文本响应: I will write a fix.
  🔁 [ReAct-review#7] ✅ LLM 响应耗时 0ms——工具调用 1 个
  🔁 [ReAct-review#7] 🔧 执行工具 write_file
  🔁 [ReAct-review#7] 🔧 write_file → ✅ 成功 (3ms)
  🔁 [ReAct-review#8] 🛰️  调用 LLM (mock-chat)——上下文 17 条消息，工具 7 个...
  📝 [ReAct-review#8] 文本响应: I will write a fix.
  🔁 [ReAct-review#8] ✅ LLM 响应耗时 0ms——工具调用 1 个
  🔁 [ReAct-review#8] 🔧 执行工具 write_file
  🔁 [ReAct-review#8] 🔧 write_file → ✅ 成功 (0ms)
  🔁 [ReAct-review#9] 🛰️  调用 LLM (mock-chat)——上下文 19 条消息，工具 7 个...
  📝 [ReAct-review#9] 文本响应: I will write a fix.
  🔁 [ReAct-review#9] ✅ LLM 响应耗时 0ms——工具调用 1 个
  🔁 [ReAct-review#9] 🔧 执行工具 write_file
  🔁 [ReAct-review#9] 🔧 write_file → ✅ 成功 (0ms)
  🔁 [ReAct-review#10] 🛰️  调用 LLM (mock-chat)——上下文 21 条消息，工具 7 个...
  📝 [ReAct-review#10] 文本响应: I will write a fix.
  🔁 [ReAct-review#10] ✅ LLM 响应耗时 0ms——工具调用 1 个
  🔁 [ReAct-review#10] 🔧 执行工具 write_file
  🔁 [ReAct-review#10] 🔧 write_file → ✅ 成功 (1ms)
  🔁 [ReAct-review#11] 🛰️  调用 LLM (mock-chat)——上下文 23 条消息，工具 7 个...
  📝 [ReAct-review#11] 文本响应: I will write a fix.
  🔁 [ReAct-review#11] ✅ LLM 响应耗时 0ms——工具调用 1 个
  🔁 [ReAct-review#11] 🔧 执行工具 write_file
  🔁 [ReAct-review#11] 🔧 write_file → ✅ 成功 (1ms)
  🔁 [ReAct-review#12] 🛰️  调用 LLM (mock-chat)——上下文 25 条消息，工具 7 个...
  📝 [ReAct-review#12] 文本响应: I will write a fix.
  🔁 [ReAct-review#12] ✅ LLM 响应耗时 0ms——工具调用 1 个
  🔁 [ReAct-review#12] 🔧 执行工具 write_file
  🔁 [ReAct-review#12] 🔧 write_file → ✅ 成功 (2ms)
  🔁 [ReAct-review#13] 🛰️  调用 LLM (mock-chat)——上下文 27 条消息，工具 7 个...
  📝 [ReAct-review#13] 文本响应: I will write a fix.
  🔁 [ReAct-review#13] ✅ LLM 响应耗时 0ms——工具调用 1 个
  🔁 [ReAct-review#13] 🔧 执行工具 write_file
  🔁 [ReAct-review#13] 🔧 write_file → ✅ 成功 (2ms)
  🔁 [ReAct-review#14] 🛰️  调用 LLM (mock-chat)——上下文 29 条消息，工具 7 个...
  📝 [ReAct-review#14] 文本响应: I will write a fix.
  🔁 [ReAct-review#14] ✅ LLM 响应耗时 0ms——工具调用 1 个
  🔁 [ReAct-review#14] 🔧 执行工具 write_file
  🔁 [ReAct-review#14] 🔧 write_file → ✅ 成功 (1ms)
  🔁 [ReAct-review#15] 🛰️  调用 LLM (mock-chat)——上下文 31 条消息，工具 7 个...
  📝 [ReAct-review#15] 文本响应: I will write a fix.
  🔁 [ReAct-review#15] ✅ LLM 响应耗时 0ms——工具调用 1 个
  🔁 [ReAct-review#15] 🔧 执行工具 write_file
  🔁 [ReAct-review#15] 🔧 write_file → ✅ 成功 (2ms)
  🔁 [ReAct-review#16] 🛰️  调用 LLM (mock-chat)——上下文 33 条消息，工具 7 个...
  📝 [ReAct-review#16] 文本响应: I will write a fix.
  🔁 [ReAct-review#16] ✅ LLM 响应耗时 0ms——工具调用 1 个
  🔁 [ReAct-review#16] 🔧 执行工具 write_file
  🔁 [ReAct-review#16] 🔧 write_file → ✅ 成功 (1ms)
  🔁 [ReAct-review#17] 🛰️  调用 LLM (mock-chat)——上下文 35 条消息，工具 7 个...
  📝 [ReAct-review#17] 文本响应: I will write a fix.
  🔁 [ReAct-review#17] ✅ LLM 响应耗时 0ms——工具调用 1 个
  🔁 [ReAct-review#17] 🔧 执行工具 write_file
  🔁 [ReAct-review#17] 🔧 write_file → ✅ 成功 (2ms)
  🔁 [ReAct-review#18] 🛰️  调用 LLM (mock-chat)——上下文 37 条消息，工具 7 个...
  📝 [ReAct-review#18] 文本响应: I will write a fix.
  🔁 [ReAct-review#18] ✅ LLM 响应耗时 0ms——工具调用 1 个
  🔁 [ReAct-review#18] 🔧 执行工具 write_file
  🔁 [ReAct-review#18] 🔧 write_file → ✅ 成功 (3ms)
  🔁 [ReAct-review#19] 🛰️  调用 LLM (mock-chat)——上下文 39 条消息，工具 7 个...
  📝 [ReAct-review#19] 文本响应: I will write a fix.
  🔁 [ReAct-review#19] ✅ LLM 响应耗时 0ms——工具调用 1 个
  🔁 [ReAct-review#19] 🔧 执行工具 write_file
  🔁 [ReAct-review#19] 🔧 write_file → ✅ 成功 (2ms)
  🔁 [ReAct-review#20] 🛰️  调用 LLM (mock-chat)——上下文 41 条消息，工具 7 个...
  📝 [ReAct-review#20] 文本响应: I will write a fix.
  🔁 [ReAct-review#20] ✅ LLM 响应耗时 0ms——工具调用 1 个
  🔁 [ReAct-review#20] 🔧 执行工具 write_file
  🔁 [ReAct-review#20] 🔧 write_file → ✅ 成功 (2ms)
  🔁 [ReAct-review#21] 🛰️  调用 LLM (mock-chat)——上下文 43 条消息，工具 7 个...
  📝 [ReAct-review#21] 文本响应: I will write a fix.
  🔁 [ReAct-review#21] ✅ LLM 响应耗时 0ms——工具调用 1 个
  🔁 [ReAct-review#21] 🔧 执行工具 write_file
  🔁 [ReAct-review#21] 🔧 write_file → ✅ 成功 (2ms)
  🔁 [ReAct-review#22] 🛰️  调用 LLM (mock-chat)——上下文 45 条消息，工具 7 个...
  📝 [ReAct-review#22] 文本响应: I will write a fix.
  🔁 [ReAct-review#22] ✅ LLM 响应耗时 0ms——工具调用 1 个
  🔁 [ReAct-review#22] 🔧 执行工具 write_file
  🔁 [ReAct-review#22] 🔧 write_file → ✅ 成功 (1ms)
  🔁 [ReAct-review#23] 🛰️  调用 LLM (mock-chat)——上下文 47 条消息，工具 7 个...
  📝 [ReAct-review#23] 文本响应: I will write a fix.
  🔁 [ReAct-review#23] ✅ LLM 响应耗时 0ms——工具调用 1 个
  🔁 [ReAct-review#23] 🔧 执行工具 write_file
  🔁 [ReAct-review#23] 🔧 write_file → ✅ 成功 (1ms)
  🔁 [ReAct-review#24] 🛰️  调用 LLM (mock-chat)——上下文 49 条消息，工具 7 个...
  📝 [ReAct-review#24] 文本响应: I will write a fix.
  🔁 [ReAct-review#24] ✅ LLM 响应耗时 0ms——工具调用 1 个
  🔁 [ReAct-review#24] 🔧 执行工具 write_file
  🔁 [ReAct-review#24] 🔧 write_file → ✅ 成功 (2ms)
  🔁 [ReAct-review#25] 🛰️  调用 LLM (mock-chat)——上下文 51 条消息，工具 7 个...
  📝 [ReAct-review#25] 文本响应: I will write a fix.
  🔁 [ReAct-review#25] ✅ LLM 响应耗时 0ms——工具调用 1 个
  🔁 [ReAct-review#25] 🔧 执行工具 write_file
  🔁 [ReAct-review#25] 🔧 write_file → ✅ 成功 (1ms)
  🔁 [ReAct-review#26] 🛰️  调用 LLM (mock-chat)——上下文 53 条消息，工具 7 个...
  📝 [ReAct-review#26] 文本响应: I will write a fix.
  🔁 [ReAct-review#26] ✅ LLM 响应耗时 0ms——工具调用 1 个
  🔁 [ReAct-review#26] 🔧 执行工具 write_file
  🔁 [ReAct-review#26] 🔧 write_file → ✅ 成功 (2ms)
  🔁 [ReAct-review#27] 🛰️  调用 LLM (mock-chat)——上下文 55 条消息，工具 7 个...
  📝 [ReAct-review#27] 文本响应: I will write a fix.
  🔁 [ReAct-review#27] ✅ LLM 响应耗时 0ms——工具调用 1 个
  🔁 [ReAct-review#27] 🔧 执行工具 write_file
  🔁 [ReAct-review#27] 🔧 write_file → ✅ 成功 (2ms)
  🔁 [ReAct-review#28] 🛰️  调用 LLM (mock-chat)——上下文 57 条消息，工具 7 个...
  📝 [ReAct-review#28] 文本响应: I will write a fix.
  🔁 [ReAct-review#28] ✅ LLM 响应耗时 0ms——工具调用 1 个
  🔁 [ReAct-review#28] 🔧 执行工具 write_file
  🔁 [ReAct-review#28] 🔧 write_file → ✅ 成功 (0ms)
  🔁 [ReAct-review#29] 🛰️  调用 LLM (mock-chat)——上下文 59 条消息，工具 7 个...
  📝 [ReAct-review#29] 文本响应: I will write a fix.
  🔁 [ReAct-review#29] ✅ LLM 响应耗时 0ms——工具调用 1 个
  🔁 [ReAct-review#29] 🔧 执行工具 write_file
  🔁 [ReAct-review#29] 🔧 write_file → ✅ 成功 (1ms)
  🔁 [ReAct-review#30] 🛰️  调用 LLM (mock-chat)——上下文 61 条消息，工具 7 个...
  📝 [ReAct-review#30] 文本响应: I will write a fix.
  🔁 [ReAct-review#30] ✅ LLM 响应耗时 0ms——工具调用 1 个
  🔁 [ReAct-review#30] 🔧 执行工具 write_file
  🔁 [ReAct-review#30] 🔧 write_file → ✅ 成功 (1ms)
  🔁 [ReAct-review#31] 🛰️  调用 LLM (mock-chat)——上下文 63 条消息，工具 7 个...
  📝 [ReAct-review#31] 文本响应: I will write a fix.
  🔁 [ReAct-review#31] ✅ LLM 响应耗时 0ms——工具调用 1 个
  🔁 [ReAct-review#31] 🔧 执行工具 write_file
  🔁 [ReAct-review#31] 🔧 write_file → ✅ 成功 (1ms)
  🔁 [ReAct-review#32] 🛰️  调用 LLM (mock-chat)——上下文 65 条消息，工具 7 个...
  📝 [ReAct-review#32] 文本响应: I will write a fix.
  🔁 [ReAct-review#32] ✅ LLM 响应耗时 0ms——工具调用 1 个
  🔁 [ReAct-review#32] 🔧 执行工具 write_file
  🔁 [ReAct-review#32] 🔧 write_file → ✅ 成功 (2ms)
  🔁 [ReAct-review#33] 🛰️  调用 LLM (mock-chat)——上下文 67 条消息，工具 7 个...
  📝 [ReAct-review#33] 文本响应: I will write a fix.
  🔁 [ReAct-review#33] ✅ LLM 响应耗时 0ms——工具调用 1 个
  🔁 [ReAct-review#33] 🔧 执行工具 write_file
  🔁 [ReAct-review#33] 🔧 write_file → ✅ 成功 (1ms)
  🔁 [ReAct-review#34] 🛰️  调用 LLM (mock-chat)——上下文 69 条消息，工具 7 个...
  📝 [ReAct-review#34] 文本响应: I will write a fix.
  🔁 [ReAct-review#34] ✅ LLM 响应耗时 0ms——工具调用 1 个
  🔁 [ReAct-review#34] 🔧 执行工具 write_file
  🔁 [ReAct-review#34] 🔧 write_file → ✅ 成功 (0ms)
  🔁 [ReAct-review#35] 🛰️  调用 LLM (mock-chat)——上下文 71 条消息，工具 7 个...
  📝 [ReAct-review#35] 文本响应: I will write a fix.
  🔁 [ReAct-review#35] ✅ LLM 响应耗时 0ms——工具调用 1 个
  🔁 [ReAct-review#35] 🔧 执行工具 write_file
  🔁 [ReAct-review#35] 🔧 write_file → ✅ 成功 (3ms)
  🔁 [ReAct-review#36] 🛰️  调用 LLM (mock-chat)——上下文 73 条消息，工具 7 个...
  📝 [ReAct-review#36] 文本响应: I will write a fix.
  🔁 [ReAct-review#36] ✅ LLM 响应耗时 0ms——工具调用 1 个
  🔁 [ReAct-review#36] 🔧 执行工具 write_file
  🔁 [ReAct-review#36] 🔧 write_file → ✅ 成功 (0ms)
  🔁 [ReAct-review#37] 🛰️  调用 LLM (mock-chat)——上下文 75 条消息，工具 7 个...
  📝 [ReAct-review#37] 文本响应: I will write a fix.
  🔁 [ReAct-review#37] ✅ LLM 响应耗时 0ms——工具调用 1 个
  🔁 [ReAct-review#37] 🔧 执行工具 write_file
  🔁 [ReAct-review#37] 🔧 write_file → ✅ 成功 (1ms)
  🔁 [ReAct-review#38] 🛰️  调用 LLM (mock-chat)——上下文 77 条消息，工具 7 个...
  📝 [ReAct-review#38] 文本响应: I will write a fix.
  🔁 [ReAct-review#38] ✅ LLM 响应耗时 0ms——工具调用 1 个
  🔁 [ReAct-review#38] 🔧 执行工具 write_file
  🔁 [ReAct-review#38] 🔧 write_file → ✅ 成功 (1ms)
  🔁 [ReAct-review#39] 🛰️  调用 LLM (mock-chat)——上下文 79 条消息，工具 7 个...
  📝 [ReAct-review#39] 文本响应: I will write a fix.
  🔁 [ReAct-review#39] ✅ LLM 响应耗时 0ms——工具调用 1 个
  🔁 [ReAct-review#39] 🔧 执行工具 write_file
  🔁 [ReAct-review#39] 🔧 write_file → ✅ 成功 (1ms)
  🔁 [ReAct-review#40] 🛰️  调用 LLM (mock-chat)——上下文 81 条消息，工具 7 个...
  📝 [ReAct-review#40] 文本响应: I will write a fix.
  🔁 [ReAct-review#40] ✅ LLM 响应耗时 0ms——工具调用 1 个
  🔁 [ReAct-review#40] 🔧 执行工具 write_file
  🔁 [ReAct-review#40] 🔧 write_file → ✅ 成功 (1ms)
  🔁 [ReAct-review#41] 🛰️  调用 LLM (mock-chat)——上下文 83 条消息，工具 7 个...
  📝 [ReAct-review#41] 文本响应: I will write a fix.
  🔁 [ReAct-review#41] ✅ LLM 响应耗时 0ms——工具调用 1 个
  🔁 [ReAct-review#41] 🔧 执行工具 write_file
  🔁 [ReAct-review#41] 🔧 write_file → ✅ 成功 (1ms)
  🔁 [ReAct-review#42] 🛰️  调用 LLM (mock-chat)——上下文 85 条消息，工具 7 个...
  📝 [ReAct-review#42] 文本响应: I will write a fix.
  🔁 [ReAct-review#42] ✅ LLM 响应耗时 0ms——工具调用 1 个
  🔁 [ReAct-review#42] 🔧 执行工具 write_file
  🔁 [ReAct-review#42] 🔧 write_file → ✅ 成功 (1ms)
  🔁 [ReAct-review#43] 🛰️  调用 LLM (mock-chat)——上下文 87 条消息，工具 7 个...
  📝 [ReAct-review#43] 文本响应: I will write a fix.
  🔁 [ReAct-review#43] ✅ LLM 响应耗时 0ms——工具调用 1 个
  🔁 [ReAct-review#43] 🔧 执行工具 write_file
  🔁 [ReAct-review#43] 🔧 write_file → ✅ 成功 (1ms)
  🔁 [ReAct-review#44] 🛰️  调用 LLM (mock-chat)——上下文 89 条消息，工具 7 个...
  📝 [ReAct-review#44] 文本响应: I will write a fix.
  🔁 [ReAct-review#44] ✅ LLM 响应耗时 0ms——工具调用 1 个
  🔁 [ReAct-review#44] 🔧 执行工具 write_file
  🔁 [ReAct-review#44] 🔧 write_file → ✅ 成功 (1ms)
  🔁 [ReAct-review#45] 🛰️  调用 LLM (mock-chat)——上下文 91 条消息，工具 7 个...
  📝 [ReAct-review#45] 文本响应: I will write a fix.
  🔁 [ReAct-review#45] ✅ LLM 响应耗时 0ms——工具调用 1 个
  🔁 [ReAct-review#45] 🔧 执行工具 write_file
  🔁 [ReAct-review#45] 🔧 write_file → ✅ 成功 (1ms)
  🔁 [ReAct-review#46] 🛰️  调用 LLM (mock-chat)——上下文 93 条消息，工具 7 个...
  📝 [ReAct-review#46] 文本响应: I will write a fix.
  🔁 [ReAct-review#46] ✅ LLM 响应耗时 0ms——工具调用 1 个
  🔁 [ReAct-review#46] 🔧 执行工具 write_file
  🔁 [ReAct-review#46] 🔧 write_file → ✅ 成功 (2ms)
  🔁 [ReAct-review#47] 🛰️  调用 LLM (mock-chat)——上下文 95 条消息，工具 7 个...
  📝 [ReAct-review#47] 文本响应: I will write a fix.
  🔁 [ReAct-review#47] ✅ LLM 响应耗时 0ms——工具调用 1 个
  🔁 [ReAct-review#47] 🔧 执行工具 write_file
  🔁 [ReAct-review#47] 🔧 write_file → ✅ 成功 (3ms)
  🔁 [ReAct-review#48] 🛰️  调用 LLM (mock-chat)——上下文 97 条消息，工具 7 个...
  📝 [ReAct-review#48] 文本响应: I will write a fix.
  🔁 [ReAct-review#48] ✅ LLM 响应耗时 0ms——工具调用 1 个
  🔁 [ReAct-review#48] 🔧 执行工具 write_file
  🔁 [ReAct-review#48] 🔧 write_file → ✅ 成功 (1ms)
  🔁 [ReAct-review#49] 🛰️  调用 LLM (mock-chat)——上下文 99 条消息，工具 7 个...
  📝 [ReAct-review#49] 文本响应: I will write a fix.
  🔁 [ReAct-review#49] ✅ LLM 响应耗时 0ms——工具调用 1 个
  🔁 [ReAct-review#49] 🔧 执行工具 write_file
  🔁 [ReAct-review#49] 🔧 write_file → ✅ 成功 (2ms)
  🔁 [ReAct-review#50] 🛰️  调用 LLM (mock-chat)——上下文 101 条消息，工具 7 个...
  📝 [ReAct-review#50] 文本响应: I will write a fix.
  🔁 [ReAct-review#50] ✅ LLM 响应耗时 0ms——工具调用 1 个
  🔁 [ReAct-review#50] 🔧 执行工具 write_file
  🔁 [ReAct-review#50] 🔧 write_file → ✅ 成功 (2ms)
  🔁 [ReAct-review#51] 🛰️  调用 LLM (mock-chat)——上下文 103 条消息，工具 7 个...
  📝 [ReAct-review#51] 文本响应: I will write a fix.
  🔁 [ReAct-review#51] ✅ LLM 响应耗时 0ms——工具调用 1 个
  🔁 [ReAct-review#51] 🔧 执行工具 write_file
  🔁 [ReAct-review#51] 🔧 write_file → ✅ 成功 (0ms)
  🔁 [ReAct-review#52] 🛰️  调用 LLM (mock-chat)——上下文 105 条消息，工具 7 个...
  📝 [ReAct-review#52] 文本响应: I will write a fix.
  🔁 [ReAct-review#52] ✅ LLM 响应耗时 0ms——工具调用 1 个
  🔁 [ReAct-review#52] 🔧 执行工具 write_file
  🔁 [ReAct-review#52] 🔧 write_file → ✅ 成功 (1ms)
  🔁 [ReAct-review#53] 🛰️  调用 LLM (mock-chat)——上下文 107 条消息，工具 7 个...
  📝 [ReAct-review#53] 文本响应: I will write a fix.
  🔁 [ReAct-review#53] ✅ LLM 响应耗时 0ms——工具调用 1 个
  🔁 [ReAct-review#53] 🔧 执行工具 write_file
  🔁 [ReAct-review#53] 🔧 write_file → ✅ 成功 (1ms)
  🔁 [ReAct-review#54] 🛰️  调用 LLM (mock-chat)——上下文 109 条消息，工具 7 个...
  📝 [ReAct-review#54] 文本响应: I will write a fix.
  🔁 [ReAct-review#54] ✅ LLM 响应耗时 0ms——工具调用 1 个
  🔁 [ReAct-review#54] 🔧 执行工具 write_file
  🔁 [ReAct-review#54] 🔧 write_file → ✅ 成功 (1ms)
  🔁 [ReAct-review#55] 🛰️  调用 LLM (mock-chat)——上下文 111 条消息，工具 7 个...
  📝 [ReAct-review#55] 文本响应: I will write a fix.
  🔁 [ReAct-review#55] ✅ LLM 响应耗时 0ms——工具调用 1 个
  🔁 [ReAct-review#55] 🔧 执行工具 write_file
  🔁 [ReAct-review#55] 🔧 write_file → ✅ 成功 (1ms)
  🔁 [ReAct-review#56] 🛰️  调用 LLM (mock-chat)——上下文 113 条消息，工具 7 个...
  📝 [ReAct-review#56] 文本响应: I will write a fix.
  🔁 [ReAct-review#56] ✅ LLM 响应耗时 0ms——工具调用 1 个
  🔁 [ReAct-review#56] 🔧 执行工具 write_file
  🔁 [ReAct-review#56] 🔧 write_file → ✅ 成功 (1ms)
  🔁 [ReAct-review#57] 🛰️  调用 LLM (mock-chat)——上下文 115 条消息，工具 7 个...
  📝 [ReAct-review#57] 文本响应: I will write a fix.
  🔁 [ReAct-review#57] ✅ LLM 响应耗时 0ms——工具调用 1 个
  🔁 [ReAct-review#57] 🔧 执行工具 write_file
  🔁 [ReAct-review#57] 🔧 write_file → ✅ 成功 (0ms)
  🔁 [ReAct-review#58] 🛰️  调用 LLM (mock-chat)——上下文 117 条消息，工具 7 个...
  📝 [ReAct-review#58] 文本响应: I will write a fix.
  🔁 [ReAct-review#58] ✅ LLM 响应耗时 0ms——工具调用 1 个
  🔁 [ReAct-review#58] 🔧 执行工具 write_file
  🔁 [ReAct-review#58] 🔧 write_file → ✅ 成功 (1ms)
  🔁 [ReAct-review#59] 🛰️  调用 LLM (mock-chat)——上下文 119 条消息，工具 7 个...
  📝 [ReAct-review#59] 文本响应: I will write a fix.
  🔁 [ReAct-review#59] ✅ LLM 响应耗时 0ms——工具调用 1 个
  🔁 [ReAct-review#59] 🔧 执行工具 write_file
  🔁 [ReAct-review#59] 🔧 write_file → ✅ 成功 (1ms)
  🔁 [ReAct-review#60] 接近循环上限，注入截止提示
  🔁 [ReAct-review#60] 🛰️  调用 LLM (mock-chat)——上下文 122 条消息，工具 7 个...
  📝 [ReAct-review#60] 文本响应: I will write a fix.
  🔁 [ReAct-review#60] ✅ LLM 响应耗时 0ms——工具调用 1 个
  🔁 [ReAct-review#60] 🔧 执行工具 write_file
  🔁 [ReAct-review#60] 🔧 write_file → ✅ 成功 (1ms)
  🔁 [ReAct-review#61] 🛰️  调用 LLM (mock-chat)——上下文 124 条消息，工具 7 个...
  📝 [ReAct-review#61] 文本响应: I will write a fix.
  🔁 [ReAct-review#61] ✅ LLM 响应耗时 0ms——工具调用 1 个
  🔁 [ReAct-review#61] 🔧 执行工具 write_file
  🔁 [ReAct-review#61] 🔧 write_file → ✅ 成功 (1ms)
  🔁 [ReAct-review#62] 🛰️  调用 LLM (mock-chat)——上下文 126 条消息，工具 7 个...
  📝 [ReAct-review#62] 文本响应: I will write a fix.
  🔁 [ReAct-review#62] ✅ LLM 响应耗时 0ms——工具调用 1 个
  🔁 [ReAct-review#62] 🔧 执行工具 write_file
  🔁 [ReAct-review#62] 🔧 write_file → ✅ 成功 (2ms)
  🔁 [ReAct-review#63] 🛰️  调用 LLM (mock-chat)——上下文 128 条消息，工具 7 个...
  📝 [ReAct-review#63] 文本响应: I will write a fix.
  🔁 [ReAct-review#63] ✅ LLM 响应耗时 0ms——工具调用 1 个
  🔁 [ReAct-review#63] 🔧 执行工具 write_file
  🔁 [ReAct-review#63] 🔧 write_file → ✅ 成功 (1ms)
  🔁 [ReAct-review#64] 🛰️  调用 LLM (mock-chat)——上下文 130 条消息，工具 7 个...
  📝 [ReAct-review#64] 文本响应: I will write a fix.
  🔁 [ReAct-review#64] ✅ LLM 响应耗时 0ms——工具调用 1 个
  🔁 [ReAct-review#64] 🔧 执行工具 write_file
  🔁 [ReAct-review#64] 🔧 write_file → ✅ 成功 (1ms)
  🔁 [ReAct-review#64] 🏁 循环结束——耗时 99ms, loops=64/64, success=false

 [32m✓[39m packages/engine/tests/review-agent.test.ts [2m([22m[2m2 tests[22m[2m)[22m[90m 124[2mms[22m[39m
 [32m✓[39m packages/skill-kit/tests/types.test.ts [2m([22m[2m3 tests[22m[2m)[22m[90m 7[2mms[22m[39m
 [32m✓[39m packages/engine/tests/react-loop-canonical.test.ts [2m([22m[2m3 tests[22m[2m)[22m[90m 6[2mms[22m[39m
 [32m✓[39m packages/prompt-kit/tests/unit/errors.test.ts [2m([22m[2m4 tests[22m[2m)[22m[90m 7[2mms[22m[39m
 [32m✓[39m packages/engine/tests/key-routing.test.ts [2m([22m[2m5 tests[22m[2m)[22m[90m 11[2mms[22m[39m
 [32m✓[39m packages/tools/tests/tools.test.ts [2m([22m[2m2 tests[22m[2m)[22m[90m 8[2mms[22m[39m
 [32m✓[39m packages/prompt-kit/tests/unit/placeholder.test.ts [2m([22m[2m1 test[22m[2m)[22m[90m 4[2mms[22m[39m
 [32m✓[39m projects/_solo-flight-target/tests/smoke.test.ts [2m([22m[2m2 tests[22m[2m)[22m[90m 5[2mms[22m[39m
[Cortex] hello world
[90mstderr[2m | packages/engine/tests/bootstrap-integration.test.ts[2m > [22m[2mT4: MemoryStore 读写闭环[2m > [22m[2mwrite → read → close 完整生命周期
[22m[39m[ConsistencyLayer] InitVerifier 已显式禁用 (enableInitVerifier=false)。记忆-现实一致性校验（六层防御第一道防线）将不生效。

 [32m✓[39m packages/engine/tests/cli-adapter.test.ts [2m([22m[2m6 tests[22m[2m)[22m[90m 12[2mms[22m[39m
 [32m✓[39m packages/notification/tests/smoke.test.ts [2m([22m[2m1 test[22m[2m)[22m[90m 5[2mms[22m[39m
 [32m✓[39m packages/engine/tests/confirm-gate.test.ts [2m([22m[2m8 tests[22m[2m)[22m[90m 9[2mms[22m[39m
 [32m✓[39m packages/factory/tests/smoke.test.ts [2m([22m[2m1 test[22m[2m)[22m[90m 5[2mms[22m[39m
 [32m✓[39m packages/pm/tests/pm.test.ts [2m([22m[2m5 tests[22m[2m)[22m[33m 947[2mms[22m[39m
 [32m✓[39m packages/engine/tests/strategist-agent.test.ts [2m([22m[2m6 tests[22m[2m)[22m[90m 12[2mms[22m[39m
 [32m✓[39m packages/engine/tests/toolkit.test.ts [2m([22m[2m5 tests[22m[2m)[22m[90m 9[2mms[22m[39m
 [32m✓[39m packages/engine/tests/confirm-gate-cleanup.test.ts [2m([22m[2m5 tests[22m[2m)[22m[90m 6[2mms[22m[39m
 [32m✓[39m packages/engine/tests/bootstrap-integration.test.ts [2m([22m[2m7 tests[22m[2m)[22m[33m 6752[2mms[22m[39m
   [33m[2m✓[22m[39m T1: bootstrapEngine 启动全流水线[2m > [22m所有核心组件创建成功 [33m1155[2mms[22m[39m
   [33m[2m✓[22m[39m T1: bootstrapEngine 启动全流水线[2m > [22mMemoryStore 启动后进行读写 [33m887[2mms[22m[39m
   [33m[2m✓[22m[39m T1: bootstrapEngine 启动全流水线[2m > [22mScheduler 注册了 Agent 并可执行合成任务 [33m875[2mms[22m[39m
   [33m[2m✓[22m[39m T2: MetaAgent.plan() 意图拆解[2m > [22mplan() 解析 LLM JSON 输出为 TaskNode 数组 [33m921[2mms[22m[39m
   [33m[2m✓[22m[39m T2: MetaAgent.plan() 意图拆解[2m > [22mplan() 对空 JSON 返回空数组（无工作即无任务） [33m1011[2mms[22m[39m
   [33m[2m✓[22m[39m T3: Plan → Execute 闭环[2m > [22mMetaAgent plan → Scheduler executeAll 全链路 [33m918[2mms[22m[39m
   [33m[2m✓[22m[39m T4: MemoryStore 读写闭环[2m > [22mwrite → read → close 完整生命周期 [33m979[2mms[22m[39m
 [32m✓[39m packages/engine/tests/file-lock-manager.test.ts [2m([22m[2m6 tests[22m[2m)[22m[90m 7[2mms[22m[39m
 [32m✓[39m packages/engine/tests/memory-concurrency.test.ts [2m([22m[2m3 tests[22m[2m)[22m[33m 1596[2mms[22m[39m
   [33m[2m✓[22m[39m MemoryStore 并发写入压力[2m > [22m10 Agent 并发写 100 条记忆——无崩溃、ID 格式合法 [33m1544[2mms[22m[39m
[90mstdout[2m | packages/engine/tests/e2e/mcp-adapter-validation.test.ts[2m > [22m[2mMCP Adapter Validation — 无鉴权生态测试[2m > [22m[2mServer: sqlite (社区脏数据——可能缺 description，Schema 不规范 | 10 tools)
[22m[39m  ✅ sqlite 已连接——10 个工具

 [32m✓[39m packages/engine/tests/e2e/mcp-adapter-validation.test.ts [2m([22m[2m9 tests[22m[2m)[22m[33m 10392[2mms[22m[39m
 [32m✓[39m packages/engine/tests/memory-store-close-read.test.ts [2m([22m[2m3 tests[22m[2m)[22m[33m 538[2mms[22m[39m
   [33m[2m✓[22m[39m D3: MemoryStore read() 关闭保护[2m > [22m正常状态下 read() 正常工作 [33m526[2mms[22m[39m
 [32m✓[39m packages/engine/tests/scheduler-dispatch.test.ts [2m([22m[2m6 tests[22m[2m)[22m[33m 6042[2mms[22m[39m
   [33m[2m✓[22m[39m Scheduler._findMatchingAgent 密度平局打破[2m > [22mP0-3 regression: Review wins over Code for tags=["review"] via match density [33m6025[2mms[22m[39m
 [32m✓[39m packages/cli/tests/cli.test.ts [2m([22m[2m19 tests[22m[2m)[22m[90m 11[2mms[22m[39m
 [32m✓[39m packages/cli/tests/cli-engine-integration.test.ts [2m([22m[2m49 tests[22m[2m)[22m[33m 1507[2mms[22m[39m
   [33m[2m✓[22m[39m F. cortex memory — 记忆 CRUD 闭环[2m > [22mF2. write → read 完整读写闭环 [33m567[2mms[22m[39m
[90mstdout[2m | packages/engine/tests/scheduler.test.ts[2m > [22m[2mScheduler[2m > [22m[2m单节点单 Agent 执行成功
[22m[39m  🔁 [ReAct-code#0] 启动——maxLoops=64, timeout=300000ms, tools=8个
  🔁 [ReAct-code#1] 🛰️  调用 LLM (mock)——上下文 3 条消息，工具 8 个...
  📝 [ReAct-code#1] 文本响应: done by code
  🔁 [ReAct-code#1] ✅ LLM 响应耗时 0ms——工具调用 0 个
  🔁 [ReAct-code#1] 🛑 无工具调用，本轮结束——output=done by code
  🔁 [ReAct-code#1] 🏁 循环结束——耗时 1ms, loops=1/64, success=true

[90mstdout[2m | packages/engine/tests/scheduler.test.ts[2m > [22m[2mScheduler[2m > [22m[2m父子节点按依赖顺序执行
[22m[39m  🔁 [ReAct-code#0] 启动——maxLoops=64, timeout=300000ms, tools=8个
  🔁 [ReAct-code#1] 🛰️  调用 LLM (mock)——上下文 3 条消息，工具 8 个...
  📝 [ReAct-code#1] 文本响应: done by code
  🔁 [ReAct-code#1] ✅ LLM 响应耗时 0ms——工具调用 0 个
  🔁 [ReAct-code#1] 🛑 无工具调用，本轮结束——output=done by code
  🔁 [ReAct-code#1] 🏁 循环结束——耗时 1ms, loops=1/64, success=true
  🔁 [ReAct-code#0] 启动——maxLoops=64, timeout=300000ms, tools=8个
  🔁 [ReAct-code#1] 🛰️  调用 LLM (mock)——上下文 3 条消息，工具 8 个...
  📝 [ReAct-code#1] 文本响应: done by code
  🔁 [ReAct-code#1] ✅ LLM 响应耗时 0ms——工具调用 0 个
  🔁 [ReAct-code#1] 🛑 无工具调用，本轮结束——output=done by code
  🔁 [ReAct-code#1] 🏁 循环结束——耗时 0ms, loops=1/64, success=true

[90mstdout[2m | packages/engine/tests/scheduler.test.ts[2m > [22m[2mScheduler[2m > [22m[2m多视角节点并行执行所有匹配 Agent
[22m[39m  🔁 [ReAct-review#0] 启动——maxLoops=64, timeout=300000ms, tools=7个
  🔁 [ReAct-review#1] 🛰️  调用 LLM (mock)——上下文 3 条消息，工具 7 个...
  🔁 [ReAct-analysis#0] 启动——maxLoops=64, timeout=300000ms, tools=7个
  🔁 [ReAct-analysis#1] 🛰️  调用 LLM (mock)——上下文 3 条消息，工具 7 个...
  📝 [ReAct-review#1] 文本响应: done by review
  🔁 [ReAct-review#1] ✅ LLM 响应耗时 0ms——工具调用 0 个
  🔁 [ReAct-review#1] 🛑 无工具调用，本轮结束——output=done by review
  🔁 [ReAct-review#1] 🏁 循环结束——耗时 0ms, loops=1/64, success=true
  📝 [ReAct-analysis#1] 文本响应: done by analysis
  🔁 [ReAct-analysis#1] ✅ LLM 响应耗时 0ms——工具调用 0 个
  🔁 [ReAct-analysis#1] 🛑 无工具调用，本轮结束——output=done by analysis
  🔁 [ReAct-analysis#1] 🏁 循环结束——耗时 0ms, loops=1/64, success=true

[90mstdout[2m | packages/engine/tests/scheduler.test.ts[2m > [22m[2mScheduler[2m > [22m[2m调度层事件被正确发布
[22m[39m  🔁 [ReAct-code#0] 启动——maxLoops=64, timeout=300000ms, tools=8个
  🔁 [ReAct-code#1] 🛰️  调用 LLM (mock)——上下文 3 条消息，工具 8 个...
  📝 [ReAct-code#1] 文本响应: done by code
  🔁 [ReAct-code#1] ✅ LLM 响应耗时 0ms——工具调用 0 个
  🔁 [ReAct-code#1] 🛑 无工具调用，本轮结束——output=done by code
  🔁 [ReAct-code#1] 🏁 循环结束——耗时 0ms, loops=1/64, success=true

[90mstdout[2m | packages/engine/tests/scheduler.test.ts[2m > [22m[2mScheduler[2m > [22m[2m集成 MemoryStore：执行后自动写入 EPISODIC 记忆
[22m[39m  🔁 [ReAct-code#0] 启动——maxLoops=64, timeout=300000ms, tools=8个
  🔁 [ReAct-code#1] 🛰️  调用 LLM (mock)——上下文 3 条消息，工具 8 个...
  📝 [ReAct-code#1] 文本响应: 产出内容
  🔁 [ReAct-code#1] ✅ LLM 响应耗时 0ms——工具调用 0 个
  🔁 [ReAct-code#1] 🛑 无工具调用，本轮结束——output=产出内容
  🔁 [ReAct-code#1] 🏁 循环结束——耗时 0ms, loops=1/64, success=true

 [32m✓[39m packages/engine/tests/scheduler.test.ts [2m([22m[2m9 tests[22m[2m)[22m[33m 17386[2mms[22m[39m
   [33m[2m✓[22m[39m Scheduler[2m > [22m多视角节点并行执行所有匹配 Agent [33m16148[2mms[22m[39m
   [33m[2m✓[22m[39m Scheduler[2m > [22m集成 MemoryStore：执行后自动写入 EPISODIC 记忆 [33m1213[2mms[22m[39m
[90mstdout[2m | packages/engine/tests/doc-govern-agent.test.ts[2m > [22m[2mDocGovernAgent 执行[2m > [22m[2mdoc_audit 标签节点由 DocGovernAgent 执行
[22m[39m  🔁 [ReAct-doc-govern#0] 启动——maxLoops=64, timeout=300000ms, tools=7个
  🔁 [ReAct-doc-govern#1] 🛰️  调用 LLM (mock)——上下文 3 条消息，工具 7 个...
  📝 [ReAct-doc-govern#1] 文本响应: ## 审计报告

### 检查项目
- [x] 文档格式一致性
- [x] 宪法条款引用正确性
- [!] 发现 1 处文档遗漏：Core-1 重构计划未标注第四轮退出标准

### 结论
治理审计通过，1 项改进建议。
  🔁 [ReAct-doc-govern#1] ✅ LLM 响应耗时 1ms——工具调用 0 个
  🔁 [ReAct-doc-govern#1] 🛑 无工具调用，本轮结束——output=## 审计报告

### 检查项目
- [x] 文档格式一致性
- [x] 宪法条款引用正确性
- [!] 发现 1 处文档遗漏：Core-1 重构计划未标注第四轮退出标准

### 结论
治理审计通
  🔁 [ReAct-doc-govern#1] 🏁 循环结束——耗时 2ms, loops=1/64, success=true

[90mstdout[2m | packages/engine/tests/doc-govern-agent.test.ts[2m > [22m[2mDocGovernAgent 执行[2m > [22m[2mconstitution_check 标签节点由 DocGovernAgent 执行
[22m[39m  🔁 [ReAct-doc-govern#0] 启动——maxLoops=64, timeout=300000ms, tools=7个
  🔁 [ReAct-doc-govern#1] 🛰️  调用 LLM (mock)——上下文 3 条消息，工具 7 个...
  📝 [ReAct-doc-govern#1] 文本响应: ## 审计报告

### 检查项目
- [x] 文档格式一致性
- [x] 宪法条款引用正确性
- [!] 发现 1 处文档遗漏：Core-1 重构计划未标注第四轮退出标准

### 结论
治理审计通过，1 项改进建议。
  🔁 [ReAct-doc-govern#1] ✅ LLM 响应耗时 0ms——工具调用 0 个
  🔁 [ReAct-doc-govern#1] 🛑 无工具调用，本轮结束——output=## 审计报告

### 检查项目
- [x] 文档格式一致性
- [x] 宪法条款引用正确性
- [!] 发现 1 处文档遗漏：Core-1 重构计划未标注第四轮退出标准

### 结论
治理审计通
  🔁 [ReAct-doc-govern#1] 🏁 循环结束——耗时 1ms, loops=1/64, success=true

[90mstdout[2m | packages/engine/tests/doc-govern-agent.test.ts[2m > [22m[2mDocGovernAgent 执行[2m > [22m[2mplan_review 标签节点由 DocGovernAgent 执行
[22m[39m  🔁 [ReAct-doc-govern#0] 启动——maxLoops=64, timeout=300000ms, tools=7个
  🔁 [ReAct-doc-govern#1] 🛰️  调用 LLM (mock)——上下文 3 条消息，工具 7 个...
  📝 [ReAct-doc-govern#1] 文本响应: ## 审计报告

### 检查项目
- [x] 文档格式一致性
- [x] 宪法条款引用正确性
- [!] 发现 1 处文档遗漏：Core-1 重构计划未标注第四轮退出标准

### 结论
治理审计通过，1 项改进建议。
  🔁 [ReAct-doc-govern#1] ✅ LLM 响应耗时 0ms——工具调用 0 个
  🔁 [ReAct-doc-govern#1] 🛑 无工具调用，本轮结束——output=## 审计报告

### 检查项目
- [x] 文档格式一致性
- [x] 宪法条款引用正确性
- [!] 发现 1 处文档遗漏：Core-1 重构计划未标注第四轮退出标准

### 结论
治理审计通
  🔁 [ReAct-doc-govern#1] 🏁 循环结束——耗时 0ms, loops=1/64, success=true

 [31m❯[39m packages/cli/tests/e2e/cli-subprocess.test.ts [2m([22m[2m26 tests[22m[2m | [22m[31m21 failed[39m[2m)[22m[33m 40830[2mms[22m[39m
[31m   [31m×[31m A. cortex version[2m > [22mA1. 基本输出 — exit 0, 包含 Core-1 和版本号[33m 742[2mms[22m[31m[39m
[31m     → expected 1 to be +0 // Object.is equality[39m
[31m   [31m×[31m A. cortex version[2m > [22mA2. --json 输出合法 JSON，含 version/runtime/platform[33m 1268[2mms[22m[31m[39m
[31m     → expected 1 to be +0 // Object.is equality[39m
[31m   [31m×[31m A. cortex version[2m > [22mA3. --version 标志 (cortex --version)[33m 842[2mms[22m[31m[39m
[31m     → expected 1 to be +0 // Object.is equality[39m
[31m   [31m×[31m A. cortex version[2m > [22mA4. -V 短标志 (cortex -V)[33m 1419[2mms[22m[31m[39m
[31m     → expected 1 to be +0 // Object.is equality[39m
[31m   [31m×[31m B. cortex help[2m > [22mB1. help 输出列出全部 15 个命令[33m 1458[2mms[22m[31m[39m
[31m     → expected 1 to be +0 // Object.is equality[39m
[31m   [31m×[31m B. cortex help[2m > [22mB2. --help 标志等效于 help 命令[33m 3088[2mms[22m[31m[39m
[31m     → expected 1 to be +0 // Object.is equality[39m
[31m   [31m×[31m B. cortex help[2m > [22mB3. -h 短标志等效[33m 1601[2mms[22m[31m[39m
[31m     → expected 1 to be +0 // Object.is equality[39m
[31m   [31m×[31m C. cortex doc convert[2m > [22mC1. 基本 Markdown→HTML 转换[33m 1462[2mms[22m[31m[39m
[31m     → expected 1 to be +0 // Object.is equality[39m
[31m   [31m×[31m C. cortex doc convert[2m > [22mC2. --output 写入文件[33m 1173[2mms[22m[31m[39m
[31m     → expected 1 to be +0 // Object.is equality[39m
[31m   [31m×[31m C. cortex doc convert[2m > [22mC3. 代码块转换包含 <pre><code>[33m 1103[2mms[22m[31m[39m
[31m     → expected 1 to be +0 // Object.is equality[39m
[31m   [31m×[31m C. cortex doc convert[2m > [22mC4. 空 Markdown 不报错[33m 1458[2mms[22m[31m[39m
[31m     → expected 1 to be +0 // Object.is equality[39m
[31m   [31m×[31m D. cortex inspect[2m > [22mD1. inspect deps 返回 @cortex/ 包间依赖[33m 1598[2mms[22m[31m[39m
[31m     → expected 1 to be +0 // Object.is equality[39m
[31m   [31m×[31m D. cortex inspect[2m > [22mD2. inspect deps --json 返回结构化数据[33m 1764[2mms[22m[31m[39m
[31m     → expected 1 to be +0 // Object.is equality[39m
[31m   [31m×[31m D. cortex inspect[2m > [22mD3. inspect dir . 返回目录结构[33m 1757[2mms[22m[31m[39m
[31m     → expected 1 to be +0 // Object.is equality[39m
[31m   [31m×[31m D. cortex inspect[2m > [22mD4. inspect 无子命令显示帮助[33m 2007[2mms[22m[31m[39m
[31m     → expected 1 to be +0 // Object.is equality[39m
[31m   [31m×[31m D. cortex inspect[2m > [22mD5. inspect 未知子命令返回 exit 1[33m 1827[2mms[22m[31m[39m
[31m     → expected 'file:///D:/cortex/packages/cli/dist/c…' to contain '未知子命令'[39m
[31m   [31m×[31m E. 错误处理与边界[2m > [22mE1. 不存在的命令返回 exit 1[33m 1352[2mms[22m[31m[39m
[31m     → expected 'file:///D:/cortex/packages/cli/dist/c…' to contain '未知'[39m
   [33m[2m✓[22m[39m E. 错误处理与边界[2m > [22mE2. 空参数（无子进程模式不触发 REPL）— bare cortex 会进入 REPL，超时 [33m1571[2mms[22m[39m
[31m   [31m×[31m E. 错误处理与边界[2m > [22mE3. exit code 约定验证[33m 1252[2mms[22m[31m[39m
[31m     → expected 1 to be +0 // Object.is equality[39m
   [33m[2m✓[22m[39m E. 错误处理与边界[2m > [22mE4. doc convert 不存在的文件返回错误 [33m1594[2mms[22m[39m
   [33m[2m✓[22m[39m F. cortex config[2m > [22mF1. config 无子命令显示帮助 [33m1474[2mms[22m[39m
   [33m[2m✓[22m[39m G. 命令别名[2m > [22mG1. r 别名 → run 命令 [33m1765[2mms[22m[39m
[31m   [31m×[31m G. 命令别名[2m > [22mG2. v 别名 → version 命令[33m 2902[2mms[22m[31m[39m
[31m     → expected 1 to be +0 // Object.is equality[39m
[31m   [31m×[31m G. 命令别名[2m > [22mG3. i 别名 → inspect 命令[33m 2081[2mms[22m[31m[39m
[31m     → expected 1 to be +0 // Object.is equality[39m
[31m   [31m×[31m G. 命令别名[2m > [22mG4. d 别名 → doc 命令[33m 2267[2mms[22m[31m[39m
[31m     → expected 1 to be +0 // Object.is equality[39m
[90mstdout[2m | packages/engine/tests/task-board-stress.test.ts[2m > [22m[2m暗雷 R1：并发 claim 安全性[2m > [22m[2m同层多个同类型节点不会互相抢认领——Scheduler 按节点 ID 分发
[22m[39m  🔁 [ReAct-code#0] 启动——maxLoops=64, timeout=300000ms, tools=8个
  🔁 [ReAct-code#1] 🛰️  调用 LLM (mock)——上下文 3 条消息，工具 8 个...
  🔁 [ReAct-code#0] 启动——maxLoops=64, timeout=300000ms, tools=8个
  🔁 [ReAct-code#1] 🛰️  调用 LLM (mock)——上下文 3 条消息，工具 8 个...
  🔁 [ReAct-code#0] 启动——maxLoops=64, timeout=300000ms, tools=8个
  🔁 [ReAct-code#1] 🛰️  调用 LLM (mock)——上下文 3 条消息，工具 8 个...
  📝 [ReAct-code#1] 文本响应: done
  🔁 [ReAct-code#1] ✅ LLM 响应耗时 1ms——工具调用 0 个
  🔁 [ReAct-code#1] 🛑 无工具调用，本轮结束——output=done
  🔁 [ReAct-code#1] 🏁 循环结束——耗时 2ms, loops=1/64, success=true
  📝 [ReAct-code#1] 文本响应: done
  🔁 [ReAct-code#1] ✅ LLM 响应耗时 1ms——工具调用 0 个
  🔁 [ReAct-code#1] 🛑 无工具调用，本轮结束——output=done
  🔁 [ReAct-code#1] 🏁 循环结束——耗时 1ms, loops=1/64, success=true
  📝 [ReAct-code#1] 文本响应: done
  🔁 [ReAct-code#1] ✅ LLM 响应耗时 0ms——工具调用 0 个
  🔁 [ReAct-code#1] 🛑 无工具调用，本轮结束——output=done
  🔁 [ReAct-code#1] 🏁 循环结束——耗时 0ms, loops=1/64, success=true

[90mstdout[2m | packages/engine/tests/task-board-stress.test.ts[2m > [22m[2m暗雷 R1：并发 claim 安全性[2m > [22m[2m同层不同类型 Agent 并行认领各自节点不冲突
[22m[39m  🔁 [ReAct-code#0] 启动——maxLoops=64, timeout=300000ms, tools=8个
  🔁 [ReAct-code#1] 🛰️  调用 LLM (mock)——上下文 3 条消息，工具 8 个...
  🔁 [ReAct-review#0] 启动——maxLoops=64, timeout=300000ms, tools=7个
  🔁 [ReAct-review#1] 🛰️  调用 LLM (mock)——上下文 3 条消息，工具 7 个...
  📝 [ReAct-code#1] 文本响应: code done
  🔁 [ReAct-code#1] ✅ LLM 响应耗时 0ms——工具调用 0 个
  🔁 [ReAct-code#1] 🛑 无工具调用，本轮结束——output=code done
  🔁 [ReAct-code#1] 🏁 循环结束——耗时 0ms, loops=1/64, success=true
  📝 [ReAct-review#1] 文本响应: review done
  🔁 [ReAct-review#1] ✅ LLM 响应耗时 0ms——工具调用 0 个
  🔁 [ReAct-review#1] 🛑 无工具调用，本轮结束——output=review done
  🔁 [ReAct-review#1] 🏁 循环结束——耗时 0ms, loops=1/64, success=true

[90mstdout[2m | packages/engine/tests/task-board-stress.test.ts[2m > [22m[2m暗雷 R2：父节点失败 → 子节点级联[2m > [22m[2m当前策略：父节点失败不阻止子节点执行（需显式设计级联策略）
[22m[39m  🔁 [ReAct-code#0] 启动——maxLoops=64, timeout=300000ms, tools=8个
  🔁 [ReAct-code#1] 🛰️  调用 LLM (mock)——上下文 3 条消息，工具 8 个...
  🔁 [ReAct-code#1] 💥 崩溃: Error: BOOM
  🔁 [ReAct-review#0] 启动——maxLoops=64, timeout=300000ms, tools=7个
  🔁 [ReAct-review#1] 🛰️  调用 LLM (mock)——上下文 3 条消息，工具 7 个...
  📝 [ReAct-review#1] 文本响应: review ok
  🔁 [ReAct-review#1] ✅ LLM 响应耗时 0ms——工具调用 0 个
  🔁 [ReAct-review#1] 🛑 无工具调用，本轮结束——output=review ok
  🔁 [ReAct-review#1] 🏁 循环结束——耗时 0ms, loops=1/64, success=true

[90mstdout[2m | packages/engine/tests/task-board-stress.test.ts[2m > [22m[2m暗雷 R3：重规划节点插入运行中层[2m > [22m[2m重规划产生的新节点被正确执行（不依赖预计算层）
[22m[39m  🔁 [ReAct-analysis#0] 启动——maxLoops=64, timeout=300000ms, tools=7个
  🔁 [ReAct-analysis#1] 🛰️  调用 LLM (mock)——上下文 3 条消息，工具 7 个...
  📝 [ReAct-analysis#1] 文本响应: Research complete
  🔁 [ReAct-analysis#1] ✅ LLM 响应耗时 0ms——工具调用 0 个
  🔁 [ReAct-analysis#1] 🛑 无工具调用，本轮结束——output=Research complete
  🔁 [ReAct-analysis#1] 🏁 循环结束——耗时 0ms, loops=1/64, success=true

[90mstdout[2m | packages/engine/tests/task-board-stress.test.ts[2m > [22m[2m暗雷 R3：重规划节点插入运行中层[2m > [22m[2m重规划期间已有层不受影响——新节点在下个事件循环处理
[22m[39m  🔁 [ReAct-code#0] 启动——maxLoops=64, timeout=300000ms, tools=8个
  🔁 [ReAct-code#1] 🛰️  调用 LLM (mock)——上下文 3 条消息，工具 8 个...
  🔁 [ReAct-code#0] 启动——maxLoops=64, timeout=300000ms, tools=8个
  🔁 [ReAct-code#1] 🛰️  调用 LLM (mock)——上下文 3 条消息，工具 8 个...
  📝 [ReAct-code#1] 文本响应: done
  🔁 [ReAct-code#1] ✅ LLM 响应耗时 0ms——工具调用 0 个
  🔁 [ReAct-code#1] 🛑 无工具调用，本轮结束——output=done
  🔁 [ReAct-code#1] 🏁 循环结束——耗时 0ms, loops=1/64, success=true
  🔁 [ReAct-code#1] 💥 崩溃: Error: Fail on second node
  🔁 [ReAct-code#0] 启动——maxLoops=64, timeout=300000ms, tools=8个
  🔁 [ReAct-code#1] 🛰️  调用 LLM (mock)——上下文 3 条消息，工具 8 个...
  🔁 [ReAct-code#1] 💥 崩溃: Error: Fail on second node
  🔁 [ReAct-code#0] 启动——maxLoops=64, timeout=300000ms, tools=8个
  🔁 [ReAct-code#1] 🛰️  调用 LLM (mock)——上下文 3 条消息，工具 8 个...
  🔁 [ReAct-code#1] 💥 崩溃: Error: Fail on second node
  🔁 [ReAct-code#0] 启动——maxLoops=64, timeout=300000ms, tools=8个
  🔁 [ReAct-code#1] 🛰️  调用 LLM (mock)——上下文 3 条消息，工具 8 个...
  🔁 [ReAct-code#1] 💥 崩溃: Error: Fail on second node

[90mstdout[2m | packages/engine/tests/task-board-stress.test.ts[2m > [22m[2m暗雷 R6：部分层失败处理[2m > [22m[2m同层部分节点失败不影响其他节点和后续层
[22m[39m  🔁 [ReAct-code#0] 启动——maxLoops=64, timeout=300000ms, tools=8个
  🔁 [ReAct-code#1] 🛰️  调用 LLM (mock)——上下文 3 条消息，工具 8 个...
  🔁 [ReAct-code#0] 启动——maxLoops=64, timeout=300000ms, tools=8个
  🔁 [ReAct-code#1] 🛰️  调用 LLM (mock)——上下文 3 条消息，工具 8 个...
  📝 [ReAct-code#1] 文本响应: OK
  🔁 [ReAct-code#1] ✅ LLM 响应耗时 0ms——工具调用 0 个
  🔁 [ReAct-code#1] 🛑 无工具调用，本轮结束——output=OK
  🔁 [ReAct-code#1] 🏁 循环结束——耗时 0ms, loops=1/64, success=true
  🔁 [ReAct-code#1] 💥 崩溃: Error: Fail
  🔁 [ReAct-review#0] 启动——maxLoops=64, timeout=300000ms, tools=7个
  🔁 [ReAct-review#1] 🛰️  调用 LLM (mock)——上下文 3 条消息，工具 7 个...
  📝 [ReAct-review#1] 文本响应: review OK
  🔁 [ReAct-review#1] ✅ LLM 响应耗时 0ms——工具调用 0 个
  🔁 [ReAct-review#1] 🛑 无工具调用，本轮结束——output=review OK
  🔁 [ReAct-review#1] 🏁 循环结束——耗时 0ms, loops=1/64, success=true

[90mstdout[2m | packages/engine/tests/task-board-stress.test.ts[2m > [22m[2m暗雷 R6：部分层失败处理[2m > [22m[2m全部节点失败时管线仍正常结束
[22m[39m  🔁 [ReAct-code#0] 启动——maxLoops=64, timeout=300000ms, tools=8个
  🔁 [ReAct-code#1] 🛰️  调用 LLM (mock)——上下文 3 条消息，工具 8 个...
  🔁 [ReAct-code#0] 启动——maxLoops=64, timeout=300000ms, tools=8个
  🔁 [ReAct-code#1] 🛰️  调用 LLM (mock)——上下文 3 条消息，工具 8 个...
  🔁 [ReAct-code#1] 💥 崩溃: Error: Everything fails
  🔁 [ReAct-code#1] 💥 崩溃: Error: Everything fails

[90mstdout[2m | packages/engine/tests/task-board-stress.test.ts[2m > [22m[2m暗雷 R7：多视角 spawn 失败自愈[2m > [22m[2mspawn 失败的 Agent 类型被 release，其他 Agent 继续执行并最终 done
[22m[39m  🔁 [ReAct-review#0] 启动——maxLoops=64, timeout=300000ms, tools=7个
  🔁 [ReAct-review#1] 🛰️  调用 LLM (mock)——上下文 3 条消息，工具 7 个...
  📝 [ReAct-review#1] 文本响应: 代码审查通过: 无严重缺陷
  🔁 [ReAct-review#1] ✅ LLM 响应耗时 0ms——工具调用 0 个
  🔁 [ReAct-review#1] 🛑 无工具调用，本轮结束——output=代码审查通过: 无严重缺陷
  🔁 [ReAct-review#1] 🏁 循环结束——耗时 0ms, loops=1/64, success=true

 [32m✓[39m packages/engine/tests/task-board-stress.test.ts [2m([22m[2m19 tests[22m[2m)[22m[33m 44086[2mms[22m[39m
   [33m[2m✓[22m[39m 暗雷 R1：并发 claim 安全性[2m > [22m同层不同类型 Agent 并行认领各自节点不冲突 [33m8207[2mms[22m[39m
   [33m[2m✓[22m[39m 暗雷 R2：父节点失败 → 子节点级联[2m > [22m当前策略：父节点失败不阻止子节点执行（需显式设计级联策略） [33m6928[2mms[22m[39m
   [33m[2m✓[22m[39m 暗雷 R3：重规划节点插入运行中层[2m > [22m重规划产生的新节点被正确执行（不依赖预计算层） [33m8379[2mms[22m[39m
   [33m[2m✓[22m[39m 暗雷 R6：部分层失败处理[2m > [22m同层部分节点失败不影响其他节点和后续层 [33m9167[2mms[22m[39m
   [33m[2m✓[22m[39m 暗雷 R7：多视角 spawn 失败自愈[2m > [22mspawn 失败的 Agent 类型被 release，其他 Agent 继续执行并最终 done [33m10589[2mms[22m[39m
   [33m[2m✓[22m[39m 暗雷 R9：MemoryStore CAS 并发防改写[2m > [22mpeek() 返回冻结副本——修改抛 TypeError [33m767[2mms[22m[39m
[90mstdout[2m | packages/engine/tests/e2e/closed-loop-mock.test.ts[2m > [22m[2m闭环协作 Mock E2E[2m > [22m[2mCodeAgent 实现 → ReviewAgent 审查 → 闭环通过
[22m[39m  🔁 [ReAct-code#0] 启动——maxLoops=64, timeout=300000ms, tools=8个
  🔁 [ReAct-code#1] 🛰️  调用 LLM (code-1)——上下文 3 条消息，工具 8 个...
  🔁 [ReAct-review#0] 启动——maxLoops=64, timeout=300000ms, tools=7个
  🔁 [ReAct-review#1] 🛰️  调用 LLM (review-1)——上下文 3 条消息，工具 7 个...
  📝 [ReAct-code#1] 文本响应: I'll write the implementation to a file.
  🔁 [ReAct-code#1] ✅ LLM 响应耗时 1ms——工具调用 1 个
  🔁 [ReAct-code#1] 🔧 执行工具 write_file
  📝 [ReAct-review#1] 文本响应: ## Review Report

Code follows all conventions. 0 defects found.

**Defects found: 0**
  🔁 [ReAct-review#1] ✅ LLM 响应耗时 1ms——工具调用 0 个
  🔁 [ReAct-review#1] 🛑 无工具调用，本轮结束——output=## Review Report

Code follows all conventions. 0 defects found.

**Defects found: 0**
  🔁 [ReAct-review#1] 🏁 循环结束——耗时 2ms, loops=1/64, success=true
  🔁 [ReAct-code#1] 🔧 write_file → ✅ 成功 (2ms)
  🔁 [ReAct-code#2] 🛰️  调用 LLM (code-1)——上下文 5 条消息，工具 8 个...
  📝 [ReAct-code#2] 文本响应: Implementation complete:
```
function add(a: number, b: number): number { return a + b; }
```
  🔁 [ReAct-code#2] ✅ LLM 响应耗时 0ms——工具调用 0 个
  🔁 [ReAct-code#2] 🛑 无工具调用，本轮结束——output=Implementation complete:
```
function add(a: number, b: number): number { return a + b; }
```
  🔁 [ReAct-code#2] 🏁 循环结束——耗时 4ms, loops=2/64, success=true

[90mstdout[2m | packages/engine/tests/e2e/closed-loop-mock.test.ts[2m > [22m[2m闭环协作 Mock E2E[2m > [22m[2mCodeAgent 实现 → ReviewAgent 发现缺陷 → 修复闭环
[22m[39m  🔁 [ReAct-code#0] 启动——maxLoops=64, timeout=300000ms, tools=8个
  🔁 [ReAct-code#1] 🛰️  调用 LLM (code)——上下文 3 条消息，工具 8 个...
  🔁 [ReAct-review#0] 启动——maxLoops=64, timeout=300000ms, tools=7个
  🔁 [ReAct-review#1] 🛰️  调用 LLM (review)——上下文 3 条消息，工具 7 个...
  📝 [ReAct-code#1] 文本响应: I'll write the implementation to a file.
  🔁 [ReAct-code#1] ✅ LLM 响应耗时 0ms——工具调用 1 个
  🔁 [ReAct-code#1] 🔧 执行工具 write_file
  📝 [ReAct-review#1] 文本响应: ## Review Report

Bug found: add function subtracts instead of adding. Line 1.

**Defects found: 1**
  🔁 [ReAct-review#1] ✅ LLM 响应耗时 1ms——工具调用 0 个
  🔁 [ReAct-review#1] 🛑 无工具调用，本轮结束——output=## Review Report

Bug found: add function subtracts instead of adding. Line 1.

**Defects found: 1**
  🔁 [ReAct-review#1] 🏁 循环结束——耗时 1ms, loops=1/64, success=true
  🔁 [ReAct-code#1] 🔧 write_file → ✅ 成功 (1ms)
  🔁 [ReAct-code#2] 🛰️  调用 LLM (code)——上下文 5 条消息，工具 8 个...
  📝 [ReAct-code#2] 文本响应: Implementation complete:
```
function add(a, b) { return a - b; }
```
  🔁 [ReAct-code#2] ✅ LLM 响应耗时 0ms——工具调用 0 个
  🔁 [ReAct-code#2] 🛑 无工具调用，本轮结束——output=Implementation complete:
```
function add(a, b) { return a - b; }
```
  🔁 [ReAct-code#2] 🏁 循环结束——耗时 1ms, loops=2/64, success=true
  🔁 [ReAct-code#0] 启动——maxLoops=64, timeout=300000ms, tools=8个
  🔁 [ReAct-code#1] 🛰️  调用 LLM (code)——上下文 3 条消息，工具 8 个...
  🔁 [ReAct-review#0] 启动——maxLoops=64, timeout=300000ms, tools=7个
  🔁 [ReAct-review#1] 🛰️  调用 LLM (review)——上下文 3 条消息，工具 7 个...
  📝 [ReAct-code#1] 文本响应: I'll write the implementation to a file.
  🔁 [ReAct-code#1] ✅ LLM 响应耗时 0ms——工具调用 1 个
  🔁 [ReAct-code#1] 🔧 执行工具 write_file
  📝 [ReAct-review#1] 文本响应: ## Review Report

Fix confirmed. 0 defects remaining.

**Defects found: 0**
  🔁 [ReAct-review#1] ✅ LLM 响应耗时 1ms——工具调用 0 个
  🔁 [ReAct-review#1] 🛑 无工具调用，本轮结束——output=## Review Report

Fix confirmed. 0 defects remaining.

**Defects found: 0**
  🔁 [ReAct-review#1] 🏁 循环结束——耗时 2ms, loops=1/64, success=true
  🔁 [ReAct-code#1] 🔧 write_file → ✅ 成功 (2ms)
  🔁 [ReAct-code#2] 🛰️  调用 LLM (code)——上下文 5 条消息，工具 8 个...
  📝 [ReAct-code#2] 文本响应: Implementation complete:
```
function add(a: number, b: number): number { return a + b; }
```
  🔁 [ReAct-code#2] ✅ LLM 响应耗时 0ms——工具调用 0 个
  🔁 [ReAct-code#2] 🛑 无工具调用，本轮结束——output=Implementation complete:
```
function add(a: number, b: number): number { return a + b; }
```
  🔁 [ReAct-code#2] 🏁 循环结束——耗时 2ms, loops=2/64, success=true

[90mstdout[2m | packages/engine/tests/e2e/closed-loop-mock.test.ts[2m > [22m[2m闭环协作 Mock E2E[2m > [22m[2m多 Agent 并行协作——Code + Review + Analysis 同时执行
[22m[39m  🔁 [ReAct-code#0] 启动——maxLoops=64, timeout=300000ms, tools=8个
  🔁 [ReAct-code#1] 🛰️  调用 LLM (code)——上下文 3 条消息，工具 8 个...
  🔁 [ReAct-review#0] 启动——maxLoops=64, timeout=300000ms, tools=7个
  🔁 [ReAct-review#1] 🛰️  调用 LLM (review)——上下文 3 条消息，工具 7 个...
  🔁 [ReAct-analysis#0] 启动——maxLoops=64, timeout=300000ms, tools=7个
  🔁 [ReAct-analysis#1] 🛰️  调用 LLM (analysis)——上下文 3 条消息，工具 7 个...
  📝 [ReAct-code#1] 文本响应: I'll write the implementation to a file.
  🔁 [ReAct-code#1] ✅ LLM 响应耗时 0ms——工具调用 1 个
  🔁 [ReAct-code#1] 🔧 执行工具 write_file
  📝 [ReAct-review#1] 文本响应: ## Review Report

Constant definition is correct. 0 defects.

**Defects found: 0**
  🔁 [ReAct-review#1] ✅ LLM 响应耗时 1ms——工具调用 0 个
  🔁 [ReAct-review#1] 🛑 无工具调用，本轮结束——output=## Review Report

Constant definition is correct. 0 defects.

**Defects found: 0**
  🔁 [ReAct-review#1] 🏁 循环结束——耗时 1ms, loops=1/64, success=true
  📝 [ReAct-analysis#1] 文本响应: I'll search the codebase for relevant patterns.
  🔁 [ReAct-analysis#1] ✅ LLM 响应耗时 1ms——工具调用 1 个
  🔁 [ReAct-analysis#1] 🔧 执行工具 search_code
  🔁 [ReAct-code#1] 🔧 write_file → ✅ 成功 (9ms)
  🔁 [ReAct-code#2] 🛰️  调用 LLM (code)——上下文 5 条消息，工具 8 个...
  🔁 [ReAct-analysis#1] 🔧 search_code → ❌ 失败: search_code: rg 不可用。请使用 list_files 列出目录 + read_file 读取具体文件。
  🔁 [ReAct-analysis#2] 🛰️  调用 LLM (analysis)——上下文 5 条消息，工具 7 个...
  📝 [ReAct-code#2] 文本响应: Implementation complete:
```
export const PI = 3.14159;
```
  🔁 [ReAct-code#2] ✅ LLM 响应耗时 0ms——工具调用 0 个
  🔁 [ReAct-code#2] 🛑 无工具调用，本轮结束——output=Implementation complete:
```
export const PI = 3.14159;
```
  🔁 [ReAct-code#2] 🏁 循环结束——耗时 10ms, loops=2/64, success=true
  📝 [ReAct-analysis#2] 文本响应: Writing the analysis report.
  🔁 [ReAct-analysis#2] ✅ LLM 响应耗时 0ms——工具调用 1 个
  🔁 [ReAct-analysis#2] 🔧 执行工具 write_file
  🔁 [ReAct-analysis#2] 🔧 write_file → ✅ 成功 (9212ms)
  🔁 [ReAct-analysis#3] 🛰️  调用 LLM (analysis)——上下文 7 条消息，工具 7 个...
  📝 [ReAct-analysis#3] 文本响应: ## Analysis Report

Module uses simple constant export pattern. No architectural concerns.
  🔁 [ReAct-analysis#3] ✅ LLM 响应耗时 0ms——工具调用 0 个
  🔁 [ReAct-analysis#3] 🛑 无工具调用，本轮结束——output=## Analysis Report

Module uses simple constant export pattern. No architectural concerns.
  🔁 [ReAct-analysis#3] 🏁 循环结束——耗时 9221ms, loops=3/64, success=true

 [32m✓[39m packages/engine/tests/e2e/closed-loop-mock.test.ts [2m([22m[2m3 tests[22m[2m)[22m[33m 44852[2mms[22m[39m
   [33m[2m✓[22m[39m 闭环协作 Mock E2E[2m > [22mCodeAgent 实现 → ReviewAgent 审查 → 闭环通过 [33m8463[2mms[22m[39m
   [33m[2m✓[22m[39m 闭环协作 Mock E2E[2m > [22mCodeAgent 实现 → ReviewAgent 发现缺陷 → 修复闭环 [33m16308[2mms[22m[39m
   [33m[2m✓[22m[39m 闭环协作 Mock E2E[2m > [22m多 Agent 并行协作——Code + Review + Analysis 同时执行 [33m20079[2mms[22m[39m
[90mstdout[2m | packages/engine/tests/doc-govern-agent.test.ts[2m > [22m[2mDocGovernAgent 执行[2m > [22m[2mDocGovernAgent 产出写入 EPISODIC 记忆
[22m[39m  🔁 [ReAct-doc-govern#0] 启动——maxLoops=64, timeout=300000ms, tools=7个
  🔁 [ReAct-doc-govern#1] 🛰️  调用 LLM (mock)——上下文 3 条消息，工具 7 个...
  📝 [ReAct-doc-govern#1] 文本响应: 审计通过：无违规项
  🔁 [ReAct-doc-govern#1] ✅ LLM 响应耗时 0ms——工具调用 0 个
  🔁 [ReAct-doc-govern#1] 🛑 无工具调用，本轮结束——output=审计通过：无违规项
  🔁 [ReAct-doc-govern#1] 🏁 循环结束——耗时 0ms, loops=1/64, success=true

[90mstdout[2m | packages/engine/tests/doc-govern-agent.test.ts[2m > [22m[2mDocGovernAgent 执行[2m > [22m[2mDocGovernAgent 与其他 Agent 在串行链路中协作
[22m[39m  🔁 [ReAct-code#0] 启动——maxLoops=64, timeout=300000ms, tools=8个
  🔁 [ReAct-code#1] 🛰️  调用 LLM (mock)——上下文 3 条消息，工具 8 个...
  📝 [ReAct-code#1] 文本响应: 实现完成
  🔁 [ReAct-code#1] ✅ LLM 响应耗时 0ms——工具调用 0 个
  🔁 [ReAct-code#1] 🛑 无工具调用，本轮结束——output=实现完成
  🔁 [ReAct-code#1] 🏁 循环结束——耗时 0ms, loops=1/64, success=true
  🔁 [ReAct-doc-govern#0] 启动——maxLoops=64, timeout=300000ms, tools=7个
  🔁 [ReAct-doc-govern#1] 🛰️  调用 LLM (mock)——上下文 3 条消息，工具 7 个...
  📝 [ReAct-doc-govern#1] 文本响应: ## 审计报告

### 检查项目
- [x] 文档格式一致性
- [x] 宪法条款引用正确性
- [!] 发现 1 处文档遗漏：Core-1 重构计划未标注第四轮退出标准

### 结论
治理审计通过，1 项改进建议。
  🔁 [ReAct-doc-govern#1] ✅ LLM 响应耗时 0ms——工具调用 0 个
  🔁 [ReAct-doc-govern#1] 🛑 无工具调用，本轮结束——output=## 审计报告

### 检查项目
- [x] 文档格式一致性
- [x] 宪法条款引用正确性
- [!] 发现 1 处文档遗漏：Core-1 重构计划未标注第四轮退出标准

### 结论
治理审计通
  🔁 [ReAct-doc-govern#1] 🏁 循环结束——耗时 0ms, loops=1/64, success=true

 [32m✓[39m packages/engine/tests/doc-govern-agent.test.ts [2m([22m[2m5 tests[22m[2m)[22m[33m 44866[2mms[22m[39m
   [33m[2m✓[22m[39m DocGovernAgent 执行[2m > [22mdoc_audit 标签节点由 DocGovernAgent 执行 [33m8475[2mms[22m[39m
   [33m[2m✓[22m[39m DocGovernAgent 执行[2m > [22mconstitution_check 标签节点由 DocGovernAgent 执行 [33m7619[2mms[22m[39m
   [33m[2m✓[22m[39m DocGovernAgent 执行[2m > [22mplan_review 标签节点由 DocGovernAgent 执行 [33m8654[2mms[22m[39m
   [33m[2m✓[22m[39m DocGovernAgent 执行[2m > [22mDocGovernAgent 产出写入 EPISODIC 记忆 [33m8989[2mms[22m[39m
   [33m[2m✓[22m[39m DocGovernAgent 执行[2m > [22mDocGovernAgent 与其他 Agent 在串行链路中协作 [33m11127[2mms[22m[39m
[90mstderr[2m | packages/skill-kit/tests/e2e.test.ts[2m > [22m[2mE2E: 完整闭环 —— 加载 → 校验 → 缓存 → 执行[2m > [22m[2m场景 7: 执行抛出异常返回 EXECUTION_FAILED
[22m[39m[skill] 技能 "e2e-throw" 执行异常：E2E 模拟执行异常

[90mstderr[2m | packages/engine/tests/meta-agent.test.ts[2m > [22m[2mMetaAgent[2m > [22m[2mLLM 输出非 JSON 时返回兜底单节点
[22m[39m[meta-agent] JSON 解析失败 (68 chars)，回退为单 generic 节点。原始输出前200字: I think this task should be done in one step: just add the function.

[90mstderr[2m | packages/engine/tests/bootstrap-integration.test.ts[2m > [22m[2mT1: bootstrapEngine 启动全流水线[2m > [22m[2m所有核心组件创建成功
[22m[39m[ConsistencyLayer] InitVerifier 已显式禁用 (enableInitVerifier=false)。记忆-现实一致性校验（六层防御第一道防线）将不生效。

[90mstderr[2m | packages/engine/tests/bootstrap-integration.test.ts[2m > [22m[2mT1: bootstrapEngine 启动全流水线[2m > [22m[2mMemoryStore 启动后进行读写
[22m[39m[ConsistencyLayer] InitVerifier 已显式禁用 (enableInitVerifier=false)。记忆-现实一致性校验（六层防御第一道防线）将不生效。

[90mstderr[2m | packages/engine/tests/bootstrap-integration.test.ts[2m > [22m[2mT1: bootstrapEngine 启动全流水线[2m > [22m[2mMemoryStore 启动后进行读写
[22m[39m[embedding] ONNX 模型预加载完成 (0.7s)

[90mstderr[2m | packages/skill-kit/tests/executor.test.ts[2m > [22m[2mPipelineExecutor[2m > [22m[2mexecute 抛出异常时返回 EXECUTION_FAILED
[22m[39m[skill] 技能 "throw-skill" 执行异常：执行异常

[90mstderr[2m | packages/engine/tests/bootstrap-integration.test.ts[2m > [22m[2mT1: bootstrapEngine 启动全流水线[2m > [22m[2mScheduler 注册了 Agent 并可执行合成任务
[22m[39m[ConsistencyLayer] InitVerifier 已显式禁用 (enableInitVerifier=false)。记忆-现实一致性校验（六层防御第一道防线）将不生效。

[90mstderr[2m | packages/engine/tests/bootstrap-integration.test.ts[2m > [22m[2mT2: MetaAgent.plan() 意图拆解[2m > [22m[2mplan() 解析 LLM JSON 输出为 TaskNode 数组
[22m[39m[ConsistencyLayer] InitVerifier 已显式禁用 (enableInitVerifier=false)。记忆-现实一致性校验（六层防御第一道防线）将不生效。

[90mstderr[2m | packages/engine/tests/bootstrap-integration.test.ts[2m > [22m[2mT2: MetaAgent.plan() 意图拆解[2m > [22m[2mplan() 对空 JSON 返回空数组（无工作即无任务）
[22m[39m[ConsistencyLayer] InitVerifier 已显式禁用 (enableInitVerifier=false)。记忆-现实一致性校验（六层防御第一道防线）将不生效。

[90mstderr[2m | packages/engine/tests/bootstrap-integration.test.ts[2m > [22m[2mT3: Plan → Execute 闭环[2m > [22m[2mMetaAgent plan → Scheduler executeAll 全链路
[22m[39m[ConsistencyLayer] InitVerifier 已显式禁用 (enableInitVerifier=false)。记忆-现实一致性校验（六层防御第一道防线）将不生效。

[90mstderr[2m | packages/engine/tests/bootstrap-integration.test.ts[2m > [22m[2mT4: MemoryStore 读写闭环[2m > [22m[2mwrite → read → close 完整生命周期
[22m[39m[ConsistencyLayer] InitVerifier 已显式禁用 (enableInitVerifier=false)。记忆-现实一致性校验（六层防御第一道防线）将不生效。

[90mstdout[2m | packages/engine/tests/e2e/solo-flight-mock.test.ts[2m > [22m[2mSolo Flight Mock E2E[2m > [22m[2mCodeAgent 读取代码 → 修改 → 写入 → 验证
[22m[39m  🔁 [ReAct-code#0] 启动——maxLoops=64, timeout=300000ms, tools=8个
  🔁 [ReAct-code#1] 🛰️  调用 LLM (solo)——上下文 3 条消息，工具 8 个...
  📝 [ReAct-code#1] 文本响应: Let me read the existing file first.
  🔁 [ReAct-code#1] ✅ LLM 响应耗时 1ms——工具调用 1 个
  🔁 [ReAct-code#1] 🔧 执行工具 read_file
  🔁 [ReAct-code#1] 🔧 read_file → ✅ 成功 (0ms)
  🔁 [ReAct-code#2] 🛰️  调用 LLM (solo)——上下文 5 条消息，工具 8 个...
  📝 [ReAct-code#2] 文本响应: Now let me check how this is used elsewhere.
  🔁 [ReAct-code#2] ✅ LLM 响应耗时 0ms——工具调用 1 个
  🔁 [ReAct-code#2] 🔧 执行工具 search_code
  🔁 [ReAct-code#2] 🔧 search_code → ❌ 失败: search_code: rg 不可用。请使用 list_files 列出目录 + read_file 读取具体文件。
  🔁 [ReAct-code#3] 🛰️  调用 LLM (solo)——上下文 7 条消息，工具 8 个...
  📝 [ReAct-code#3] 文本响应: Applying the fix.
  🔁 [ReAct-code#3] ✅ LLM 响应耗时 0ms——工具调用 1 个
  🔁 [ReAct-code#3] 🔧 执行工具 write_file
  🔁 [ReAct-code#3] 🔧 write_file → ✅ 成功 (1ms)
  🔁 [ReAct-code#4] 🛰️  调用 LLM (solo)——上下文 9 条消息，工具 8 个...
  📝 [ReAct-code#4] 文本响应: Running tests to verify.
  🔁 [ReAct-code#4] ✅ LLM 响应耗时 0ms——工具调用 1 个
  🔁 [ReAct-code#4] 🔧 执行工具 run_shell
  🔁 [ReAct-code#4] 🔧 run_shell → ❌ 失败: 命令执行失败: spawnSync C:\Windows\system32\cmd.exe ETIMEDOUT
stderr: [90mstderr[2m | packages/skill-kit
  🔁 [ReAct-code#5] 🛰️  调用 LLM (solo)——上下文 11 条消息，工具 8 个...
  📝 [ReAct-code#5] 文本响应: All tests pass. Fix applied successfully.
  🔁 [ReAct-code#5] ✅ LLM 响应耗时 0ms——工具调用 0 个
  🔁 [ReAct-code#5] 🛑 无工具调用，本轮结束——output=All tests pass. Fix applied successfully.
  🔁 [ReAct-code#5] 🏁 循环结束——耗时 60037ms, loops=5/64, success=true

[90mstdout[2m | packages/engine/tests/e2e/solo-flight-mock.test.ts[2m > [22m[2mSolo Flight Mock E2E[2m > [22m[2mCodeAgent 失败重试——首次工具调用报错后重试成功
[22m[39m  🔁 [ReAct-code#0] 启动——maxLoops=64, timeout=300000ms, tools=8个
  🔁 [ReAct-code#1] 🛰️  调用 LLM (solo)——上下文 3 条消息，工具 8 个...
  📝 [ReAct-code#1] 文本响应: Reading the target file.
  🔁 [ReAct-code#1] ✅ LLM 响应耗时 0ms——工具调用 1 个
  🔁 [ReAct-code#1] 🔧 执行工具 read_file
  🔁 [ReAct-code#1] 🔧 read_file → ❌ 失败: 文件不存在: D:\cortex\missing.ts
  🔁 [ReAct-code#2] 🛰️  调用 LLM (solo)——上下文 5 条消息，工具 8 个...
  📝 [ReAct-code#2] 文本响应: File not found, searching for alternatives.
  🔁 [ReAct-code#2] ✅ LLM 响应耗时 0ms——工具调用 1 个
  🔁 [ReAct-code#2] 🔧 执行工具 search_code
  🔁 [ReAct-code#2] 🔧 search_code → ❌ 失败: search_code: rg 不可用。请使用 list_files 列出目录 + read_file 读取具体文件。
  🔁 [ReAct-code#3] 🛰️  调用 LLM (solo)——上下文 7 条消息，工具 8 个...
  📝 [ReAct-code#3] 文本响应: Found the correct location. Applying fix.
  🔁 [ReAct-code#3] ✅ LLM 响应耗时 0ms——工具调用 1 个
  🔁 [ReAct-code#3] 🔧 执行工具 write_file
  🔁 [ReAct-code#3] 🔧 write_file → ✅ 成功 (1ms)
  🔁 [ReAct-code#4] 🛰️  调用 LLM (solo)——上下文 9 条消息，工具 8 个...
  📝 [ReAct-code#4] 文本响应: Fix applied to the correct file.
  🔁 [ReAct-code#4] ✅ LLM 响应耗时 0ms——工具调用 0 个
  🔁 [ReAct-code#4] 🛑 无工具调用，本轮结束——output=Fix applied to the correct file.
  🔁 [ReAct-code#4] 🏁 循环结束——耗时 7ms, loops=4/64, success=true

[90mstdout[2m | packages/engine/tests/e2e/solo-flight-mock.test.ts[2m > [22m[2mSolo Flight Mock E2E[2m > [22m[2m两个 CodeAgent 并行执行不同任务——互不干扰
[22m[39m  🔁 [ReAct-code#0] 启动——maxLoops=64, timeout=300000ms, tools=8个
  🔁 [ReAct-code#1] 🛰️  调用 LLM (worker-2)——上下文 3 条消息，工具 8 个...
  🔁 [ReAct-code#0] 启动——maxLoops=64, timeout=300000ms, tools=8个
  🔁 [ReAct-code#1] 🛰️  调用 LLM (worker-2)——上下文 3 条消息，工具 8 个...
  📝 [ReAct-code#1] 文本响应: I'll write the implementation to a file.
  🔁 [ReAct-code#1] ✅ LLM 响应耗时 0ms——工具调用 1 个
  🔁 [ReAct-code#1] 🔧 执行工具 write_file
  📝 [ReAct-code#1] 文本响应: Implementation complete:
```
export const TASK_B = 'done';
```
  🔁 [ReAct-code#1] ✅ LLM 响应耗时 1ms——工具调用 0 个
  🔁 [ReAct-code#1] 🛑 无工具调用，本轮结束——output=Implementation complete:
```
export const TASK_B = 'done';
```
  🔁 [ReAct-code#1] 🏁 循环结束——耗时 1ms, loops=1/64, success=true
  🔁 [ReAct-code#1] 🔧 write_file → ✅ 成功 (1ms)
  🔁 [ReAct-code#2] 🛰️  调用 LLM (worker-2)——上下文 5 条消息，工具 8 个...
  📝 [ReAct-code#2] 文本响应: Implementation complete:
```
export const TASK_B = 'done';
```
  🔁 [ReAct-code#2] ✅ LLM 响应耗时 0ms——工具调用 0 个
  🔁 [ReAct-code#2] 🛑 无工具调用，本轮结束——output=Implementation complete:
```
export const TASK_B = 'done';
```
  🔁 [ReAct-code#2] 🏁 循环结束——耗时 1ms, loops=2/64, success=true

 [32m✓[39m packages/engine/tests/e2e/solo-flight-mock.test.ts [2m([22m[2m3 tests[22m[2m)[22m[33m 60061[2mms[22m[39m
   [33m[2m✓[22m[39m Solo Flight Mock E2E[2m > [22mCodeAgent 读取代码 → 修改 → 写入 → 验证 [33m60048[2mms[22m[39m
[90mstdout[2m | packages/engine/tests/e2e/multi-agent-collab-mock.test.ts[2m > [22m[2m多 Agent 协作 Mock E2E[2m > [22m[2mCode + Review + Analysis 三路并行 → 全部完成
[22m[39m  🔁 [ReAct-code#0] 启动——maxLoops=64, timeout=300000ms, tools=8个
  🔁 [ReAct-code#1] 🛰️  调用 LLM (code)——上下文 3 条消息，工具 8 个...
  🔁 [ReAct-review#0] 启动——maxLoops=64, timeout=300000ms, tools=7个
  🔁 [ReAct-review#1] 🛰️  调用 LLM (review)——上下文 3 条消息，工具 7 个...
  🔁 [ReAct-analysis#0] 启动——maxLoops=64, timeout=300000ms, tools=7个
  🔁 [ReAct-analysis#1] 🛰️  调用 LLM (analysis)——上下文 3 条消息，工具 7 个...
  📝 [ReAct-code#1] 文本响应: I'll write the implementation to a file.
  🔁 [ReAct-code#1] ✅ LLM 响应耗时 1ms——工具调用 1 个
  🔁 [ReAct-code#1] 🔧 执行工具 write_file
  📝 [ReAct-review#1] 文本响应: ## Review Report

No defects. Code is clean.

**Defects found: 0**
  🔁 [ReAct-review#1] ✅ LLM 响应耗时 2ms——工具调用 0 个
  🔁 [ReAct-review#1] 🛑 无工具调用，本轮结束——output=## Review Report

No defects. Code is clean.

**Defects found: 0**
  🔁 [ReAct-review#1] 🏁 循环结束——耗时 3ms, loops=1/64, success=true
  📝 [ReAct-analysis#1] 文本响应: I'll search the codebase for relevant patterns.
  🔁 [ReAct-analysis#1] ✅ LLM 响应耗时 2ms——工具调用 1 个
  🔁 [ReAct-analysis#1] 🔧 执行工具 search_code
  🔁 [ReAct-code#1] 🔧 write_file → ✅ 成功 (13ms)
  🔁 [ReAct-code#2] 🛰️  调用 LLM (code)——上下文 5 条消息，工具 8 个...
  🔁 [ReAct-analysis#1] 🔧 search_code → ❌ 失败: search_code: rg 不可用。请使用 list_files 列出目录 + read_file 读取具体文件。
  🔁 [ReAct-analysis#2] 🛰️  调用 LLM (analysis)——上下文 5 条消息，工具 7 个...
  📝 [ReAct-code#2] 文本响应: Implementation complete:
```
export const VERSION = '1.0.0';
```
  🔁 [ReAct-code#2] ✅ LLM 响应耗时 1ms——工具调用 0 个
  🔁 [ReAct-code#2] 🛑 无工具调用，本轮结束——output=Implementation complete:
```
export const VERSION = '1.0.0';
```
  🔁 [ReAct-code#2] 🏁 循环结束——耗时 16ms, loops=2/64, success=true
  📝 [ReAct-analysis#2] 文本响应: Writing the analysis report.
  🔁 [ReAct-analysis#2] ✅ LLM 响应耗时 0ms——工具调用 1 个
  🔁 [ReAct-analysis#2] 🔧 执行工具 write_file
  🔁 [ReAct-analysis#2] 🔧 write_file → ✅ 成功 (8446ms)
  🔁 [ReAct-analysis#3] 🛰️  调用 LLM (analysis)——上下文 7 条消息，工具 7 个...
  📝 [ReAct-analysis#3] 文本响应: ## Analysis Report

Architecture is properly layered. All dependencies point inward.
  🔁 [ReAct-analysis#3] ✅ LLM 响应耗时 0ms——工具调用 0 个
  🔁 [ReAct-analysis#3] 🛑 无工具调用，本轮结束——output=## Analysis Report

Architecture is properly layered. All dependencies point inward.
  🔁 [ReAct-analysis#3] 🏁 循环结束——耗时 8460ms, loops=3/64, success=true

[90mstdout[2m | packages/engine/tests/e2e/multi-agent-collab-mock.test.ts[2m > [22m[2m多 Agent 协作 Mock E2E[2m > [22m[2m治理审计 → 发现违规 → Code + Fix 修复 → 再审计通过
[22m[39m  🔁 [ReAct-doc-govern#0] 启动——maxLoops=64, timeout=300000ms, tools=7个
  🔁 [ReAct-doc-govern#1] 🛰️  调用 LLM (doc-1)——上下文 3 条消息，工具 7 个...
  🔁 [ReAct-review#0] 启动——maxLoops=64, timeout=300000ms, tools=7个
  🔁 [ReAct-review#1] 🛰️  调用 LLM (review-1)——上下文 3 条消息，工具 7 个...
  📝 [ReAct-doc-govern#1] 文本响应: Reading the constitution and related documents.
  🔁 [ReAct-doc-govern#1] ✅ LLM 响应耗时 0ms——工具调用 1 个
  🔁 [ReAct-doc-govern#1] 🔧 执行工具 read_file
  📝 [ReAct-review#1] 文本响应: ## Review Report

Audit findings confirmed. 2 real violations.

**Defects found: 2**
  🔁 [ReAct-review#1] ✅ LLM 响应耗时 0ms——工具调用 0 个
  🔁 [ReAct-review#1] 🛑 无工具调用，本轮结束——output=## Review Report

Audit findings confirmed. 2 real violations.

**Defects found: 2**
  🔁 [ReAct-review#1] 🏁 循环结束——耗时 0ms, loops=1/64, success=true
  🔁 [ReAct-doc-govern#1] 🔧 read_file → ❌ 失败: 文件不存在: D:\cortex\docs\constitution\Cortex.md
  🔁 [ReAct-doc-govern#2] 🛰️  调用 LLM (doc-1)——上下文 5 条消息，工具 7 个...
  📝 [ReAct-doc-govern#2] 文本响应: ## Audit Report

- [!] Hardcoded path found in src/loader.ts:33
- [!] console.error in src/handler.ts:12

**Verdict: FAIL — 2 violations**
  🔁 [ReAct-doc-govern#2] ✅ LLM 响应耗时 0ms——工具调用 0 个
  🔁 [ReAct-doc-govern#2] 🛑 无工具调用，本轮结束——output=## Audit Report

- [!] Hardcoded path found in src/loader.ts:33
- [!] console.error in src/handler.t
  🔁 [ReAct-doc-govern#2] 🏁 循环结束——耗时 0ms, loops=2/64, success=true
  🔁 [ReAct-code#0] 启动——maxLoops=64, timeout=300000ms, tools=8个
  🔁 [ReAct-code#1] 🛰️  调用 LLM (fix)——上下文 3 条消息，工具 8 个...
  🔁 [ReAct-doc-govern#0] 启动——maxLoops=64, timeout=300000ms, tools=7个
  🔁 [ReAct-doc-govern#1] 🛰️  调用 LLM (doc-2)——上下文 3 条消息，工具 7 个...
  📝 [ReAct-code#1] 文本响应: I'll write the implementation to a file.
  🔁 [ReAct-code#1] ✅ LLM 响应耗时 0ms——工具调用 1 个
  🔁 [ReAct-code#1] 🔧 执行工具 write_file
  📝 [ReAct-doc-govern#1] 文本响应: Reading the constitution and related documents.
  🔁 [ReAct-doc-govern#1] ✅ LLM 响应耗时 2ms——工具调用 1 个
  🔁 [ReAct-doc-govern#1] 🔧 执行工具 read_file
  🔁 [ReAct-code#1] 🔧 write_file → ✅ 成功 (3ms)
  🔁 [ReAct-code#2] 🛰️  调用 LLM (fix)——上下文 5 条消息，工具 8 个...
  🔁 [ReAct-doc-govern#1] 🔧 read_file → ❌ 失败: 文件不存在: D:\cortex\docs\constitution\Cortex.md
  🔁 [ReAct-doc-govern#2] 🛰️  调用 LLM (doc-2)——上下文 5 条消息，工具 7 个...
  📝 [ReAct-code#2] 文本响应: Implementation complete:
```
// All hardcoded paths replaced with constants.
```
  🔁 [ReAct-code#2] ✅ LLM 响应耗时 0ms——工具调用 0 个
  🔁 [ReAct-code#2] 🛑 无工具调用，本轮结束——output=Implementation complete:
```
// All hardcoded paths replaced with constants.
```
  🔁 [ReAct-code#2] 🏁 循环结束——耗时 4ms, loops=2/64, success=true
  📝 [ReAct-doc-govern#2] 文本响应: ## Re-Audit Report

- [x] Hardcoded paths fixed
- [x] console.error removed

**Verdict: PASS**
  🔁 [ReAct-doc-govern#2] ✅ LLM 响应耗时 0ms——工具调用 0 个
  🔁 [ReAct-doc-govern#2] 🛑 无工具调用，本轮结束——output=## Re-Audit Report

- [x] Hardcoded paths fixed
- [x] console.error removed

**Verdict: PASS**
  🔁 [ReAct-doc-govern#2] 🏁 循环结束——耗时 3ms, loops=2/64, success=true

[90mstdout[2m | packages/engine/tests/e2e/multi-agent-collab-mock.test.ts[2m > [22m[2m多 Agent 协作 Mock E2E[2m > [22m[2m5 Agent 全类型注册——每种标签只匹配正确 Agent
[22m[39m  🔁 [ReAct-code#0] 启动——maxLoops=64, timeout=300000ms, tools=8个
  🔁 [ReAct-code#1] 🛰️  调用 LLM (c)——上下文 3 条消息，工具 8 个...
  🔁 [ReAct-review#0] 启动——maxLoops=64, timeout=300000ms, tools=7个
  🔁 [ReAct-review#1] 🛰️  调用 LLM (r)——上下文 3 条消息，工具 7 个...
  🔁 [ReAct-doc-govern#0] 启动——maxLoops=64, timeout=300000ms, tools=7个
  🔁 [ReAct-doc-govern#1] 🛰️  调用 LLM (d)——上下文 3 条消息，工具 7 个...
  🔁 [ReAct-analysis#0] 启动——maxLoops=64, timeout=300000ms, tools=7个
  🔁 [ReAct-analysis#1] 🛰️  调用 LLM (a)——上下文 3 条消息，工具 7 个...
  📝 [ReAct-code#1] 文本响应: I'll write the implementation to a file.
  🔁 [ReAct-code#1] ✅ LLM 响应耗时 0ms——工具调用 1 个
  🔁 [ReAct-code#1] 🔧 执行工具 write_file
  📝 [ReAct-review#1] 文本响应: ## Review Report

OK

**Defects found: 0**
  🔁 [ReAct-review#1] ✅ LLM 响应耗时 1ms——工具调用 0 个
  🔁 [ReAct-review#1] 🛑 无工具调用，本轮结束——output=## Review Report

OK

**Defects found: 0**
  🔁 [ReAct-review#1] 🏁 循环结束——耗时 1ms, loops=1/64, success=true
  📝 [ReAct-doc-govern#1] 文本响应: Reading the constitution and related documents.
  🔁 [ReAct-doc-govern#1] ✅ LLM 响应耗时 1ms——工具调用 1 个
  🔁 [ReAct-doc-govern#1] 🔧 执行工具 read_file
  📝 [ReAct-analysis#1] 文本响应: I'll search the codebase for relevant patterns.
  🔁 [ReAct-analysis#1] ✅ LLM 响应耗时 1ms——工具调用 1 个
  🔁 [ReAct-analysis#1] 🔧 执行工具 search_code
  🔁 [ReAct-code#1] 🔧 write_file → ✅ 成功 (6ms)
  🔁 [ReAct-code#2] 🛰️  调用 LLM (c)——上下文 5 条消息，工具 8 个...
  🔁 [ReAct-doc-govern#1] 🔧 read_file → ❌ 失败: 文件不存在: D:\cortex\docs\constitution\Cortex.md
  🔁 [ReAct-doc-govern#2] 🛰️  调用 LLM (d)——上下文 5 条消息，工具 7 个...
  🔁 [ReAct-analysis#1] 🔧 search_code → ❌ 失败: search_code: rg 不可用。请使用 list_files 列出目录 + read_file 读取具体文件。
  🔁 [ReAct-analysis#2] 🛰️  调用 LLM (a)——上下文 5 条消息，工具 7 个...
  📝 [ReAct-code#2] 文本响应: Implementation complete:
```
OK
```
  🔁 [ReAct-code#2] ✅ LLM 响应耗时 0ms——工具调用 0 个
  🔁 [ReAct-code#2] 🛑 无工具调用，本轮结束——output=Implementation complete:
```
OK
```
  🔁 [ReAct-code#2] 🏁 循环结束——耗时 7ms, loops=2/64, success=true
  📝 [ReAct-doc-govern#2] 文本响应: PASS
  🔁 [ReAct-doc-govern#2] ✅ LLM 响应耗时 0ms——工具调用 0 个
  🔁 [ReAct-doc-govern#2] 🛑 无工具调用，本轮结束——output=PASS
  🔁 [ReAct-doc-govern#2] 🏁 循环结束——耗时 6ms, loops=2/64, success=true
  📝 [ReAct-analysis#2] 文本响应: Writing the analysis report.
  🔁 [ReAct-analysis#2] ✅ LLM 响应耗时 0ms——工具调用 1 个
  🔁 [ReAct-analysis#2] 🔧 执行工具 write_file
  🔁 [ReAct-analysis#2] 🔧 write_file → ✅ 成功 (11149ms)
  🔁 [ReAct-analysis#3] 🛰️  调用 LLM (a)——上下文 7 条消息，工具 7 个...
  📝 [ReAct-analysis#3] 文本响应: ## Analysis Report

OK
  🔁 [ReAct-analysis#3] ✅ LLM 响应耗时 0ms——工具调用 0 个
  🔁 [ReAct-analysis#3] 🛑 无工具调用，本轮结束——output=## Analysis Report

OK
  🔁 [ReAct-analysis#3] 🏁 循环结束——耗时 11156ms, loops=3/64, success=true

 [32m✓[39m packages/engine/tests/e2e/multi-agent-collab-mock.test.ts [2m([22m[2m3 tests[22m[2m)[22m[33m 78846[2mms[22m[39m
   [33m[2m✓[22m[39m 多 Agent 协作 Mock E2E[2m > [22mCode + Review + Analysis 三路并行 → 全部完成 [33m16521[2mms[22m[39m
   [33m[2m✓[22m[39m 多 Agent 协作 Mock E2E[2m > [22m治理审计 → 发现违规 → Code + Fix 修复 → 再审计通过 [33m28325[2mms[22m[39m
   [33m[2m✓[22m[39m 多 Agent 协作 Mock E2E[2m > [22m5 Agent 全类型注册——每种标签只匹配正确 Agent [33m33998[2mms[22m[39m
[90mstdout[2m | packages/engine/tests/multi-agent-collab.test.ts[2m > [22m[2m串行协作 CodeAgent → ReviewAgent[2m > [22m[2mCodeAgent 产出 → ReviewAgent 审查（拓扑排序保证顺序）
[22m[39m  🔁 [ReAct-code#0] 启动——maxLoops=64, timeout=300000ms, tools=8个
  🔁 [ReAct-code#1] 🛰️  调用 LLM (mock)——上下文 3 条消息，工具 8 个...
  📝 [ReAct-code#1] 文本响应: function login() { return 'ok'; }
  🔁 [ReAct-code#1] ✅ LLM 响应耗时 1ms——工具调用 0 个
  🔁 [ReAct-code#1] 🛑 无工具调用，本轮结束——output=function login() { return 'ok'; }
  🔁 [ReAct-code#1] 🏁 循环结束——耗时 2ms, loops=1/64, success=true
  🔁 [ReAct-review#0] 启动——maxLoops=64, timeout=300000ms, tools=7个
  🔁 [ReAct-review#1] 🛰️  调用 LLM (mock)——上下文 3 条消息，工具 7 个...
  📝 [ReAct-review#1] 文本响应: LGTM, no issues found
  🔁 [ReAct-review#1] ✅ LLM 响应耗时 0ms——工具调用 0 个
  🔁 [ReAct-review#1] 🛑 无工具调用，本轮结束——output=LGTM, no issues found
  🔁 [ReAct-review#1] 🏁 循环结束——耗时 0ms, loops=1/64, success=true

[90mstdout[2m | packages/engine/tests/multi-agent-collab.test.ts[2m > [22m[2m串行协作 CodeAgent → ReviewAgent[2m > [22m[2m父节点失败 → 子节点仍执行（已存在节点不受影响）
[22m[39m  🔁 [ReAct-code#0] 启动——maxLoops=64, timeout=300000ms, tools=8个
  🔁 [ReAct-code#1] 🛰️  调用 LLM (mock)——上下文 3 条消息，工具 8 个...
  🔁 [ReAct-code#1] 💥 崩溃: Error: Code execution failed
  🔁 [ReAct-review#0] 启动——maxLoops=64, timeout=300000ms, tools=7个
  🔁 [ReAct-review#1] 🛰️  调用 LLM (mock)——上下文 3 条消息，工具 7 个...
  📝 [ReAct-review#1] 文本响应: Needs work
  🔁 [ReAct-review#1] ✅ LLM 响应耗时 0ms——工具调用 0 个
  🔁 [ReAct-review#1] 🛑 无工具调用，本轮结束——output=Needs work
  🔁 [ReAct-review#1] 🏁 循环结束——耗时 0ms, loops=1/64, success=true

[90mstdout[2m | packages/engine/tests/multi-agent-collab.test.ts[2m > [22m[2m开会 needsMultiPerspective 并行[2m > [22m[2mneedsMultiPerspective 节点 → 2 Agent 并行认领+执行
[22m[39m  🔁 [ReAct-review#0] 启动——maxLoops=64, timeout=300000ms, tools=7个
  🔁 [ReAct-review#1] 🛰️  调用 LLM (mock)——上下文 3 条消息，工具 7 个...
  🔁 [ReAct-analysis#0] 启动——maxLoops=64, timeout=300000ms, tools=7个
  🔁 [ReAct-analysis#1] 🛰️  调用 LLM (mock)——上下文 3 条消息，工具 7 个...
  📝 [ReAct-review#1] 文本响应: Review: password hashing OK, rate limiting missing
  🔁 [ReAct-review#1] ✅ LLM 响应耗时 0ms——工具调用 0 个
  🔁 [ReAct-review#1] 🛑 无工具调用，本轮结束——output=Review: password hashing OK, rate limiting missing
  🔁 [ReAct-review#1] 🏁 循环结束——耗时 0ms, loops=1/64, success=true
  📝 [ReAct-analysis#1] 文本响应: Analysis: OWASP Top 10 scan complete
  🔁 [ReAct-analysis#1] ✅ LLM 响应耗时 0ms——工具调用 0 个
  🔁 [ReAct-analysis#1] 🛑 无工具调用，本轮结束——output=Analysis: OWASP Top 10 scan complete
  🔁 [ReAct-analysis#1] 🏁 循环结束——耗时 0ms, loops=1/64, success=true

[90mstdout[2m | packages/engine/tests/multi-agent-collab.test.ts[2m > [22m[2m开会 needsMultiPerspective 并行[2m > [22m[2m单视角节点只用第一个匹配 Agent
[22m[39m  🔁 [ReAct-code#0] 启动——maxLoops=64, timeout=300000ms, tools=8个
  🔁 [ReAct-code#1] 🛰️  调用 LLM (mock)——上下文 3 条消息，工具 8 个...
  📝 [ReAct-code#1] 文本响应: test done
  🔁 [ReAct-code#1] ✅ LLM 响应耗时 0ms——工具调用 0 个
  🔁 [ReAct-code#1] 🛑 无工具调用，本轮结束——output=test done
  🔁 [ReAct-code#1] 🏁 循环结束——耗时 0ms, loops=1/64, success=true

[90mstdout[2m | packages/engine/tests/multi-agent-collab.test.ts[2m > [22m[2m重规划 失败 → MetaAgent 重规划[2m > [22m[2mCodeAgent 失败 → MetaAgent 重规划 → 新节点执行
[22m[39m  🔁 [ReAct-analysis#0] 启动——maxLoops=64, timeout=300000ms, tools=7个
  🔁 [ReAct-analysis#1] 🛰️  调用 LLM (mock)——上下文 3 条消息，工具 7 个...
  📝 [ReAct-analysis#1] 文本响应: Research: rocket engines need specialized materials
  🔁 [ReAct-analysis#1] ✅ LLM 响应耗时 0ms——工具调用 0 个
  🔁 [ReAct-analysis#1] 🛑 无工具调用，本轮结束——output=Research: rocket engines need specialized materials
  🔁 [ReAct-analysis#1] 🏁 循环结束——耗时 1ms, loops=1/64, success=true

[90mstdout[2m | packages/engine/tests/multi-agent-collab.test.ts[2m > [22m[2m重规划 失败 → MetaAgent 重规划[2m > [22m[2m重规划成功 → 新节点全部通过
[22m[39m  🔁 [ReAct-analysis#0] 启动——maxLoops=64, timeout=300000ms, tools=7个
  🔁 [ReAct-analysis#1] 🛰️  调用 LLM (mock)——上下文 3 条消息，工具 7 个...
  🔁 [ReAct-analysis#0] 启动——maxLoops=64, timeout=300000ms, tools=7个
  🔁 [ReAct-analysis#1] 🛰️  调用 LLM (mock)——上下文 3 条消息，工具 7 个...
  📝 [ReAct-analysis#1] 文本响应: Research: algorithm complexity analysis
  🔁 [ReAct-analysis#1] ✅ LLM 响应耗时 0ms——工具调用 0 个
  🔁 [ReAct-analysis#1] 🛑 无工具调用，本轮结束——output=Research: algorithm complexity analysis
  🔁 [ReAct-analysis#1] 🏁 循环结束——耗时 0ms, loops=1/64, success=true
  📝 [ReAct-analysis#1] 文本响应: Research: algorithm complexity analysis
  🔁 [ReAct-analysis#1] ✅ LLM 响应耗时 0ms——工具调用 0 个
  🔁 [ReAct-analysis#1] 🛑 无工具调用，本轮结束——output=Research: algorithm complexity analysis
  🔁 [ReAct-analysis#1] 🏁 循环结束——耗时 0ms, loops=1/64, success=true
  🔁 [ReAct-analysis#0] 启动——maxLoops=64, timeout=300000ms, tools=7个
  🔁 [ReAct-analysis#1] 🛰️  调用 LLM (mock)——上下文 3 条消息，工具 7 个...
  🔁 [ReAct-analysis#0] 启动——maxLoops=64, timeout=300000ms, tools=7个
  🔁 [ReAct-analysis#1] 🛰️  调用 LLM (mock)——上下文 3 条消息，工具 7 个...
  📝 [ReAct-analysis#1] 文本响应: Research: algorithm complexity analysis
  🔁 [ReAct-analysis#1] ✅ LLM 响应耗时 0ms——工具调用 0 个
  🔁 [ReAct-analysis#1] 🛑 无工具调用，本轮结束——output=Research: algorithm complexity analysis
  🔁 [ReAct-analysis#1] 🏁 循环结束——耗时 0ms, loops=1/64, success=true
  📝 [ReAct-analysis#1] 文本响应: Research: algorithm complexity analysis
  🔁 [ReAct-analysis#1] ✅ LLM 响应耗时 0ms——工具调用 0 个
  🔁 [ReAct-analysis#1] 🛑 无工具调用，本轮结束——output=Research: algorithm complexity analysis
  🔁 [ReAct-analysis#1] 🏁 循环结束——耗时 0ms, loops=1/64, success=true
  🔁 [ReAct-analysis#0] 启动——maxLoops=64, timeout=300000ms, tools=7个
  🔁 [ReAct-analysis#1] 🛰️  调用 LLM (mock)——上下文 3 条消息，工具 7 个...
  🔁 [ReAct-analysis#0] 启动——maxLoops=64, timeout=300000ms, tools=7个
  🔁 [ReAct-analysis#1] 🛰️  调用 LLM (mock)——上下文 3 条消息，工具 7 个...
  📝 [ReAct-analysis#1] 文本响应: Research: algorithm complexity analysis
  🔁 [ReAct-analysis#1] ✅ LLM 响应耗时 0ms——工具调用 0 个
  🔁 [ReAct-analysis#1] 🛑 无工具调用，本轮结束——output=Research: algorithm complexity analysis
  🔁 [ReAct-analysis#1] 🏁 循环结束——耗时 0ms, loops=1/64, success=true
  📝 [ReAct-analysis#1] 文本响应: Research: algorithm complexity analysis
  🔁 [ReAct-analysis#1] ✅ LLM 响应耗时 0ms——工具调用 0 个
  🔁 [ReAct-analysis#1] 🛑 无工具调用，本轮结束——output=Research: algorithm complexity analysis
  🔁 [ReAct-analysis#1] 🏁 循环结束——耗时 0ms, loops=1/64, success=true

 [32m✓[39m packages/engine/tests/multi-agent-collab.test.ts [2m([22m[2m10 tests[22m[2m)[22m[33m 87329[2mms[22m[39m
   [33m[2m✓[22m[39m 串行协作 CodeAgent → ReviewAgent[2m > [22mCodeAgent 产出 → ReviewAgent 审查（拓扑排序保证顺序） [33m8213[2mms[22m[39m
   [33m[2m✓[22m[39m 串行协作 CodeAgent → ReviewAgent[2m > [22m父节点失败 → 子节点仍执行（已存在节点不受影响） [33m7976[2mms[22m[39m
   [33m[2m✓[22m[39m 开会 needsMultiPerspective 并行[2m > [22mneedsMultiPerspective 节点 → 2 Agent 并行认领+执行 [33m17277[2mms[22m[39m
   [33m[2m✓[22m[39m 重规划 失败 → MetaAgent 重规划[2m > [22mCodeAgent 失败 → MetaAgent 重规划 → 新节点执行 [33m10617[2mms[22m[39m
   [33m[2m✓[22m[39m 重规划 失败 → MetaAgent 重规划[2m > [22m重规划成功 → 新节点全部通过 [33m43238[2mms[22m[39m
[90mstdout[2m | packages/engine/tests/multi-agent-collab.test.ts[2m > [22m[2mInspectorAgent 认领 inspect 节点[2m > [22m[2mInspector 认领 inspect 节点 → 产出事实报告
[22m[39m  🔁 [ReAct-inspector#0] 启动——maxLoops=48, timeout=300000ms, tools=7个
  🔁 [ReAct-inspector#1] 🛰️  调用 LLM (mock)——上下文 3 条消息，工具 7 个...
  📝 [ReAct-inspector#1] 文本响应: 事实报告：login.ts 共 45 行，导出 3 个函数
  🔁 [ReAct-inspector#1] ✅ LLM 响应耗时 0ms——工具调用 0 个
  🔁 [ReAct-inspector#1] 🛑 无工具调用，本轮结束——output=事实报告：login.ts 共 45 行，导出 3 个函数
  🔁 [ReAct-inspector#1] 🏁 循环结束——耗时 0ms, loops=1/48, success=true

[90mstdout[2m | packages/engine/tests/system-stress.test.ts[2m > [22m[2m场景 7：多类型 Agent 并行[2m > [22m[2mCode/Review/Analysis 三类型节点各 5 个，全部正确路由
[22m[39m  🔁 [ReAct-code#0] 启动——maxLoops=64, timeout=300000ms, tools=8个
  🔁 [ReAct-code#1] 🛰️  调用 LLM (mock)——上下文 3 条消息，工具 8 个...
  🔁 [ReAct-review#0] 启动——maxLoops=64, timeout=300000ms, tools=7个
  🔁 [ReAct-review#1] 🛰️  调用 LLM (mock)——上下文 3 条消息，工具 7 个...
  🔁 [ReAct-code#0] 启动——maxLoops=64, timeout=300000ms, tools=8个
  🔁 [ReAct-code#1] 🛰️  调用 LLM (mock)——上下文 3 条消息，工具 8 个...
  🔁 [ReAct-review#0] 启动——maxLoops=64, timeout=300000ms, tools=7个
  🔁 [ReAct-review#1] 🛰️  调用 LLM (mock)——上下文 3 条消息，工具 7 个...
  🔁 [ReAct-code#0] 启动——maxLoops=64, timeout=300000ms, tools=8个
  🔁 [ReAct-code#1] 🛰️  调用 LLM (mock)——上下文 3 条消息，工具 8 个...
  🔁 [ReAct-review#0] 启动——maxLoops=64, timeout=300000ms, tools=7个
  🔁 [ReAct-review#1] 🛰️  调用 LLM (mock)——上下文 3 条消息，工具 7 个...
  🔁 [ReAct-code#0] 启动——maxLoops=64, timeout=300000ms, tools=8个
  🔁 [ReAct-code#1] 🛰️  调用 LLM (mock)——上下文 3 条消息，工具 8 个...
  🔁 [ReAct-review#0] 启动——maxLoops=64, timeout=300000ms, tools=7个
  🔁 [ReAct-review#1] 🛰️  调用 LLM (mock)——上下文 3 条消息，工具 7 个...
  🔁 [ReAct-code#0] 启动——maxLoops=64, timeout=300000ms, tools=8个
  🔁 [ReAct-code#1] 🛰️  调用 LLM (mock)——上下文 3 条消息，工具 8 个...
  🔁 [ReAct-review#0] 启动——maxLoops=64, timeout=300000ms, tools=7个
  🔁 [ReAct-review#1] 🛰️  调用 LLM (mock)——上下文 3 条消息，工具 7 个...
  🔁 [ReAct-analysis#0] 启动——maxLoops=64, timeout=300000ms, tools=7个
  🔁 [ReAct-analysis#1] 🛰️  调用 LLM (mock)——上下文 3 条消息，工具 7 个...
  🔁 [ReAct-analysis#0] 启动——maxLoops=64, timeout=300000ms, tools=7个
  🔁 [ReAct-analysis#1] 🛰️  调用 LLM (mock)——上下文 3 条消息，工具 7 个...
  🔁 [ReAct-analysis#0] 启动——maxLoops=64, timeout=300000ms, tools=7个
  🔁 [ReAct-analysis#1] 🛰️  调用 LLM (mock)——上下文 3 条消息，工具 7 个...
  🔁 [ReAct-analysis#0] 启动——maxLoops=64, timeout=300000ms, tools=7个
  🔁 [ReAct-analysis#1] 🛰️  调用 LLM (mock)——上下文 3 条消息，工具 7 个...
  🔁 [ReAct-analysis#0] 启动——maxLoops=64, timeout=300000ms, tools=7个
  🔁 [ReAct-analysis#1] 🛰️  调用 LLM (mock)——上下文 3 条消息，工具 7 个...
  📝 [ReAct-code#1] 文本响应: Call 1 success
  🔁 [ReAct-code#1] ✅ LLM 响应耗时 1ms——工具调用 0 个
  🔁 [ReAct-code#1] 🛑 无工具调用，本轮结束——output=Call 1 success
  🔁 [ReAct-code#1] 🏁 循环结束——耗时 1ms, loops=1/64, success=true
  📝 [ReAct-review#1] 文本响应: Call 1 success
  🔁 [ReAct-review#1] ✅ LLM 响应耗时 1ms——工具调用 0 个
  🔁 [ReAct-review#1] 🛑 无工具调用，本轮结束——output=Call 1 success
  🔁 [ReAct-review#1] 🏁 循环结束——耗时 1ms, loops=1/64, success=true
  📝 [ReAct-code#1] 文本响应: Call 2 success
  🔁 [ReAct-code#1] ✅ LLM 响应耗时 1ms——工具调用 0 个
  🔁 [ReAct-code#1] 🛑 无工具调用，本轮结束——output=Call 2 success
  🔁 [ReAct-code#1] 🏁 循环结束——耗时 1ms, loops=1/64, success=true
  📝 [ReAct-review#1] 文本响应: Call 2 success
  🔁 [ReAct-review#1] ✅ LLM 响应耗时 1ms——工具调用 0 个
  🔁 [ReAct-review#1] 🛑 无工具调用，本轮结束——output=Call 2 success
  🔁 [ReAct-review#1] 🏁 循环结束——耗时 1ms, loops=1/64, success=true
  📝 [ReAct-code#1] 文本响应: Call 3 success
  🔁 [ReAct-code#1] ✅ LLM 响应耗时 1ms——工具调用 0 个
  🔁 [ReAct-code#1] 🛑 无工具调用，本轮结束——output=Call 3 success
  🔁 [ReAct-code#1] 🏁 循环结束——耗时 1ms, loops=1/64, success=true
  📝 [ReAct-review#1] 文本响应: Call 3 success
  🔁 [ReAct-review#1] ✅ LLM 响应耗时 1ms——工具调用 0 个
  🔁 [ReAct-review#1] 🛑 无工具调用，本轮结束——output=Call 3 success
  🔁 [ReAct-review#1] 🏁 循环结束——耗时 1ms, loops=1/64, success=true
  📝 [ReAct-code#1] 文本响应: Call 4 success
  🔁 [ReAct-code#1] ✅ LLM 响应耗时 1ms——工具调用 0 个
  🔁 [ReAct-code#1] 🛑 无工具调用，本轮结束——output=Call 4 success
  🔁 [ReAct-code#1] 🏁 循环结束——耗时 1ms, loops=1/64, success=true
  📝 [ReAct-review#1] 文本响应: Call 4 success
  🔁 [ReAct-review#1] ✅ LLM 响应耗时 1ms——工具调用 0 个
  🔁 [ReAct-review#1] 🛑 无工具调用，本轮结束——output=Call 4 success
  🔁 [ReAct-review#1] 🏁 循环结束——耗时 1ms, loops=1/64, success=true
  📝 [ReAct-code#1] 文本响应: Call 5 success
  🔁 [ReAct-code#1] ✅ LLM 响应耗时 1ms——工具调用 0 个
  🔁 [ReAct-code#1] 🛑 无工具调用，本轮结束——output=Call 5 success
  🔁 [ReAct-code#1] 🏁 循环结束——耗时 1ms, loops=1/64, success=true
  📝 [ReAct-review#1] 文本响应: Call 5 success
  🔁 [ReAct-review#1] ✅ LLM 响应耗时 1ms——工具调用 0 个
  🔁 [ReAct-review#1] 🛑 无工具调用，本轮结束——output=Call 5 success
  🔁 [ReAct-review#1] 🏁 循环结束——耗时 1ms, loops=1/64, success=true
  📝 [ReAct-analysis#1] 文本响应: Call 1 success
  🔁 [ReAct-analysis#1] ✅ LLM 响应耗时 1ms——工具调用 0 个
  🔁 [ReAct-analysis#1] 🛑 无工具调用，本轮结束——output=Call 1 success
  🔁 [ReAct-analysis#1] 🏁 循环结束——耗时 1ms, loops=1/64, success=true
  📝 [ReAct-analysis#1] 文本响应: Call 2 success
  🔁 [ReAct-analysis#1] ✅ LLM 响应耗时 1ms——工具调用 0 个
  🔁 [ReAct-analysis#1] 🛑 无工具调用，本轮结束——output=Call 2 success
  🔁 [ReAct-analysis#1] 🏁 循环结束——耗时 1ms, loops=1/64, success=true
  📝 [ReAct-analysis#1] 文本响应: Call 3 success
  🔁 [ReAct-analysis#1] ✅ LLM 响应耗时 0ms——工具调用 0 个
  🔁 [ReAct-analysis#1] 🛑 无工具调用，本轮结束——output=Call 3 success
  🔁 [ReAct-analysis#1] 🏁 循环结束——耗时 0ms, loops=1/64, success=true
  📝 [ReAct-analysis#1] 文本响应: Call 4 success
  🔁 [ReAct-analysis#1] ✅ LLM 响应耗时 0ms——工具调用 0 个
  🔁 [ReAct-analysis#1] 🛑 无工具调用，本轮结束——output=Call 4 success
  🔁 [ReAct-analysis#1] 🏁 循环结束——耗时 0ms, loops=1/64, success=true
  📝 [ReAct-analysis#1] 文本响应: Call 5 success
  🔁 [ReAct-analysis#1] ✅ LLM 响应耗时 0ms——工具调用 0 个
  🔁 [ReAct-analysis#1] 🛑 无工具调用，本轮结束——output=Call 5 success
  🔁 [ReAct-analysis#1] 🏁 循环结束——耗时 0ms, loops=1/64, success=true

[90mstdout[2m | packages/engine/tests/system-stress.test.ts[2m > [22m[2m场景 7：多类型 Agent 并行[2m > [22m[2m三类型 Agent + 混合节点——review 节点正确路由到 Review Agent
[22m[39m  🔁 [ReAct-code#0] 启动——maxLoops=64, timeout=300000ms, tools=8个
  🔁 [ReAct-code#1] 🛰️  调用 LLM (mock)——上下文 3 条消息，工具 8 个...
  🔁 [ReAct-code#0] 启动——maxLoops=64, timeout=300000ms, tools=8个
  🔁 [ReAct-code#1] 🛰️  调用 LLM (mock)——上下文 3 条消息，工具 8 个...
  🔁 [ReAct-review#0] 启动——maxLoops=64, timeout=300000ms, tools=7个
  🔁 [ReAct-review#1] 🛰️  调用 LLM (mock)——上下文 3 条消息，工具 7 个...
  🔁 [ReAct-review#0] 启动——maxLoops=64, timeout=300000ms, tools=7个
  🔁 [ReAct-review#1] 🛰️  调用 LLM (mock)——上下文 3 条消息，工具 7 个...
  🔁 [ReAct-review#0] 启动——maxLoops=64, timeout=300000ms, tools=7个
  🔁 [ReAct-review#1] 🛰️  调用 LLM (mock)——上下文 3 条消息，工具 7 个...
  📝 [ReAct-code#1] 文本响应: Call 1 success
  🔁 [ReAct-code#1] ✅ LLM 响应耗时 0ms——工具调用 0 个
  🔁 [ReAct-code#1] 🛑 无工具调用，本轮结束——output=Call 1 success
  🔁 [ReAct-code#1] 🏁 循环结束——耗时 0ms, loops=1/64, success=true
  📝 [ReAct-code#1] 文本响应: Call 2 success
  🔁 [ReAct-code#1] ✅ LLM 响应耗时 0ms——工具调用 0 个
  🔁 [ReAct-code#1] 🛑 无工具调用，本轮结束——output=Call 2 success
  🔁 [ReAct-code#1] 🏁 循环结束——耗时 0ms, loops=1/64, success=true
  📝 [ReAct-review#1] 文本响应: Call 1 success
  🔁 [ReAct-review#1] ✅ LLM 响应耗时 0ms——工具调用 0 个
  🔁 [ReAct-review#1] 🛑 无工具调用，本轮结束——output=Call 1 success
  🔁 [ReAct-review#1] 🏁 循环结束——耗时 0ms, loops=1/64, success=true
  📝 [ReAct-review#1] 文本响应: Call 2 success
  🔁 [ReAct-review#1] ✅ LLM 响应耗时 0ms——工具调用 0 个
  🔁 [ReAct-review#1] 🛑 无工具调用，本轮结束——output=Call 2 success
  🔁 [ReAct-review#1] 🏁 循环结束——耗时 0ms, loops=1/64, success=true
  📝 [ReAct-review#1] 文本响应: Call 3 success
  🔁 [ReAct-review#1] ✅ LLM 响应耗时 0ms——工具调用 0 个
  🔁 [ReAct-review#1] 🛑 无工具调用，本轮结束——output=Call 3 success
  🔁 [ReAct-review#1] 🏁 循环结束——耗时 0ms, loops=1/64, success=true

[90mstdout[2m | packages/engine/tests/system-stress.test.ts[2m > [22m[2m场景 7+：3 Scheduler 共享 AgentPool 并发[2m > [22m[2m3 Scheduler 同时 executeAll——共享池无竞态崩溃
[22m[39m  🔁 [ReAct-code#0] 启动——maxLoops=64, timeout=300000ms, tools=8个
  🔁 [ReAct-code#1] 🛰️  调用 LLM (mock)——上下文 3 条消息，工具 8 个...
  🔁 [ReAct-code#0] 启动——maxLoops=64, timeout=300000ms, tools=8个
  🔁 [ReAct-code#1] 🛰️  调用 LLM (mock)——上下文 3 条消息，工具 8 个...
  🔁 [ReAct-code#0] 启动——maxLoops=64, timeout=300000ms, tools=8个
  🔁 [ReAct-code#1] 🛰️  调用 LLM (mock)——上下文 3 条消息，工具 8 个...
  🔁 [ReAct-code#0] 启动——maxLoops=64, timeout=300000ms, tools=8个
  🔁 [ReAct-code#1] 🛰️  调用 LLM (mock)——上下文 3 条消息，工具 8 个...
  🔁 [ReAct-code#0] 启动——maxLoops=64, timeout=300000ms, tools=8个
  🔁 [ReAct-code#1] 🛰️  调用 LLM (mock)——上下文 3 条消息，工具 8 个...
  📝 [ReAct-code#1] 文本响应: Call 1 success
  🔁 [ReAct-code#1] ✅ LLM 响应耗时 0ms——工具调用 0 个
  🔁 [ReAct-code#1] 🛑 无工具调用，本轮结束——output=Call 1 success
  🔁 [ReAct-code#1] 🏁 循环结束——耗时 0ms, loops=1/64, success=true
  📝 [ReAct-code#1] 文本响应: Call 2 success
  🔁 [ReAct-code#1] ✅ LLM 响应耗时 0ms——工具调用 0 个
  🔁 [ReAct-code#1] 🛑 无工具调用，本轮结束——output=Call 2 success
  🔁 [ReAct-code#1] 🏁 循环结束——耗时 0ms, loops=1/64, success=true
  📝 [ReAct-code#1] 文本响应: Call 3 success
  🔁 [ReAct-code#1] ✅ LLM 响应耗时 0ms——工具调用 0 个
  🔁 [ReAct-code#1] 🛑 无工具调用，本轮结束——output=Call 3 success
  🔁 [ReAct-code#1] 🏁 循环结束——耗时 0ms, loops=1/64, success=true
  📝 [ReAct-code#1] 文本响应: Call 4 success
  🔁 [ReAct-code#1] ✅ LLM 响应耗时 0ms——工具调用 0 个
  🔁 [ReAct-code#1] 🛑 无工具调用，本轮结束——output=Call 4 success
  🔁 [ReAct-code#1] 🏁 循环结束——耗时 0ms, loops=1/64, success=true
  📝 [ReAct-code#1] 文本响应: Call 5 success
  🔁 [ReAct-code#1] ✅ LLM 响应耗时 0ms——工具调用 0 个
  🔁 [ReAct-code#1] 🛑 无工具调用，本轮结束——output=Call 5 success
  🔁 [ReAct-code#1] 🏁 循环结束——耗时 0ms, loops=1/64, success=true

[90mstdout[2m | packages/engine/tests/system-stress.test.ts[2m > [22m[2m场景 7+：3 Scheduler 共享 AgentPool 并发[2m > [22m[2m共享池的槽位隔离——不同 scheduler 不能互相挤占槽位
[22m[39m  🔁 [ReAct-code#0] 启动——maxLoops=64, timeout=300000ms, tools=8个
  🔁 [ReAct-code#1] 🛰️  调用 LLM (mock)——上下文 3 条消息，工具 8 个...
  🔁 [ReAct-code#0] 启动——maxLoops=64, timeout=300000ms, tools=8个
  🔁 [ReAct-code#1] 🛰️  调用 LLM (mock)——上下文 3 条消息，工具 8 个...
  📝 [ReAct-code#1] 文本响应: Call 1 success
  🔁 [ReAct-code#1] ✅ LLM 响应耗时 0ms——工具调用 0 个
  🔁 [ReAct-code#1] 🛑 无工具调用，本轮结束——output=Call 1 success
  🔁 [ReAct-code#1] 🏁 循环结束——耗时 0ms, loops=1/64, success=true
  📝 [ReAct-code#1] 文本响应: Call 2 success
  🔁 [ReAct-code#1] ✅ LLM 响应耗时 0ms——工具调用 0 个
  🔁 [ReAct-code#1] 🛑 无工具调用，本轮结束——output=Call 2 success
  🔁 [ReAct-code#1] 🏁 循环结束——耗时 0ms, loops=1/64, success=true

[90mstdout[2m | packages/engine/tests/system-stress.test.ts[2m > [22m[2m场景 8：50 轮耐久[2m > [22m[2m50 轮 executeAll——每轮 2 节点，总执行无衰减、无崩溃
[22m[39m  🔁 [ReAct-code#0] 启动——maxLoops=64, timeout=300000ms, tools=8个
  🔁 [ReAct-code#1] 🛰️  调用 LLM (mock)——上下文 3 条消息，工具 8 个...
  🔁 [ReAct-code#0] 启动——maxLoops=64, timeout=300000ms, tools=8个
  🔁 [ReAct-code#1] 🛰️  调用 LLM (mock)——上下文 3 条消息，工具 8 个...
  📝 [ReAct-code#1] 文本响应: Call 1 success
  🔁 [ReAct-code#1] ✅ LLM 响应耗时 0ms——工具调用 0 个
  🔁 [ReAct-code#1] 🛑 无工具调用，本轮结束——output=Call 1 success
  🔁 [ReAct-code#1] 🏁 循环结束——耗时 0ms, loops=1/64, success=true
  📝 [ReAct-code#1] 文本响应: Call 2 success
  🔁 [ReAct-code#1] ✅ LLM 响应耗时 0ms——工具调用 0 个
  🔁 [ReAct-code#1] 🛑 无工具调用，本轮结束——output=Call 2 success
  🔁 [ReAct-code#1] 🏁 循环结束——耗时 0ms, loops=1/64, success=true
  🔁 [ReAct-code#0] 启动——maxLoops=64, timeout=300000ms, tools=8个
  🔁 [ReAct-code#1] 🛰️  调用 LLM (mock)——上下文 3 条消息，工具 8 个...
  🔁 [ReAct-code#0] 启动——maxLoops=64, timeout=300000ms, tools=8个
  🔁 [ReAct-code#1] 🛰️  调用 LLM (mock)——上下文 3 条消息，工具 8 个...
  📝 [ReAct-code#1] 文本响应: Call 3 success
  🔁 [ReAct-code#1] ✅ LLM 响应耗时 0ms——工具调用 0 个
  🔁 [ReAct-code#1] 🛑 无工具调用，本轮结束——output=Call 3 success
  🔁 [ReAct-code#1] 🏁 循环结束——耗时 1ms, loops=1/64, success=true
  📝 [ReAct-code#1] 文本响应: Call 4 success
  🔁 [ReAct-code#1] ✅ LLM 响应耗时 0ms——工具调用 0 个
  🔁 [ReAct-code#1] 🛑 无工具调用，本轮结束——output=Call 4 success
  🔁 [ReAct-code#1] 🏁 循环结束——耗时 0ms, loops=1/64, success=true
  🔁 [ReAct-code#0] 启动——maxLoops=64, timeout=300000ms, tools=8个
  🔁 [ReAct-code#1] 🛰️  调用 LLM (mock)——上下文 3 条消息，工具 8 个...
  🔁 [ReAct-code#0] 启动——maxLoops=64, timeout=300000ms, tools=8个
  🔁 [ReAct-code#1] 🛰️  调用 LLM (mock)——上下文 3 条消息，工具 8 个...
  📝 [ReAct-code#1] 文本响应: Call 5 success
  🔁 [ReAct-code#1] ✅ LLM 响应耗时 0ms——工具调用 0 个
  🔁 [ReAct-code#1] 🛑 无工具调用，本轮结束——output=Call 5 success
  🔁 [ReAct-code#1] 🏁 循环结束——耗时 0ms, loops=1/64, success=true
  📝 [ReAct-code#1] 文本响应: Call 6 success
  🔁 [ReAct-code#1] ✅ LLM 响应耗时 0ms——工具调用 0 个
  🔁 [ReAct-code#1] 🛑 无工具调用，本轮结束——output=Call 6 success
  🔁 [ReAct-code#1] 🏁 循环结束——耗时 0ms, loops=1/64, success=true
  🔁 [ReAct-code#0] 启动——maxLoops=64, timeout=300000ms, tools=8个
  🔁 [ReAct-code#1] 🛰️  调用 LLM (mock)——上下文 3 条消息，工具 8 个...
  🔁 [ReAct-code#0] 启动——maxLoops=64, timeout=300000ms, tools=8个
  🔁 [ReAct-code#1] 🛰️  调用 LLM (mock)——上下文 3 条消息，工具 8 个...
  📝 [ReAct-code#1] 文本响应: Call 7 success
  🔁 [ReAct-code#1] ✅ LLM 响应耗时 0ms——工具调用 0 个
  🔁 [ReAct-code#1] 🛑 无工具调用，本轮结束——output=Call 7 success
  🔁 [ReAct-code#1] 🏁 循环结束——耗时 0ms, loops=1/64, success=true
  📝 [ReAct-code#1] 文本响应: Call 8 success
  🔁 [ReAct-code#1] ✅ LLM 响应耗时 0ms——工具调用 0 个
  🔁 [ReAct-code#1] 🛑 无工具调用，本轮结束——output=Call 8 success
  🔁 [ReAct-code#1] 🏁 循环结束——耗时 0ms, loops=1/64, success=true
  🔁 [ReAct-code#0] 启动——maxLoops=64, timeout=300000ms, tools=8个
  🔁 [ReAct-code#1] 🛰️  调用 LLM (mock)——上下文 3 条消息，工具 8 个...
  🔁 [ReAct-code#0] 启动——maxLoops=64, timeout=300000ms, tools=8个
  🔁 [ReAct-code#1] 🛰️  调用 LLM (mock)——上下文 3 条消息，工具 8 个...
  📝 [ReAct-code#1] 文本响应: Call 9 success
  🔁 [ReAct-code#1] ✅ LLM 响应耗时 0ms——工具调用 0 个
  🔁 [ReAct-code#1] 🛑 无工具调用，本轮结束——output=Call 9 success
  🔁 [ReAct-code#1] 🏁 循环结束——耗时 0ms, loops=1/64, success=true
  📝 [ReAct-code#1] 文本响应: Call 10 success
  🔁 [ReAct-code#1] ✅ LLM 响应耗时 0ms——工具调用 0 个
  🔁 [ReAct-code#1] 🛑 无工具调用，本轮结束——output=Call 10 success
  🔁 [ReAct-code#1] 🏁 循环结束——耗时 0ms, loops=1/64, success=true
  🔁 [ReAct-code#0] 启动——maxLoops=64, timeout=300000ms, tools=8个
  🔁 [ReAct-code#1] 🛰️  调用 LLM (mock)——上下文 3 条消息，工具 8 个...
  🔁 [ReAct-code#0] 启动——maxLoops=64, timeout=300000ms, tools=8个
  🔁 [ReAct-code#1] 🛰️  调用 LLM (mock)——上下文 3 条消息，工具 8 个...
  📝 [ReAct-code#1] 文本响应: Call 11 success
  🔁 [ReAct-code#1] ✅ LLM 响应耗时 0ms——工具调用 0 个
  🔁 [ReAct-code#1] 🛑 无工具调用，本轮结束——output=Call 11 success
  🔁 [ReAct-code#1] 🏁 循环结束——耗时 0ms, loops=1/64, success=true
  📝 [ReAct-code#1] 文本响应: Call 12 success
  🔁 [ReAct-code#1] ✅ LLM 响应耗时 0ms——工具调用 0 个
  🔁 [ReAct-code#1] 🛑 无工具调用，本轮结束——output=Call 12 success
  🔁 [ReAct-code#1] 🏁 循环结束——耗时 0ms, loops=1/64, success=true
  🔁 [ReAct-code#0] 启动——maxLoops=64, timeout=300000ms, tools=8个
  🔁 [ReAct-code#1] 🛰️  调用 LLM (mock)——上下文 3 条消息，工具 8 个...
  🔁 [ReAct-code#0] 启动——maxLoops=64, timeout=300000ms, tools=8个
  🔁 [ReAct-code#1] 🛰️  调用 LLM (mock)——上下文 3 条消息，工具 8 个...
  📝 [ReAct-code#1] 文本响应: Call 13 success
  🔁 [ReAct-code#1] ✅ LLM 响应耗时 0ms——工具调用 0 个
  🔁 [ReAct-code#1] 🛑 无工具调用，本轮结束——output=Call 13 success
  🔁 [ReAct-code#1] 🏁 循环结束——耗时 0ms, loops=1/64, success=true
  📝 [ReAct-code#1] 文本响应: Call 14 success
  🔁 [ReAct-code#1] ✅ LLM 响应耗时 0ms——工具调用 0 个
  🔁 [ReAct-code#1] 🛑 无工具调用，本轮结束——output=Call 14 success
  🔁 [ReAct-code#1] 🏁 循环结束——耗时 0ms, loops=1/64, success=true
  🔁 [ReAct-code#0] 启动——maxLoops=64, timeout=300000ms, tools=8个
  🔁 [ReAct-code#1] 🛰️  调用 LLM (mock)——上下文 3 条消息，工具 8 个...
  🔁 [ReAct-code#0] 启动——maxLoops=64, timeout=300000ms, tools=8个
  🔁 [ReAct-code#1] 🛰️  调用 LLM (mock)——上下文 3 条消息，工具 8 个...
  📝 [ReAct-code#1] 文本响应: Call 15 success
  🔁 [ReAct-code#1] ✅ LLM 响应耗时 0ms——工具调用 0 个
  🔁 [ReAct-code#1] 🛑 无工具调用，本轮结束——output=Call 15 success
  🔁 [ReAct-code#1] 🏁 循环结束——耗时 0ms, loops=1/64, success=true
  📝 [ReAct-code#1] 文本响应: Call 16 success
  🔁 [ReAct-code#1] ✅ LLM 响应耗时 0ms——工具调用 0 个
  🔁 [ReAct-code#1] 🛑 无工具调用，本轮结束——output=Call 16 success
  🔁 [ReAct-code#1] 🏁 循环结束——耗时 0ms, loops=1/64, success=true
  🔁 [ReAct-code#0] 启动——maxLoops=64, timeout=300000ms, tools=8个
  🔁 [ReAct-code#1] 🛰️  调用 LLM (mock)——上下文 3 条消息，工具 8 个...
  🔁 [ReAct-code#0] 启动——maxLoops=64, timeout=300000ms, tools=8个
  🔁 [ReAct-code#1] 🛰️  调用 LLM (mock)——上下文 3 条消息，工具 8 个...
  📝 [ReAct-code#1] 文本响应: Call 17 success
  🔁 [ReAct-code#1] ✅ LLM 响应耗时 0ms——工具调用 0 个
  🔁 [ReAct-code#1] 🛑 无工具调用，本轮结束——output=Call 17 success
  🔁 [ReAct-code#1] 🏁 循环结束——耗时 0ms, loops=1/64, success=true
  📝 [ReAct-code#1] 文本响应: Call 18 success
  🔁 [ReAct-code#1] ✅ LLM 响应耗时 0ms——工具调用 0 个
  🔁 [ReAct-code#1] 🛑 无工具调用，本轮结束——output=Call 18 success
  🔁 [ReAct-code#1] 🏁 循环结束——耗时 0ms, loops=1/64, success=true
  🔁 [ReAct-code#0] 启动——maxLoops=64, timeout=300000ms, tools=8个
  🔁 [ReAct-code#1] 🛰️  调用 LLM (mock)——上下文 3 条消息，工具 8 个...
  🔁 [ReAct-code#0] 启动——maxLoops=64, timeout=300000ms, tools=8个
  🔁 [ReAct-code#1] 🛰️  调用 LLM (mock)——上下文 3 条消息，工具 8 个...
  📝 [ReAct-code#1] 文本响应: Call 19 success
  🔁 [ReAct-code#1] ✅ LLM 响应耗时 0ms——工具调用 0 个
  🔁 [ReAct-code#1] 🛑 无工具调用，本轮结束——output=Call 19 success
  🔁 [ReAct-code#1] 🏁 循环结束——耗时 0ms, loops=1/64, success=true
  📝 [ReAct-code#1] 文本响应: Call 20 success
  🔁 [ReAct-code#1] ✅ LLM 响应耗时 0ms——工具调用 0 个
  🔁 [ReAct-code#1] 🛑 无工具调用，本轮结束——output=Call 20 success
  🔁 [ReAct-code#1] 🏁 循环结束——耗时 0ms, loops=1/64, success=true
  🔁 [ReAct-code#0] 启动——maxLoops=64, timeout=300000ms, tools=8个
  🔁 [ReAct-code#1] 🛰️  调用 LLM (mock)——上下文 3 条消息，工具 8 个...
  🔁 [ReAct-code#0] 启动——maxLoops=64, timeout=300000ms, tools=8个
  🔁 [ReAct-code#1] 🛰️  调用 LLM (mock)——上下文 3 条消息，工具 8 个...
  📝 [ReAct-code#1] 文本响应: Call 21 success
  🔁 [ReAct-code#1] ✅ LLM 响应耗时 0ms——工具调用 0 个
  🔁 [ReAct-code#1] 🛑 无工具调用，本轮结束——output=Call 21 success
  🔁 [ReAct-code#1] 🏁 循环结束——耗时 0ms, loops=1/64, success=true
  📝 [ReAct-code#1] 文本响应: Call 22 success
  🔁 [ReAct-code#1] ✅ LLM 响应耗时 0ms——工具调用 0 个
  🔁 [ReAct-code#1] 🛑 无工具调用，本轮结束——output=Call 22 success
  🔁 [ReAct-code#1] 🏁 循环结束——耗时 0ms, loops=1/64, success=true
  🔁 [ReAct-code#0] 启动——maxLoops=64, timeout=300000ms, tools=8个
  🔁 [ReAct-code#1] 🛰️  调用 LLM (mock)——上下文 3 条消息，工具 8 个...
  🔁 [ReAct-code#0] 启动——maxLoops=64, timeout=300000ms, tools=8个
  🔁 [ReAct-code#1] 🛰️  调用 LLM (mock)——上下文 3 条消息，工具 8 个...
  📝 [ReAct-code#1] 文本响应: Call 23 success
  🔁 [ReAct-code#1] ✅ LLM 响应耗时 0ms——工具调用 0 个
  🔁 [ReAct-code#1] 🛑 无工具调用，本轮结束——output=Call 23 success
  🔁 [ReAct-code#1] 🏁 循环结束——耗时 0ms, loops=1/64, success=true
  📝 [ReAct-code#1] 文本响应: Call 24 success
  🔁 [ReAct-code#1] ✅ LLM 响应耗时 0ms——工具调用 0 个
  🔁 [ReAct-code#1] 🛑 无工具调用，本轮结束——output=Call 24 success
  🔁 [ReAct-code#1] 🏁 循环结束——耗时 0ms, loops=1/64, success=true
  🔁 [ReAct-code#0] 启动——maxLoops=64, timeout=300000ms, tools=8个
  🔁 [ReAct-code#1] 🛰️  调用 LLM (mock)——上下文 3 条消息，工具 8 个...
  🔁 [ReAct-code#0] 启动——maxLoops=64, timeout=300000ms, tools=8个
  🔁 [ReAct-code#1] 🛰️  调用 LLM (mock)——上下文 3 条消息，工具 8 个...
  📝 [ReAct-code#1] 文本响应: Call 25 success
  🔁 [ReAct-code#1] ✅ LLM 响应耗时 0ms——工具调用 0 个
  🔁 [ReAct-code#1] 🛑 无工具调用，本轮结束——output=Call 25 success
  🔁 [ReAct-code#1] 🏁 循环结束——耗时 0ms, loops=1/64, success=true
  📝 [ReAct-code#1] 文本响应: Call 26 success
  🔁 [ReAct-code#1] ✅ LLM 响应耗时 0ms——工具调用 0 个
  🔁 [ReAct-code#1] 🛑 无工具调用，本轮结束——output=Call 26 success
  🔁 [ReAct-code#1] 🏁 循环结束——耗时 0ms, loops=1/64, success=true
  🔁 [ReAct-code#0] 启动——maxLoops=64, timeout=300000ms, tools=8个
  🔁 [ReAct-code#1] 🛰️  调用 LLM (mock)——上下文 3 条消息，工具 8 个...
  🔁 [ReAct-code#0] 启动——maxLoops=64, timeout=300000ms, tools=8个
  🔁 [ReAct-code#1] 🛰️  调用 LLM (mock)——上下文 3 条消息，工具 8 个...
  📝 [ReAct-code#1] 文本响应: Call 27 success
  🔁 [ReAct-code#1] ✅ LLM 响应耗时 0ms——工具调用 0 个
  🔁 [ReAct-code#1] 🛑 无工具调用，本轮结束——output=Call 27 success
  🔁 [ReAct-code#1] 🏁 循环结束——耗时 0ms, loops=1/64, success=true
  📝 [ReAct-code#1] 文本响应: Call 28 success
  🔁 [ReAct-code#1] ✅ LLM 响应耗时 0ms——工具调用 0 个
  🔁 [ReAct-code#1] 🛑 无工具调用，本轮结束——output=Call 28 success
  🔁 [ReAct-code#1] 🏁 循环结束——耗时 0ms, loops=1/64, success=true
  🔁 [ReAct-code#0] 启动——maxLoops=64, timeout=300000ms, tools=8个
  🔁 [ReAct-code#1] 🛰️  调用 LLM (mock)——上下文 3 条消息，工具 8 个...
  🔁 [ReAct-code#0] 启动——maxLoops=64, timeout=300000ms, tools=8个
  🔁 [ReAct-code#1] 🛰️  调用 LLM (mock)——上下文 3 条消息，工具 8 个...
  📝 [ReAct-code#1] 文本响应: Call 29 success
  🔁 [ReAct-code#1] ✅ LLM 响应耗时 0ms——工具调用 0 个
  🔁 [ReAct-code#1] 🛑 无工具调用，本轮结束——output=Call 29 success
  🔁 [ReAct-code#1] 🏁 循环结束——耗时 0ms, loops=1/64, success=true
  📝 [ReAct-code#1] 文本响应: Call 30 success
  🔁 [ReAct-code#1] ✅ LLM 响应耗时 0ms——工具调用 0 个
  🔁 [ReAct-code#1] 🛑 无工具调用，本轮结束——output=Call 30 success
  🔁 [ReAct-code#1] 🏁 循环结束——耗时 0ms, loops=1/64, success=true
  🔁 [ReAct-code#0] 启动——maxLoops=64, timeout=300000ms, tools=8个
  🔁 [ReAct-code#1] 🛰️  调用 LLM (mock)——上下文 3 条消息，工具 8 个...
  🔁 [ReAct-code#0] 启动——maxLoops=64, timeout=300000ms, tools=8个
  🔁 [ReAct-code#1] 🛰️  调用 LLM (mock)——上下文 3 条消息，工具 8 个...
  📝 [ReAct-code#1] 文本响应: Call 31 success
  🔁 [ReAct-code#1] ✅ LLM 响应耗时 0ms——工具调用 0 个
  🔁 [ReAct-code#1] 🛑 无工具调用，本轮结束——output=Call 31 success
  🔁 [ReAct-code#1] 🏁 循环结束——耗时 0ms, loops=1/64, success=true
  📝 [ReAct-code#1] 文本响应: Call 32 success
  🔁 [ReAct-code#1] ✅ LLM 响应耗时 0ms——工具调用 0 个
  🔁 [ReAct-code#1] 🛑 无工具调用，本轮结束——output=Call 32 success
  🔁 [ReAct-code#1] 🏁 循环结束——耗时 0ms, loops=1/64, success=true
  🔁 [ReAct-code#0] 启动——maxLoops=64, timeout=300000ms, tools=8个
  🔁 [ReAct-code#1] 🛰️  调用 LLM (mock)——上下文 3 条消息，工具 8 个...
  🔁 [ReAct-code#0] 启动——maxLoops=64, timeout=300000ms, tools=8个
  🔁 [ReAct-code#1] 🛰️  调用 LLM (mock)——上下文 3 条消息，工具 8 个...
  📝 [ReAct-code#1] 文本响应: Call 33 success
  🔁 [ReAct-code#1] ✅ LLM 响应耗时 0ms——工具调用 0 个
  🔁 [ReAct-code#1] 🛑 无工具调用，本轮结束——output=Call 33 success
  🔁 [ReAct-code#1] 🏁 循环结束——耗时 0ms, loops=1/64, success=true
  📝 [ReAct-code#1] 文本响应: Call 34 success
  🔁 [ReAct-code#1] ✅ LLM 响应耗时 0ms——工具调用 0 个
  🔁 [ReAct-code#1] 🛑 无工具调用，本轮结束——output=Call 34 success
  🔁 [ReAct-code#1] 🏁 循环结束——耗时 0ms, loops=1/64, success=true
  🔁 [ReAct-code#0] 启动——maxLoops=64, timeout=300000ms, tools=8个
  🔁 [ReAct-code#1] 🛰️  调用 LLM (mock)——上下文 3 条消息，工具 8 个...
  🔁 [ReAct-code#0] 启动——maxLoops=64, timeout=300000ms, tools=8个
  🔁 [ReAct-code#1] 🛰️  调用 LLM (mock)——上下文 3 条消息，工具 8 个...
  📝 [ReAct-code#1] 文本响应: Call 35 success
  🔁 [ReAct-code#1] ✅ LLM 响应耗时 0ms——工具调用 0 个
  🔁 [ReAct-code#1] 🛑 无工具调用，本轮结束——output=Call 35 success
  🔁 [ReAct-code#1] 🏁 循环结束——耗时 0ms, loops=1/64, success=true
  📝 [ReAct-code#1] 文本响应: Call 36 success
  🔁 [ReAct-code#1] ✅ LLM 响应耗时 0ms——工具调用 0 个
  🔁 [ReAct-code#1] 🛑 无工具调用，本轮结束——output=Call 36 success
  🔁 [ReAct-code#1] 🏁 循环结束——耗时 0ms, loops=1/64, success=true
  🔁 [ReAct-code#0] 启动——maxLoops=64, timeout=300000ms, tools=8个
  🔁 [ReAct-code#1] 🛰️  调用 LLM (mock)——上下文 3 条消息，工具 8 个...
  🔁 [ReAct-code#0] 启动——maxLoops=64, timeout=300000ms, tools=8个
  🔁 [ReAct-code#1] 🛰️  调用 LLM (mock)——上下文 3 条消息，工具 8 个...
  📝 [ReAct-code#1] 文本响应: Call 37 success
  🔁 [ReAct-code#1] ✅ LLM 响应耗时 0ms——工具调用 0 个
  🔁 [ReAct-code#1] 🛑 无工具调用，本轮结束——output=Call 37 success
  🔁 [ReAct-code#1] 🏁 循环结束——耗时 0ms, loops=1/64, success=true
  📝 [ReAct-code#1] 文本响应: Call 38 success
  🔁 [ReAct-code#1] ✅ LLM 响应耗时 0ms——工具调用 0 个
  🔁 [ReAct-code#1] 🛑 无工具调用，本轮结束——output=Call 38 success
  🔁 [ReAct-code#1] 🏁 循环结束——耗时 0ms, loops=1/64, success=true
  🔁 [ReAct-code#0] 启动——maxLoops=64, timeout=300000ms, tools=8个
  🔁 [ReAct-code#1] 🛰️  调用 LLM (mock)——上下文 3 条消息，工具 8 个...
  🔁 [ReAct-code#0] 启动——maxLoops=64, timeout=300000ms, tools=8个
  🔁 [ReAct-code#1] 🛰️  调用 LLM (mock)——上下文 3 条消息，工具 8 个...
  📝 [ReAct-code#1] 文本响应: Call 39 success
  🔁 [ReAct-code#1] ✅ LLM 响应耗时 0ms——工具调用 0 个
  🔁 [ReAct-code#1] 🛑 无工具调用，本轮结束——output=Call 39 success
  🔁 [ReAct-code#1] 🏁 循环结束——耗时 0ms, loops=1/64, success=true
  📝 [ReAct-code#1] 文本响应: Call 40 success
  🔁 [ReAct-code#1] ✅ LLM 响应耗时 0ms——工具调用 0 个
  🔁 [ReAct-code#1] 🛑 无工具调用，本轮结束——output=Call 40 success
  🔁 [ReAct-code#1] 🏁 循环结束——耗时 0ms, loops=1/64, success=true
  🔁 [ReAct-code#0] 启动——maxLoops=64, timeout=300000ms, tools=8个
  🔁 [ReAct-code#1] 🛰️  调用 LLM (mock)——上下文 3 条消息，工具 8 个...
  🔁 [ReAct-code#0] 启动——maxLoops=64, timeout=300000ms, tools=8个
  🔁 [ReAct-code#1] 🛰️  调用 LLM (mock)——上下文 3 条消息，工具 8 个...
  📝 [ReAct-code#1] 文本响应: Call 41 success
  🔁 [ReAct-code#1] ✅ LLM 响应耗时 0ms——工具调用 0 个
  🔁 [ReAct-code#1] 🛑 无工具调用，本轮结束——output=Call 41 success
  🔁 [ReAct-code#1] 🏁 循环结束——耗时 0ms, loops=1/64, success=true
  📝 [ReAct-code#1] 文本响应: Call 42 success
  🔁 [ReAct-code#1] ✅ LLM 响应耗时 0ms——工具调用 0 个
  🔁 [ReAct-code#1] 🛑 无工具调用，本轮结束——output=Call 42 success
  🔁 [ReAct-code#1] 🏁 循环结束——耗时 0ms, loops=1/64, success=true
  🔁 [ReAct-code#0] 启动——maxLoops=64, timeout=300000ms, tools=8个
  🔁 [ReAct-code#1] 🛰️  调用 LLM (mock)——上下文 3 条消息，工具 8 个...
  🔁 [ReAct-code#0] 启动——maxLoops=64, timeout=300000ms, tools=8个
  🔁 [ReAct-code#1] 🛰️  调用 LLM (mock)——上下文 3 条消息，工具 8 个...
  📝 [ReAct-code#1] 文本响应: Call 43 success
  🔁 [ReAct-code#1] ✅ LLM 响应耗时 0ms——工具调用 0 个
  🔁 [ReAct-code#1] 🛑 无工具调用，本轮结束——output=Call 43 success
  🔁 [ReAct-code#1] 🏁 循环结束——耗时 0ms, loops=1/64, success=true
  📝 [ReAct-code#1] 文本响应: Call 44 success
  🔁 [ReAct-code#1] ✅ LLM 响应耗时 0ms——工具调用 0 个
  🔁 [ReAct-code#1] 🛑 无工具调用，本轮结束——output=Call 44 success
  🔁 [ReAct-code#1] 🏁 循环结束——耗时 0ms, loops=1/64, success=true
  🔁 [ReAct-code#0] 启动——maxLoops=64, timeout=300000ms, tools=8个
  🔁 [ReAct-code#1] 🛰️  调用 LLM (mock)——上下文 3 条消息，工具 8 个...
  🔁 [ReAct-code#0] 启动——maxLoops=64, timeout=300000ms, tools=8个
  🔁 [ReAct-code#1] 🛰️  调用 LLM (mock)——上下文 3 条消息，工具 8 个...
  📝 [ReAct-code#1] 文本响应: Call 45 success
  🔁 [ReAct-code#1] ✅ LLM 响应耗时 0ms——工具调用 0 个
  🔁 [ReAct-code#1] 🛑 无工具调用，本轮结束——output=Call 45 success
  🔁 [ReAct-code#1] 🏁 循环结束——耗时 0ms, loops=1/64, success=true
  📝 [ReAct-code#1] 文本响应: Call 46 success
  🔁 [ReAct-code#1] ✅ LLM 响应耗时 0ms——工具调用 0 个
  🔁 [ReAct-code#1] 🛑 无工具调用，本轮结束——output=Call 46 success
  🔁 [ReAct-code#1] 🏁 循环结束——耗时 0ms, loops=1/64, success=true
  🔁 [ReAct-code#0] 启动——maxLoops=64, timeout=300000ms, tools=8个
  🔁 [ReAct-code#1] 🛰️  调用 LLM (mock)——上下文 3 条消息，工具 8 个...
  🔁 [ReAct-code#0] 启动——maxLoops=64, timeout=300000ms, tools=8个
  🔁 [ReAct-code#1] 🛰️  调用 LLM (mock)——上下文 3 条消息，工具 8 个...
  📝 [ReAct-code#1] 文本响应: Call 47 success
  🔁 [ReAct-code#1] ✅ LLM 响应耗时 0ms——工具调用 0 个
  🔁 [ReAct-code#1] 🛑 无工具调用，本轮结束——output=Call 47 success
  🔁 [ReAct-code#1] 🏁 循环结束——耗时 0ms, loops=1/64, success=true
  📝 [ReAct-code#1] 文本响应: Call 48 success
  🔁 [ReAct-code#1] ✅ LLM 响应耗时 0ms——工具调用 0 个
  🔁 [ReAct-code#1] 🛑 无工具调用，本轮结束——output=Call 48 success
  🔁 [ReAct-code#1] 🏁 循环结束——耗时 0ms, loops=1/64, success=true
  🔁 [ReAct-code#0] 启动——maxLoops=64, timeout=300000ms, tools=8个
  🔁 [ReAct-code#1] 🛰️  调用 LLM (mock)——上下文 3 条消息，工具 8 个...
  🔁 [ReAct-code#0] 启动——maxLoops=64, timeout=300000ms, tools=8个
  🔁 [ReAct-code#1] 🛰️  调用 LLM (mock)——上下文 3 条消息，工具 8 个...
  📝 [ReAct-code#1] 文本响应: Call 49 success
  🔁 [ReAct-code#1] ✅ LLM 响应耗时 0ms——工具调用 0 个
  🔁 [ReAct-code#1] 🛑 无工具调用，本轮结束——output=Call 49 success
  🔁 [ReAct-code#1] 🏁 循环结束——耗时 0ms, loops=1/64, success=true
  📝 [ReAct-code#1] 文本响应: Call 50 success
  🔁 [ReAct-code#1] ✅ LLM 响应耗时 0ms——工具调用 0 个
  🔁 [ReAct-code#1] 🛑 无工具调用，本轮结束——output=Call 50 success
  🔁 [ReAct-code#1] 🏁 循环结束——耗时 0ms, loops=1/64, success=true
  🔁 [ReAct-code#0] 启动——maxLoops=64, timeout=300000ms, tools=8个
  🔁 [ReAct-code#1] 🛰️  调用 LLM (mock)——上下文 3 条消息，工具 8 个...
  🔁 [ReAct-code#0] 启动——maxLoops=64, timeout=300000ms, tools=8个
  🔁 [ReAct-code#1] 🛰️  调用 LLM (mock)——上下文 3 条消息，工具 8 个...
  📝 [ReAct-code#1] 文本响应: Call 51 success
  🔁 [ReAct-code#1] ✅ LLM 响应耗时 0ms——工具调用 0 个
  🔁 [ReAct-code#1] 🛑 无工具调用，本轮结束——output=Call 51 success
  🔁 [ReAct-code#1] 🏁 循环结束——耗时 0ms, loops=1/64, success=true
  📝 [ReAct-code#1] 文本响应: Call 52 success
  🔁 [ReAct-code#1] ✅ LLM 响应耗时 0ms——工具调用 0 个
  🔁 [ReAct-code#1] 🛑 无工具调用，本轮结束——output=Call 52 success
  🔁 [ReAct-code#1] 🏁 循环结束——耗时 0ms, loops=1/64, success=true
  🔁 [ReAct-code#0] 启动——maxLoops=64, timeout=300000ms, tools=8个
  🔁 [ReAct-code#1] 🛰️  调用 LLM (mock)——上下文 3 条消息，工具 8 个...
  🔁 [ReAct-code#0] 启动——maxLoops=64, timeout=300000ms, tools=8个
  🔁 [ReAct-code#1] 🛰️  调用 LLM (mock)——上下文 3 条消息，工具 8 个...
  📝 [ReAct-code#1] 文本响应: Call 53 success
  🔁 [ReAct-code#1] ✅ LLM 响应耗时 0ms——工具调用 0 个
  🔁 [ReAct-code#1] 🛑 无工具调用，本轮结束——output=Call 53 success
  🔁 [ReAct-code#1] 🏁 循环结束——耗时 0ms, loops=1/64, success=true
  📝 [ReAct-code#1] 文本响应: Call 54 success
  🔁 [ReAct-code#1] ✅ LLM 响应耗时 0ms——工具调用 0 个
  🔁 [ReAct-code#1] 🛑 无工具调用，本轮结束——output=Call 54 success
  🔁 [ReAct-code#1] 🏁 循环结束——耗时 0ms, loops=1/64, success=true
  🔁 [ReAct-code#0] 启动——maxLoops=64, timeout=300000ms, tools=8个
  🔁 [ReAct-code#1] 🛰️  调用 LLM (mock)——上下文 3 条消息，工具 8 个...
  🔁 [ReAct-code#0] 启动——maxLoops=64, timeout=300000ms, tools=8个
  🔁 [ReAct-code#1] 🛰️  调用 LLM (mock)——上下文 3 条消息，工具 8 个...
  📝 [ReAct-code#1] 文本响应: Call 55 success
  🔁 [ReAct-code#1] ✅ LLM 响应耗时 0ms——工具调用 0 个
  🔁 [ReAct-code#1] 🛑 无工具调用，本轮结束——output=Call 55 success
  🔁 [ReAct-code#1] 🏁 循环结束——耗时 0ms, loops=1/64, success=true
  📝 [ReAct-code#1] 文本响应: Call 56 success
  🔁 [ReAct-code#1] ✅ LLM 响应耗时 0ms——工具调用 0 个
  🔁 [ReAct-code#1] 🛑 无工具调用，本轮结束——output=Call 56 success
  🔁 [ReAct-code#1] 🏁 循环结束——耗时 0ms, loops=1/64, success=true
  🔁 [ReAct-code#0] 启动——maxLoops=64, timeout=300000ms, tools=8个
  🔁 [ReAct-code#1] 🛰️  调用 LLM (mock)——上下文 3 条消息，工具 8 个...
  🔁 [ReAct-code#0] 启动——maxLoops=64, timeout=300000ms, tools=8个
  🔁 [ReAct-code#1] 🛰️  调用 LLM (mock)——上下文 3 条消息，工具 8 个...
  📝 [ReAct-code#1] 文本响应: Call 57 success
  🔁 [ReAct-code#1] ✅ LLM 响应耗时 0ms——工具调用 0 个
  🔁 [ReAct-code#1] 🛑 无工具调用，本轮结束——output=Call 57 success
  🔁 [ReAct-code#1] 🏁 循环结束——耗时 0ms, loops=1/64, success=true
  📝 [ReAct-code#1] 文本响应: Call 58 success
  🔁 [ReAct-code#1] ✅ LLM 响应耗时 0ms——工具调用 0 个
  🔁 [ReAct-code#1] 🛑 无工具调用，本轮结束——output=Call 58 success
  🔁 [ReAct-code#1] 🏁 循环结束——耗时 0ms, loops=1/64, success=true
  🔁 [ReAct-code#0] 启动——maxLoops=64, timeout=300000ms, tools=8个
  🔁 [ReAct-code#1] 🛰️  调用 LLM (mock)——上下文 3 条消息，工具 8 个...
  🔁 [ReAct-code#0] 启动——maxLoops=64, timeout=300000ms, tools=8个
  🔁 [ReAct-code#1] 🛰️  调用 LLM (mock)——上下文 3 条消息，工具 8 个...
  📝 [ReAct-code#1] 文本响应: Call 59 success
  🔁 [ReAct-code#1] ✅ LLM 响应耗时 0ms——工具调用 0 个
  🔁 [ReAct-code#1] 🛑 无工具调用，本轮结束——output=Call 59 success
  🔁 [ReAct-code#1] 🏁 循环结束——耗时 0ms, loops=1/64, success=true
  📝 [ReAct-code#1] 文本响应: Call 60 success
  🔁 [ReAct-code#1] ✅ LLM 响应耗时 0ms——工具调用 0 个
  🔁 [ReAct-code#1] 🛑 无工具调用，本轮结束——output=Call 60 success
  🔁 [ReAct-code#1] 🏁 循环结束——耗时 0ms, loops=1/64, success=true
  🔁 [ReAct-code#0] 启动——maxLoops=64, timeout=300000ms, tools=8个
  🔁 [ReAct-code#1] 🛰️  调用 LLM (mock)——上下文 3 条消息，工具 8 个...
  🔁 [ReAct-code#0] 启动——maxLoops=64, timeout=300000ms, tools=8个
  🔁 [ReAct-code#1] 🛰️  调用 LLM (mock)——上下文 3 条消息，工具 8 个...
  📝 [ReAct-code#1] 文本响应: Call 61 success
  🔁 [ReAct-code#1] ✅ LLM 响应耗时 0ms——工具调用 0 个
  🔁 [ReAct-code#1] 🛑 无工具调用，本轮结束——output=Call 61 success
  🔁 [ReAct-code#1] 🏁 循环结束——耗时 0ms, loops=1/64, success=true
  📝 [ReAct-code#1] 文本响应: Call 62 success
  🔁 [ReAct-code#1] ✅ LLM 响应耗时 0ms——工具调用 0 个
  🔁 [ReAct-code#1] 🛑 无工具调用，本轮结束——output=Call 62 success
  🔁 [ReAct-code#1] 🏁 循环结束——耗时 0ms, loops=1/64, success=true
  🔁 [ReAct-code#0] 启动——maxLoops=64, timeout=300000ms, tools=8个
  🔁 [ReAct-code#1] 🛰️  调用 LLM (mock)——上下文 3 条消息，工具 8 个...
  🔁 [ReAct-code#0] 启动——maxLoops=64, timeout=300000ms, tools=8个
  🔁 [ReAct-code#1] 🛰️  调用 LLM (mock)——上下文 3 条消息，工具 8 个...
  📝 [ReAct-code#1] 文本响应: Call 63 success
  🔁 [ReAct-code#1] ✅ LLM 响应耗时 0ms——工具调用 0 个
  🔁 [ReAct-code#1] 🛑 无工具调用，本轮结束——output=Call 63 success
  🔁 [ReAct-code#1] 🏁 循环结束——耗时 0ms, loops=1/64, success=true
  📝 [ReAct-code#1] 文本响应: Call 64 success
  🔁 [ReAct-code#1] ✅ LLM 响应耗时 0ms——工具调用 0 个
  🔁 [ReAct-code#1] 🛑 无工具调用，本轮结束——output=Call 64 success
  🔁 [ReAct-code#1] 🏁 循环结束——耗时 0ms, loops=1/64, success=true
  🔁 [ReAct-code#0] 启动——maxLoops=64, timeout=300000ms, tools=8个
  🔁 [ReAct-code#1] 🛰️  调用 LLM (mock)——上下文 3 条消息，工具 8 个...
  🔁 [ReAct-code#0] 启动——maxLoops=64, timeout=300000ms, tools=8个
  🔁 [ReAct-code#1] 🛰️  调用 LLM (mock)——上下文 3 条消息，工具 8 个...
  📝 [ReAct-code#1] 文本响应: Call 65 success
  🔁 [ReAct-code#1] ✅ LLM 响应耗时 0ms——工具调用 0 个
  🔁 [ReAct-code#1] 🛑 无工具调用，本轮结束——output=Call 65 success
  🔁 [ReAct-code#1] 🏁 循环结束——耗时 0ms, loops=1/64, success=true
  📝 [ReAct-code#1] 文本响应: Call 66 success
  🔁 [ReAct-code#1] ✅ LLM 响应耗时 0ms——工具调用 0 个
  🔁 [ReAct-code#1] 🛑 无工具调用，本轮结束——output=Call 66 success
  🔁 [ReAct-code#1] 🏁 循环结束——耗时 0ms, loops=1/64, success=true
  🔁 [ReAct-code#0] 启动——maxLoops=64, timeout=300000ms, tools=8个
  🔁 [ReAct-code#1] 🛰️  调用 LLM (mock)——上下文 3 条消息，工具 8 个...
  🔁 [ReAct-code#0] 启动——maxLoops=64, timeout=300000ms, tools=8个
  🔁 [ReAct-code#1] 🛰️  调用 LLM (mock)——上下文 3 条消息，工具 8 个...
  📝 [ReAct-code#1] 文本响应: Call 67 success
  🔁 [ReAct-code#1] ✅ LLM 响应耗时 0ms——工具调用 0 个
  🔁 [ReAct-code#1] 🛑 无工具调用，本轮结束——output=Call 67 success
  🔁 [ReAct-code#1] 🏁 循环结束——耗时 0ms, loops=1/64, success=true
  📝 [ReAct-code#1] 文本响应: Call 68 success
  🔁 [ReAct-code#1] ✅ LLM 响应耗时 0ms——工具调用 0 个
  🔁 [ReAct-code#1] 🛑 无工具调用，本轮结束——output=Call 68 success
  🔁 [ReAct-code#1] 🏁 循环结束——耗时 0ms, loops=1/64, success=true
  🔁 [ReAct-code#0] 启动——maxLoops=64, timeout=300000ms, tools=8个
  🔁 [ReAct-code#1] 🛰️  调用 LLM (mock)——上下文 3 条消息，工具 8 个...
  🔁 [ReAct-code#0] 启动——maxLoops=64, timeout=300000ms, tools=8个
  🔁 [ReAct-code#1] 🛰️  调用 LLM (mock)——上下文 3 条消息，工具 8 个...
  📝 [ReAct-code#1] 文本响应: Call 69 success
  🔁 [ReAct-code#1] ✅ LLM 响应耗时 0ms——工具调用 0 个
  🔁 [ReAct-code#1] 🛑 无工具调用，本轮结束——output=Call 69 success
  🔁 [ReAct-code#1] 🏁 循环结束——耗时 0ms, loops=1/64, success=true
  📝 [ReAct-code#1] 文本响应: Call 70 success
  🔁 [ReAct-code#1] ✅ LLM 响应耗时 0ms——工具调用 0 个
  🔁 [ReAct-code#1] 🛑 无工具调用，本轮结束——output=Call 70 success
  🔁 [ReAct-code#1] 🏁 循环结束——耗时 0ms, loops=1/64, success=true
  🔁 [ReAct-code#0] 启动——maxLoops=64, timeout=300000ms, tools=8个
  🔁 [ReAct-code#1] 🛰️  调用 LLM (mock)——上下文 3 条消息，工具 8 个...
  🔁 [ReAct-code#0] 启动——maxLoops=64, timeout=300000ms, tools=8个
  🔁 [ReAct-code#1] 🛰️  调用 LLM (mock)——上下文 3 条消息，工具 8 个...
  📝 [ReAct-code#1] 文本响应: Call 71 success
  🔁 [ReAct-code#1] ✅ LLM 响应耗时 0ms——工具调用 0 个
  🔁 [ReAct-code#1] 🛑 无工具调用，本轮结束——output=Call 71 success
  🔁 [ReAct-code#1] 🏁 循环结束——耗时 0ms, loops=1/64, success=true
  📝 [ReAct-code#1] 文本响应: Call 72 success
  🔁 [ReAct-code#1] ✅ LLM 响应耗时 0ms——工具调用 0 个
  🔁 [ReAct-code#1] 🛑 无工具调用，本轮结束——output=Call 72 success
  🔁 [ReAct-code#1] 🏁 循环结束——耗时 0ms, loops=1/64, success=true
  🔁 [ReAct-code#0] 启动——maxLoops=64, timeout=300000ms, tools=8个
  🔁 [ReAct-code#1] 🛰️  调用 LLM (mock)——上下文 3 条消息，工具 8 个...
  🔁 [ReAct-code#0] 启动——maxLoops=64, timeout=300000ms, tools=8个
  🔁 [ReAct-code#1] 🛰️  调用 LLM (mock)——上下文 3 条消息，工具 8 个...
  📝 [ReAct-code#1] 文本响应: Call 73 success
  🔁 [ReAct-code#1] ✅ LLM 响应耗时 0ms——工具调用 0 个
  🔁 [ReAct-code#1] 🛑 无工具调用，本轮结束——output=Call 73 success
  🔁 [ReAct-code#1] 🏁 循环结束——耗时 0ms, loops=1/64, success=true
  📝 [ReAct-code#1] 文本响应: Call 74 success
  🔁 [ReAct-code#1] ✅ LLM 响应耗时 0ms——工具调用 0 个
  🔁 [ReAct-code#1] 🛑 无工具调用，本轮结束——output=Call 74 success
  🔁 [ReAct-code#1] 🏁 循环结束——耗时 0ms, loops=1/64, success=true
  🔁 [ReAct-code#0] 启动——maxLoops=64, timeout=300000ms, tools=8个
  🔁 [ReAct-code#1] 🛰️  调用 LLM (mock)——上下文 3 条消息，工具 8 个...
  🔁 [ReAct-code#0] 启动——maxLoops=64, timeout=300000ms, tools=8个
  🔁 [ReAct-code#1] 🛰️  调用 LLM (mock)——上下文 3 条消息，工具 8 个...
  📝 [ReAct-code#1] 文本响应: Call 75 success
  🔁 [ReAct-code#1] ✅ LLM 响应耗时 0ms——工具调用 0 个
  🔁 [ReAct-code#1] 🛑 无工具调用，本轮结束——output=Call 75 success
  🔁 [ReAct-code#1] 🏁 循环结束——耗时 0ms, loops=1/64, success=true
  📝 [ReAct-code#1] 文本响应: Call 76 success
  🔁 [ReAct-code#1] ✅ LLM 响应耗时 0ms——工具调用 0 个
  🔁 [ReAct-code#1] 🛑 无工具调用，本轮结束——output=Call 76 success
  🔁 [ReAct-code#1] 🏁 循环结束——耗时 0ms, loops=1/64, success=true
  🔁 [ReAct-code#0] 启动——maxLoops=64, timeout=300000ms, tools=8个
  🔁 [ReAct-code#1] 🛰️  调用 LLM (mock)——上下文 3 条消息，工具 8 个...
  🔁 [ReAct-code#0] 启动——maxLoops=64, timeout=300000ms, tools=8个
  🔁 [ReAct-code#1] 🛰️  调用 LLM (mock)——上下文 3 条消息，工具 8 个...
  📝 [ReAct-code#1] 文本响应: Call 77 success
  🔁 [ReAct-code#1] ✅ LLM 响应耗时 0ms——工具调用 0 个
  🔁 [ReAct-code#1] 🛑 无工具调用，本轮结束——output=Call 77 success
  🔁 [ReAct-code#1] 🏁 循环结束——耗时 0ms, loops=1/64, success=true
  📝 [ReAct-code#1] 文本响应: Call 78 success
  🔁 [ReAct-code#1] ✅ LLM 响应耗时 0ms——工具调用 0 个
  🔁 [ReAct-code#1] 🛑 无工具调用，本轮结束——output=Call 78 success
  🔁 [ReAct-code#1] 🏁 循环结束——耗时 0ms, loops=1/64, success=true
  🔁 [ReAct-code#0] 启动——maxLoops=64, timeout=300000ms, tools=8个
  🔁 [ReAct-code#1] 🛰️  调用 LLM (mock)——上下文 3 条消息，工具 8 个...
  🔁 [ReAct-code#0] 启动——maxLoops=64, timeout=300000ms, tools=8个
  🔁 [ReAct-code#1] 🛰️  调用 LLM (mock)——上下文 3 条消息，工具 8 个...
  📝 [ReAct-code#1] 文本响应: Call 79 success
  🔁 [ReAct-code#1] ✅ LLM 响应耗时 0ms——工具调用 0 个
  🔁 [ReAct-code#1] 🛑 无工具调用，本轮结束——output=Call 79 success
  🔁 [ReAct-code#1] 🏁 循环结束——耗时 0ms, loops=1/64, success=true
  📝 [ReAct-code#1] 文本响应: Call 80 success
  🔁 [ReAct-code#1] ✅ LLM 响应耗时 0ms——工具调用 0 个
  🔁 [ReAct-code#1] 🛑 无工具调用，本轮结束——output=Call 80 success
  🔁 [ReAct-code#1] 🏁 循环结束——耗时 0ms, loops=1/64, success=true
  🔁 [ReAct-code#0] 启动——maxLoops=64, timeout=300000ms, tools=8个
  🔁 [ReAct-code#1] 🛰️  调用 LLM (mock)——上下文 3 条消息，工具 8 个...
  🔁 [ReAct-code#0] 启动——maxLoops=64, timeout=300000ms, tools=8个
  🔁 [ReAct-code#1] 🛰️  调用 LLM (mock)——上下文 3 条消息，工具 8 个...
  📝 [ReAct-code#1] 文本响应: Call 81 success
  🔁 [ReAct-code#1] ✅ LLM 响应耗时 0ms——工具调用 0 个
  🔁 [ReAct-code#1] 🛑 无工具调用，本轮结束——output=Call 81 success
  🔁 [ReAct-code#1] 🏁 循环结束——耗时 0ms, loops=1/64, success=true
  📝 [ReAct-code#1] 文本响应: Call 82 success
  🔁 [ReAct-code#1] ✅ LLM 响应耗时 0ms——工具调用 0 个
  🔁 [ReAct-code#1] 🛑 无工具调用，本轮结束——output=Call 82 success
  🔁 [ReAct-code#1] 🏁 循环结束——耗时 0ms, loops=1/64, success=true
  🔁 [ReAct-code#0] 启动——maxLoops=64, timeout=300000ms, tools=8个
  🔁 [ReAct-code#1] 🛰️  调用 LLM (mock)——上下文 3 条消息，工具 8 个...
  🔁 [ReAct-code#0] 启动——maxLoops=64, timeout=300000ms, tools=8个
  🔁 [ReAct-code#1] 🛰️  调用 LLM (mock)——上下文 3 条消息，工具 8 个...
  📝 [ReAct-code#1] 文本响应: Call 83 success
  🔁 [ReAct-code#1] ✅ LLM 响应耗时 0ms——工具调用 0 个
  🔁 [ReAct-code#1] 🛑 无工具调用，本轮结束——output=Call 83 success
  🔁 [ReAct-code#1] 🏁 循环结束——耗时 0ms, loops=1/64, success=true
  📝 [ReAct-code#1] 文本响应: Call 84 success
  🔁 [ReAct-code#1] ✅ LLM 响应耗时 0ms——工具调用 0 个
  🔁 [ReAct-code#1] 🛑 无工具调用，本轮结束——output=Call 84 success
  🔁 [ReAct-code#1] 🏁 循环结束——耗时 0ms, loops=1/64, success=true
  🔁 [ReAct-code#0] 启动——maxLoops=64, timeout=300000ms, tools=8个
  🔁 [ReAct-code#1] 🛰️  调用 LLM (mock)——上下文 3 条消息，工具 8 个...
  🔁 [ReAct-code#0] 启动——maxLoops=64, timeout=300000ms, tools=8个
  🔁 [ReAct-code#1] 🛰️  调用 LLM (mock)——上下文 3 条消息，工具 8 个...
  📝 [ReAct-code#1] 文本响应: Call 85 success
  🔁 [ReAct-code#1] ✅ LLM 响应耗时 0ms——工具调用 0 个
  🔁 [ReAct-code#1] 🛑 无工具调用，本轮结束——output=Call 85 success
  🔁 [ReAct-code#1] 🏁 循环结束——耗时 0ms, loops=1/64, success=true
  📝 [ReAct-code#1] 文本响应: Call 86 success
  🔁 [ReAct-code#1] ✅ LLM 响应耗时 0ms——工具调用 0 个
  🔁 [ReAct-code#1] 🛑 无工具调用，本轮结束——output=Call 86 success
  🔁 [ReAct-code#1] 🏁 循环结束——耗时 0ms, loops=1/64, success=true
  🔁 [ReAct-code#0] 启动——maxLoops=64, timeout=300000ms, tools=8个
  🔁 [ReAct-code#1] 🛰️  调用 LLM (mock)——上下文 3 条消息，工具 8 个...
  🔁 [ReAct-code#0] 启动——maxLoops=64, timeout=300000ms, tools=8个
  🔁 [ReAct-code#1] 🛰️  调用 LLM (mock)——上下文 3 条消息，工具 8 个...
  📝 [ReAct-code#1] 文本响应: Call 87 success
  🔁 [ReAct-code#1] ✅ LLM 响应耗时 0ms——工具调用 0 个
  🔁 [ReAct-code#1] 🛑 无工具调用，本轮结束——output=Call 87 success
  🔁 [ReAct-code#1] 🏁 循环结束——耗时 0ms, loops=1/64, success=true
  📝 [ReAct-code#1] 文本响应: Call 88 success
  🔁 [ReAct-code#1] ✅ LLM 响应耗时 0ms——工具调用 0 个
  🔁 [ReAct-code#1] 🛑 无工具调用，本轮结束——output=Call 88 success
  🔁 [ReAct-code#1] 🏁 循环结束——耗时 0ms, loops=1/64, success=true
  🔁 [ReAct-code#0] 启动——maxLoops=64, timeout=300000ms, tools=8个
  🔁 [ReAct-code#1] 🛰️  调用 LLM (mock)——上下文 3 条消息，工具 8 个...
  🔁 [ReAct-code#0] 启动——maxLoops=64, timeout=300000ms, tools=8个
  🔁 [ReAct-code#1] 🛰️  调用 LLM (mock)——上下文 3 条消息，工具 8 个...
  📝 [ReAct-code#1] 文本响应: Call 89 success
  🔁 [ReAct-code#1] ✅ LLM 响应耗时 0ms——工具调用 0 个
  🔁 [ReAct-code#1] 🛑 无工具调用，本轮结束——output=Call 89 success
  🔁 [ReAct-code#1] 🏁 循环结束——耗时 0ms, loops=1/64, success=true
  📝 [ReAct-code#1] 文本响应: Call 90 success
  🔁 [ReAct-code#1] ✅ LLM 响应耗时 0ms——工具调用 0 个
  🔁 [ReAct-code#1] 🛑 无工具调用，本轮结束——output=Call 90 success
  🔁 [ReAct-code#1] 🏁 循环结束——耗时 0ms, loops=1/64, success=true
  🔁 [ReAct-code#0] 启动——maxLoops=64, timeout=300000ms, tools=8个
  🔁 [ReAct-code#1] 🛰️  调用 LLM (mock)——上下文 3 条消息，工具 8 个...
  🔁 [ReAct-code#0] 启动——maxLoops=64, timeout=300000ms, tools=8个
  🔁 [ReAct-code#1] 🛰️  调用 LLM (mock)——上下文 3 条消息，工具 8 个...
  📝 [ReAct-code#1] 文本响应: Call 91 success
  🔁 [ReAct-code#1] ✅ LLM 响应耗时 0ms——工具调用 0 个
  🔁 [ReAct-code#1] 🛑 无工具调用，本轮结束——output=Call 91 success
  🔁 [ReAct-code#1] 🏁 循环结束——耗时 0ms, loops=1/64, success=true
  📝 [ReAct-code#1] 文本响应: Call 92 success
  🔁 [ReAct-code#1] ✅ LLM 响应耗时 0ms——工具调用 0 个
  🔁 [ReAct-code#1] 🛑 无工具调用，本轮结束——output=Call 92 success
  🔁 [ReAct-code#1] 🏁 循环结束——耗时 0ms, loops=1/64, success=true
  🔁 [ReAct-code#0] 启动——maxLoops=64, timeout=300000ms, tools=8个
  🔁 [ReAct-code#1] 🛰️  调用 LLM (mock)——上下文 3 条消息，工具 8 个...
  🔁 [ReAct-code#0] 启动——maxLoops=64, timeout=300000ms, tools=8个
  🔁 [ReAct-code#1] 🛰️  调用 LLM (mock)——上下文 3 条消息，工具 8 个...
  📝 [ReAct-code#1] 文本响应: Call 93 success
  🔁 [ReAct-code#1] ✅ LLM 响应耗时 0ms——工具调用 0 个
  🔁 [ReAct-code#1] 🛑 无工具调用，本轮结束——output=Call 93 success
  🔁 [ReAct-code#1] 🏁 循环结束——耗时 0ms, loops=1/64, success=true
  📝 [ReAct-code#1] 文本响应: Call 94 success
  🔁 [ReAct-code#1] ✅ LLM 响应耗时 0ms——工具调用 0 个
  🔁 [ReAct-code#1] 🛑 无工具调用，本轮结束——output=Call 94 success
  🔁 [ReAct-code#1] 🏁 循环结束——耗时 0ms, loops=1/64, success=true
  🔁 [ReAct-code#0] 启动——maxLoops=64, timeout=300000ms, tools=8个
  🔁 [ReAct-code#1] 🛰️  调用 LLM (mock)——上下文 3 条消息，工具 8 个...
  🔁 [ReAct-code#0] 启动——maxLoops=64, timeout=300000ms, tools=8个
  🔁 [ReAct-code#1] 🛰️  调用 LLM (mock)——上下文 3 条消息，工具 8 个...
  📝 [ReAct-code#1] 文本响应: Call 95 success
  🔁 [ReAct-code#1] ✅ LLM 响应耗时 0ms——工具调用 0 个
  🔁 [ReAct-code#1] 🛑 无工具调用，本轮结束——output=Call 95 success
  🔁 [ReAct-code#1] 🏁 循环结束——耗时 0ms, loops=1/64, success=true
  📝 [ReAct-code#1] 文本响应: Call 96 success
  🔁 [ReAct-code#1] ✅ LLM 响应耗时 0ms——工具调用 0 个
  🔁 [ReAct-code#1] 🛑 无工具调用，本轮结束——output=Call 96 success
  🔁 [ReAct-code#1] 🏁 循环结束——耗时 0ms, loops=1/64, success=true
  🔁 [ReAct-code#0] 启动——maxLoops=64, timeout=300000ms, tools=8个
  🔁 [ReAct-code#1] 🛰️  调用 LLM (mock)——上下文 3 条消息，工具 8 个...
  🔁 [ReAct-code#0] 启动——maxLoops=64, timeout=300000ms, tools=8个
  🔁 [ReAct-code#1] 🛰️  调用 LLM (mock)——上下文 3 条消息，工具 8 个...
  📝 [ReAct-code#1] 文本响应: Call 97 success
  🔁 [ReAct-code#1] ✅ LLM 响应耗时 0ms——工具调用 0 个
  🔁 [ReAct-code#1] 🛑 无工具调用，本轮结束——output=Call 97 success
  🔁 [ReAct-code#1] 🏁 循环结束——耗时 0ms, loops=1/64, success=true
  📝 [ReAct-code#1] 文本响应: Call 98 success
  🔁 [ReAct-code#1] ✅ LLM 响应耗时 0ms——工具调用 0 个
  🔁 [ReAct-code#1] 🛑 无工具调用，本轮结束——output=Call 98 success
  🔁 [ReAct-code#1] 🏁 循环结束——耗时 0ms, loops=1/64, success=true
  🔁 [ReAct-code#0] 启动——maxLoops=64, timeout=300000ms, tools=8个
  🔁 [ReAct-code#1] 🛰️  调用 LLM (mock)——上下文 3 条消息，工具 8 个...
  🔁 [ReAct-code#0] 启动——maxLoops=64, timeout=300000ms, tools=8个
  🔁 [ReAct-code#1] 🛰️  调用 LLM (mock)——上下文 3 条消息，工具 8 个...
  📝 [ReAct-code#1] 文本响应: Call 99 success
  🔁 [ReAct-code#1] ✅ LLM 响应耗时 0ms——工具调用 0 个
  🔁 [ReAct-code#1] 🛑 无工具调用，本轮结束——output=Call 99 success
  🔁 [ReAct-code#1] 🏁 循环结束——耗时 0ms, loops=1/64, success=true
  📝 [ReAct-code#1] 文本响应: Call 100 success
  🔁 [ReAct-code#1] ✅ LLM 响应耗时 0ms——工具调用 0 个
  🔁 [ReAct-code#1] 🛑 无工具调用，本轮结束——output=Call 100 success
  🔁 [ReAct-code#1] 🏁 循环结束——耗时 0ms, loops=1/64, success=true

[90mstdout[2m | packages/engine/tests/system-stress.test.ts[2m > [22m[2m场景 8：50 轮耐久[2m > [22m[2m50 轮含随机失败——Scheduler 重复调用不累积僵尸状态
[22m[39m  🔁 [ReAct-code#0] 启动——maxLoops=64, timeout=300000ms, tools=8个
  🔁 [ReAct-code#1] 🛰️  调用 LLM (mock)——上下文 3 条消息，工具 8 个...
  🔁 [ReAct-code#1] 💥 崩溃: Error: Run 0 fails
  🔁 [ReAct-code#0] 启动——maxLoops=64, timeout=300000ms, tools=8个
  🔁 [ReAct-code#1] 🛰️  调用 LLM (mock)——上下文 3 条消息，工具 8 个...
  📝 [ReAct-code#1] 文本响应: Call 1 success
  🔁 [ReAct-code#1] ✅ LLM 响应耗时 0ms——工具调用 0 个
  🔁 [ReAct-code#1] 🛑 无工具调用，本轮结束——output=Call 1 success
  🔁 [ReAct-code#1] 🏁 循环结束——耗时 0ms, loops=1/64, success=true
  🔁 [ReAct-code#0] 启动——maxLoops=64, timeout=300000ms, tools=8个
  🔁 [ReAct-code#1] 🛰️  调用 LLM (mock)——上下文 3 条消息，工具 8 个...
  🔁 [ReAct-code#1] 💥 崩溃: Error: Run 2 fails
  🔁 [ReAct-code#0] 启动——maxLoops=64, timeout=300000ms, tools=8个
  🔁 [ReAct-code#1] 🛰️  调用 LLM (mock)——上下文 3 条消息，工具 8 个...
  📝 [ReAct-code#1] 文本响应: Call 1 success
  🔁 [ReAct-code#1] ✅ LLM 响应耗时 0ms——工具调用 0 个
  🔁 [ReAct-code#1] 🛑 无工具调用，本轮结束——output=Call 1 success
  🔁 [ReAct-code#1] 🏁 循环结束——耗时 0ms, loops=1/64, success=true
  🔁 [ReAct-code#0] 启动——maxLoops=64, timeout=300000ms, tools=8个
  🔁 [ReAct-code#1] 🛰️  调用 LLM (mock)——上下文 3 条消息，工具 8 个...
  🔁 [ReAct-code#1] 💥 崩溃: Error: Run 4 fails
  🔁 [ReAct-code#0] 启动——maxLoops=64, timeout=300000ms, tools=8个
  🔁 [ReAct-code#1] 🛰️  调用 LLM (mock)——上下文 3 条消息，工具 8 个...
  📝 [ReAct-code#1] 文本响应: Call 1 success
  🔁 [ReAct-code#1] ✅ LLM 响应耗时 0ms——工具调用 0 个
  🔁 [ReAct-code#1] 🛑 无工具调用，本轮结束——output=Call 1 success
  🔁 [ReAct-code#1] 🏁 循环结束——耗时 0ms, loops=1/64, success=true
  🔁 [ReAct-code#0] 启动——maxLoops=64, timeout=300000ms, tools=8个
  🔁 [ReAct-code#1] 🛰️  调用 LLM (mock)——上下文 3 条消息，工具 8 个...
  🔁 [ReAct-code#1] 💥 崩溃: Error: Run 6 fails
  🔁 [ReAct-code#0] 启动——maxLoops=64, timeout=300000ms, tools=8个
  🔁 [ReAct-code#1] 🛰️  调用 LLM (mock)——上下文 3 条消息，工具 8 个...
  📝 [ReAct-code#1] 文本响应: Call 1 success
  🔁 [ReAct-code#1] ✅ LLM 响应耗时 0ms——工具调用 0 个
  🔁 [ReAct-code#1] 🛑 无工具调用，本轮结束——output=Call 1 success
  🔁 [ReAct-code#1] 🏁 循环结束——耗时 0ms, loops=1/64, success=true
  🔁 [ReAct-code#0] 启动——maxLoops=64, timeout=300000ms, tools=8个
  🔁 [ReAct-code#1] 🛰️  调用 LLM (mock)——上下文 3 条消息，工具 8 个...
  🔁 [ReAct-code#1] 💥 崩溃: Error: Run 8 fails
  🔁 [ReAct-code#0] 启动——maxLoops=64, timeout=300000ms, tools=8个
  🔁 [ReAct-code#1] 🛰️  调用 LLM (mock)——上下文 3 条消息，工具 8 个...
  📝 [ReAct-code#1] 文本响应: Call 1 success
  🔁 [ReAct-code#1] ✅ LLM 响应耗时 0ms——工具调用 0 个
  🔁 [ReAct-code#1] 🛑 无工具调用，本轮结束——output=Call 1 success
  🔁 [ReAct-code#1] 🏁 循环结束——耗时 0ms, loops=1/64, success=true
  🔁 [ReAct-code#0] 启动——maxLoops=64, timeout=300000ms, tools=8个
  🔁 [ReAct-code#1] 🛰️  调用 LLM (mock)——上下文 3 条消息，工具 8 个...
  🔁 [ReAct-code#1] 💥 崩溃: Error: Run 10 fails
  🔁 [ReAct-code#0] 启动——maxLoops=64, timeout=300000ms, tools=8个
  🔁 [ReAct-code#1] 🛰️  调用 LLM (mock)——上下文 3 条消息，工具 8 个...
  📝 [ReAct-code#1] 文本响应: Call 1 success
  🔁 [ReAct-code#1] ✅ LLM 响应耗时 0ms——工具调用 0 个
  🔁 [ReAct-code#1] 🛑 无工具调用，本轮结束——output=Call 1 success
  🔁 [ReAct-code#1] 🏁 循环结束——耗时 0ms, loops=1/64, success=true
  🔁 [ReAct-code#0] 启动——maxLoops=64, timeout=300000ms, tools=8个
  🔁 [ReAct-code#1] 🛰️  调用 LLM (mock)——上下文 3 条消息，工具 8 个...
  🔁 [ReAct-code#1] 💥 崩溃: Error: Run 12 fails
  🔁 [ReAct-code#0] 启动——maxLoops=64, timeout=300000ms, tools=8个
  🔁 [ReAct-code#1] 🛰️  调用 LLM (mock)——上下文 3 条消息，工具 8 个...
  📝 [ReAct-code#1] 文本响应: Call 1 success
  🔁 [ReAct-code#1] ✅ LLM 响应耗时 0ms——工具调用 0 个
  🔁 [ReAct-code#1] 🛑 无工具调用，本轮结束——output=Call 1 success
  🔁 [ReAct-code#1] 🏁 循环结束——耗时 0ms, loops=1/64, success=true
  🔁 [ReAct-code#0] 启动——maxLoops=64, timeout=300000ms, tools=8个
  🔁 [ReAct-code#1] 🛰️  调用 LLM (mock)——上下文 3 条消息，工具 8 个...
  🔁 [ReAct-code#1] 💥 崩溃: Error: Run 14 fails
  🔁 [ReAct-code#0] 启动——maxLoops=64, timeout=300000ms, tools=8个
  🔁 [ReAct-code#1] 🛰️  调用 LLM (mock)——上下文 3 条消息，工具 8 个...
  📝 [ReAct-code#1] 文本响应: Call 1 success
  🔁 [ReAct-code#1] ✅ LLM 响应耗时 0ms——工具调用 0 个
  🔁 [ReAct-code#1] 🛑 无工具调用，本轮结束——output=Call 1 success
  🔁 [ReAct-code#1] 🏁 循环结束——耗时 0ms, loops=1/64, success=true
  🔁 [ReAct-code#0] 启动——maxLoops=64, timeout=300000ms, tools=8个
  🔁 [ReAct-code#1] 🛰️  调用 LLM (mock)——上下文 3 条消息，工具 8 个...
  🔁 [ReAct-code#1] 💥 崩溃: Error: Run 16 fails
  🔁 [ReAct-code#0] 启动——maxLoops=64, timeout=300000ms, tools=8个
  🔁 [ReAct-code#1] 🛰️  调用 LLM (mock)——上下文 3 条消息，工具 8 个...
  📝 [ReAct-code#1] 文本响应: Call 1 success
  🔁 [ReAct-code#1] ✅ LLM 响应耗时 0ms——工具调用 0 个
  🔁 [ReAct-code#1] 🛑 无工具调用，本轮结束——output=Call 1 success
  🔁 [ReAct-code#1] 🏁 循环结束——耗时 0ms, loops=1/64, success=true
  🔁 [ReAct-code#0] 启动——maxLoops=64, timeout=300000ms, tools=8个
  🔁 [ReAct-code#1] 🛰️  调用 LLM (mock)——上下文 3 条消息，工具 8 个...
  🔁 [ReAct-code#1] 💥 崩溃: Error: Run 18 fails
  🔁 [ReAct-code#0] 启动——maxLoops=64, timeout=300000ms, tools=8个
  🔁 [ReAct-code#1] 🛰️  调用 LLM (mock)——上下文 3 条消息，工具 8 个...
  📝 [ReAct-code#1] 文本响应: Call 1 success
  🔁 [ReAct-code#1] ✅ LLM 响应耗时 0ms——工具调用 0 个
  🔁 [ReAct-code#1] 🛑 无工具调用，本轮结束——output=Call 1 success
  🔁 [ReAct-code#1] 🏁 循环结束——耗时 0ms, loops=1/64, success=true
  🔁 [ReAct-code#0] 启动——maxLoops=64, timeout=300000ms, tools=8个
  🔁 [ReAct-code#1] 🛰️  调用 LLM (mock)——上下文 3 条消息，工具 8 个...
  🔁 [ReAct-code#1] 💥 崩溃: Error: Run 20 fails
  🔁 [ReAct-code#0] 启动——maxLoops=64, timeout=300000ms, tools=8个
  🔁 [ReAct-code#1] 🛰️  调用 LLM (mock)——上下文 3 条消息，工具 8 个...
  📝 [ReAct-code#1] 文本响应: Call 1 success
  🔁 [ReAct-code#1] ✅ LLM 响应耗时 0ms——工具调用 0 个
  🔁 [ReAct-code#1] 🛑 无工具调用，本轮结束——output=Call 1 success
  🔁 [ReAct-code#1] 🏁 循环结束——耗时 0ms, loops=1/64, success=true
  🔁 [ReAct-code#0] 启动——maxLoops=64, timeout=300000ms, tools=8个
  🔁 [ReAct-code#1] 🛰️  调用 LLM (mock)——上下文 3 条消息，工具 8 个...
  🔁 [ReAct-code#1] 💥 崩溃: Error: Run 22 fails
  🔁 [ReAct-code#0] 启动——maxLoops=64, timeout=300000ms, tools=8个
  🔁 [ReAct-code#1] 🛰️  调用 LLM (mock)——上下文 3 条消息，工具 8 个...
  📝 [ReAct-code#1] 文本响应: Call 1 success
  🔁 [ReAct-code#1] ✅ LLM 响应耗时 0ms——工具调用 0 个
  🔁 [ReAct-code#1] 🛑 无工具调用，本轮结束——output=Call 1 success
  🔁 [ReAct-code#1] 🏁 循环结束——耗时 0ms, loops=1/64, success=true
  🔁 [ReAct-code#0] 启动——maxLoops=64, timeout=300000ms, tools=8个
  🔁 [ReAct-code#1] 🛰️  调用 LLM (mock)——上下文 3 条消息，工具 8 个...
  🔁 [ReAct-code#1] 💥 崩溃: Error: Run 24 fails
  🔁 [ReAct-code#0] 启动——maxLoops=64, timeout=300000ms, tools=8个
  🔁 [ReAct-code#1] 🛰️  调用 LLM (mock)——上下文 3 条消息，工具 8 个...
  📝 [ReAct-code#1] 文本响应: Call 1 success
  🔁 [ReAct-code#1] ✅ LLM 响应耗时 0ms——工具调用 0 个
  🔁 [ReAct-code#1] 🛑 无工具调用，本轮结束——output=Call 1 success
  🔁 [ReAct-code#1] 🏁 循环结束——耗时 0ms, loops=1/64, success=true
  🔁 [ReAct-code#0] 启动——maxLoops=64, timeout=300000ms, tools=8个
  🔁 [ReAct-code#1] 🛰️  调用 LLM (mock)——上下文 3 条消息，工具 8 个...
  🔁 [ReAct-code#1] 💥 崩溃: Error: Run 26 fails
  🔁 [ReAct-code#0] 启动——maxLoops=64, timeout=300000ms, tools=8个
  🔁 [ReAct-code#1] 🛰️  调用 LLM (mock)——上下文 3 条消息，工具 8 个...
  📝 [ReAct-code#1] 文本响应: Call 1 success
  🔁 [ReAct-code#1] ✅ LLM 响应耗时 0ms——工具调用 0 个
  🔁 [ReAct-code#1] 🛑 无工具调用，本轮结束——output=Call 1 success
  🔁 [ReAct-code#1] 🏁 循环结束——耗时 0ms, loops=1/64, success=true
  🔁 [ReAct-code#0] 启动——maxLoops=64, timeout=300000ms, tools=8个
  🔁 [ReAct-code#1] 🛰️  调用 LLM (mock)——上下文 3 条消息，工具 8 个...
  🔁 [ReAct-code#1] 💥 崩溃: Error: Run 28 fails
  🔁 [ReAct-code#0] 启动——maxLoops=64, timeout=300000ms, tools=8个
  🔁 [ReAct-code#1] 🛰️  调用 LLM (mock)——上下文 3 条消息，工具 8 个...
  📝 [ReAct-code#1] 文本响应: Call 1 success
  🔁 [ReAct-code#1] ✅ LLM 响应耗时 0ms——工具调用 0 个
  🔁 [ReAct-code#1] 🛑 无工具调用，本轮结束——output=Call 1 success
  🔁 [ReAct-code#1] 🏁 循环结束——耗时 0ms, loops=1/64, success=true
  🔁 [ReAct-code#0] 启动——maxLoops=64, timeout=300000ms, tools=8个
  🔁 [ReAct-code#1] 🛰️  调用 LLM (mock)——上下文 3 条消息，工具 8 个...
  🔁 [ReAct-code#1] 💥 崩溃: Error: Run 30 fails
  🔁 [ReAct-code#0] 启动——maxLoops=64, timeout=300000ms, tools=8个
  🔁 [ReAct-code#1] 🛰️  调用 LLM (mock)——上下文 3 条消息，工具 8 个...
  📝 [ReAct-code#1] 文本响应: Call 1 success
  🔁 [ReAct-code#1] ✅ LLM 响应耗时 0ms——工具调用 0 个
  🔁 [ReAct-code#1] 🛑 无工具调用，本轮结束——output=Call 1 success
  🔁 [ReAct-code#1] 🏁 循环结束——耗时 0ms, loops=1/64, success=true
  🔁 [ReAct-code#0] 启动——maxLoops=64, timeout=300000ms, tools=8个
  🔁 [ReAct-code#1] 🛰️  调用 LLM (mock)——上下文 3 条消息，工具 8 个...
  🔁 [ReAct-code#1] 💥 崩溃: Error: Run 32 fails
  🔁 [ReAct-code#0] 启动——maxLoops=64, timeout=300000ms, tools=8个
  🔁 [ReAct-code#1] 🛰️  调用 LLM (mock)——上下文 3 条消息，工具 8 个...
  📝 [ReAct-code#1] 文本响应: Call 1 success
  🔁 [ReAct-code#1] ✅ LLM 响应耗时 0ms——工具调用 0 个
  🔁 [ReAct-code#1] 🛑 无工具调用，本轮结束——output=Call 1 success
  🔁 [ReAct-code#1] 🏁 循环结束——耗时 0ms, loops=1/64, success=true
  🔁 [ReAct-code#0] 启动——maxLoops=64, timeout=300000ms, tools=8个
  🔁 [ReAct-code#1] 🛰️  调用 LLM (mock)——上下文 3 条消息，工具 8 个...
  🔁 [ReAct-code#1] 💥 崩溃: Error: Run 34 fails
  🔁 [ReAct-code#0] 启动——maxLoops=64, timeout=300000ms, tools=8个
  🔁 [ReAct-code#1] 🛰️  调用 LLM (mock)——上下文 3 条消息，工具 8 个...
  📝 [ReAct-code#1] 文本响应: Call 1 success
  🔁 [ReAct-code#1] ✅ LLM 响应耗时 0ms——工具调用 0 个
  🔁 [ReAct-code#1] 🛑 无工具调用，本轮结束——output=Call 1 success
  🔁 [ReAct-code#1] 🏁 循环结束——耗时 0ms, loops=1/64, success=true
  🔁 [ReAct-code#0] 启动——maxLoops=64, timeout=300000ms, tools=8个
  🔁 [ReAct-code#1] 🛰️  调用 LLM (mock)——上下文 3 条消息，工具 8 个...
  🔁 [ReAct-code#1] 💥 崩溃: Error: Run 36 fails
  🔁 [ReAct-code#0] 启动——maxLoops=64, timeout=300000ms, tools=8个
  🔁 [ReAct-code#1] 🛰️  调用 LLM (mock)——上下文 3 条消息，工具 8 个...
  📝 [ReAct-code#1] 文本响应: Call 1 success
  🔁 [ReAct-code#1] ✅ LLM 响应耗时 0ms——工具调用 0 个
  🔁 [ReAct-code#1] 🛑 无工具调用，本轮结束——output=Call 1 success
  🔁 [ReAct-code#1] 🏁 循环结束——耗时 0ms, loops=1/64, success=true
  🔁 [ReAct-code#0] 启动——maxLoops=64, timeout=300000ms, tools=8个
  🔁 [ReAct-code#1] 🛰️  调用 LLM (mock)——上下文 3 条消息，工具 8 个...
  🔁 [ReAct-code#1] 💥 崩溃: Error: Run 38 fails
  🔁 [ReAct-code#0] 启动——maxLoops=64, timeout=300000ms, tools=8个
  🔁 [ReAct-code#1] 🛰️  调用 LLM (mock)——上下文 3 条消息，工具 8 个...
  📝 [ReAct-code#1] 文本响应: Call 1 success
  🔁 [ReAct-code#1] ✅ LLM 响应耗时 0ms——工具调用 0 个
  🔁 [ReAct-code#1] 🛑 无工具调用，本轮结束——output=Call 1 success
  🔁 [ReAct-code#1] 🏁 循环结束——耗时 0ms, loops=1/64, success=true
  🔁 [ReAct-code#0] 启动——maxLoops=64, timeout=300000ms, tools=8个
  🔁 [ReAct-code#1] 🛰️  调用 LLM (mock)——上下文 3 条消息，工具 8 个...
  🔁 [ReAct-code#1] 💥 崩溃: Error: Run 40 fails
  🔁 [ReAct-code#0] 启动——maxLoops=64, timeout=300000ms, tools=8个
  🔁 [ReAct-code#1] 🛰️  调用 LLM (mock)——上下文 3 条消息，工具 8 个...
  📝 [ReAct-code#1] 文本响应: Call 1 success
  🔁 [ReAct-code#1] ✅ LLM 响应耗时 0ms——工具调用 0 个
  🔁 [ReAct-code#1] 🛑 无工具调用，本轮结束——output=Call 1 success
  🔁 [ReAct-code#1] 🏁 循环结束——耗时 0ms, loops=1/64, success=true
  🔁 [ReAct-code#0] 启动——maxLoops=64, timeout=300000ms, tools=8个
  🔁 [ReAct-code#1] 🛰️  调用 LLM (mock)——上下文 3 条消息，工具 8 个...
  🔁 [ReAct-code#1] 💥 崩溃: Error: Run 42 fails
  🔁 [ReAct-code#0] 启动——maxLoops=64, timeout=300000ms, tools=8个
  🔁 [ReAct-code#1] 🛰️  调用 LLM (mock)——上下文 3 条消息，工具 8 个...
  📝 [ReAct-code#1] 文本响应: Call 1 success
  🔁 [ReAct-code#1] ✅ LLM 响应耗时 0ms——工具调用 0 个
  🔁 [ReAct-code#1] 🛑 无工具调用，本轮结束——output=Call 1 success
  🔁 [ReAct-code#1] 🏁 循环结束——耗时 0ms, loops=1/64, success=true
  🔁 [ReAct-code#0] 启动——maxLoops=64, timeout=300000ms, tools=8个
  🔁 [ReAct-code#1] 🛰️  调用 LLM (mock)——上下文 3 条消息，工具 8 个...
  🔁 [ReAct-code#1] 💥 崩溃: Error: Run 44 fails
  🔁 [ReAct-code#0] 启动——maxLoops=64, timeout=300000ms, tools=8个
  🔁 [ReAct-code#1] 🛰️  调用 LLM (mock)——上下文 3 条消息，工具 8 个...
  📝 [ReAct-code#1] 文本响应: Call 1 success
  🔁 [ReAct-code#1] ✅ LLM 响应耗时 0ms——工具调用 0 个
  🔁 [ReAct-code#1] 🛑 无工具调用，本轮结束——output=Call 1 success
  🔁 [ReAct-code#1] 🏁 循环结束——耗时 0ms, loops=1/64, success=true
  🔁 [ReAct-code#0] 启动——maxLoops=64, timeout=300000ms, tools=8个
  🔁 [ReAct-code#1] 🛰️  调用 LLM (mock)——上下文 3 条消息，工具 8 个...
  🔁 [ReAct-code#1] 💥 崩溃: Error: Run 46 fails
  🔁 [ReAct-code#0] 启动——maxLoops=64, timeout=300000ms, tools=8个
  🔁 [ReAct-code#1] 🛰️  调用 LLM (mock)——上下文 3 条消息，工具 8 个...
  📝 [ReAct-code#1] 文本响应: Call 1 success
  🔁 [ReAct-code#1] ✅ LLM 响应耗时 0ms——工具调用 0 个
  🔁 [ReAct-code#1] 🛑 无工具调用，本轮结束——output=Call 1 success
  🔁 [ReAct-code#1] 🏁 循环结束——耗时 0ms, loops=1/64, success=true
  🔁 [ReAct-code#0] 启动——maxLoops=64, timeout=300000ms, tools=8个
  🔁 [ReAct-code#1] 🛰️  调用 LLM (mock)——上下文 3 条消息，工具 8 个...
  🔁 [ReAct-code#1] 💥 崩溃: Error: Run 48 fails
  🔁 [ReAct-code#0] 启动——maxLoops=64, timeout=300000ms, tools=8个
  🔁 [ReAct-code#1] 🛰️  调用 LLM (mock)——上下文 3 条消息，工具 8 个...
  📝 [ReAct-code#1] 文本响应: Call 1 success
  🔁 [ReAct-code#1] ✅ LLM 响应耗时 0ms——工具调用 0 个
  🔁 [ReAct-code#1] 🛑 无工具调用，本轮结束——output=Call 1 success
  🔁 [ReAct-code#1] 🏁 循环结束——耗时 0ms, loops=1/64, success=true

[90mstdout[2m | packages/engine/tests/system-stress.test.ts[2m > [22m[2m场景 8：50 轮耐久[2m > [22m[2m50 轮 executeAll——每 10 轮采样 heapUsed，验证无内存泄漏（增长 < 2x 初始值）
[22m[39m  🔁 [ReAct-code#0] 启动——maxLoops=64, timeout=300000ms, tools=8个
  🔁 [ReAct-code#1] 🛰️  调用 LLM (mock)——上下文 3 条消息，工具 8 个...
  📝 [ReAct-code#1] 文本响应: Call 1 success
  🔁 [ReAct-code#1] ✅ LLM 响应耗时 0ms——工具调用 0 个
  🔁 [ReAct-code#1] 🛑 无工具调用，本轮结束——output=Call 1 success
  🔁 [ReAct-code#1] 🏁 循环结束——耗时 1ms, loops=1/64, success=true
  🔁 [ReAct-code#0] 启动——maxLoops=64, timeout=300000ms, tools=8个
  🔁 [ReAct-code#1] 🛰️  调用 LLM (mock)——上下文 3 条消息，工具 8 个...
  📝 [ReAct-code#1] 文本响应: Call 2 success
  🔁 [ReAct-code#1] ✅ LLM 响应耗时 0ms——工具调用 0 个
  🔁 [ReAct-code#1] 🛑 无工具调用，本轮结束——output=Call 2 success
  🔁 [ReAct-code#1] 🏁 循环结束——耗时 0ms, loops=1/64, success=true
  🔁 [ReAct-code#0] 启动——maxLoops=64, timeout=300000ms, tools=8个
  🔁 [ReAct-code#1] 🛰️  调用 LLM (mock)——上下文 3 条消息，工具 8 个...
  📝 [ReAct-code#1] 文本响应: Call 3 success
  🔁 [ReAct-code#1] ✅ LLM 响应耗时 0ms——工具调用 0 个
  🔁 [ReAct-code#1] 🛑 无工具调用，本轮结束——output=Call 3 success
  🔁 [ReAct-code#1] 🏁 循环结束——耗时 0ms, loops=1/64, success=true
  🔁 [ReAct-code#0] 启动——maxLoops=64, timeout=300000ms, tools=8个
  🔁 [ReAct-code#1] 🛰️  调用 LLM (mock)——上下文 3 条消息，工具 8 个...
  📝 [ReAct-code#1] 文本响应: Call 4 success
  🔁 [ReAct-code#1] ✅ LLM 响应耗时 0ms——工具调用 0 个
  🔁 [ReAct-code#1] 🛑 无工具调用，本轮结束——output=Call 4 success
  🔁 [ReAct-code#1] 🏁 循环结束——耗时 0ms, loops=1/64, success=true
  🔁 [ReAct-code#0] 启动——maxLoops=64, timeout=300000ms, tools=8个
  🔁 [ReAct-code#1] 🛰️  调用 LLM (mock)——上下文 3 条消息，工具 8 个...
  📝 [ReAct-code#1] 文本响应: Call 5 success
  🔁 [ReAct-code#1] ✅ LLM 响应耗时 0ms——工具调用 0 个
  🔁 [ReAct-code#1] 🛑 无工具调用，本轮结束——output=Call 5 success
  🔁 [ReAct-code#1] 🏁 循环结束——耗时 0ms, loops=1/64, success=true
  🔁 [ReAct-code#0] 启动——maxLoops=64, timeout=300000ms, tools=8个
  🔁 [ReAct-code#1] 🛰️  调用 LLM (mock)——上下文 3 条消息，工具 8 个...
  📝 [ReAct-code#1] 文本响应: Call 6 success
  🔁 [ReAct-code#1] ✅ LLM 响应耗时 0ms——工具调用 0 个
  🔁 [ReAct-code#1] 🛑 无工具调用，本轮结束——output=Call 6 success
  🔁 [ReAct-code#1] 🏁 循环结束——耗时 0ms, loops=1/64, success=true
  🔁 [ReAct-code#0] 启动——maxLoops=64, timeout=300000ms, tools=8个
  🔁 [ReAct-code#1] 🛰️  调用 LLM (mock)——上下文 3 条消息，工具 8 个...
  📝 [ReAct-code#1] 文本响应: Call 7 success
  🔁 [ReAct-code#1] ✅ LLM 响应耗时 0ms——工具调用 0 个
  🔁 [ReAct-code#1] 🛑 无工具调用，本轮结束——output=Call 7 success
  🔁 [ReAct-code#1] 🏁 循环结束——耗时 0ms, loops=1/64, success=true
  🔁 [ReAct-code#0] 启动——maxLoops=64, timeout=300000ms, tools=8个
  🔁 [ReAct-code#1] 🛰️  调用 LLM (mock)——上下文 3 条消息，工具 8 个...
  📝 [ReAct-code#1] 文本响应: Call 8 success
  🔁 [ReAct-code#1] ✅ LLM 响应耗时 0ms——工具调用 0 个
  🔁 [ReAct-code#1] 🛑 无工具调用，本轮结束——output=Call 8 success
  🔁 [ReAct-code#1] 🏁 循环结束——耗时 0ms, loops=1/64, success=true
  🔁 [ReAct-code#0] 启动——maxLoops=64, timeout=300000ms, tools=8个
  🔁 [ReAct-code#1] 🛰️  调用 LLM (mock)——上下文 3 条消息，工具 8 个...
  📝 [ReAct-code#1] 文本响应: Call 9 success
  🔁 [ReAct-code#1] ✅ LLM 响应耗时 0ms——工具调用 0 个
  🔁 [ReAct-code#1] 🛑 无工具调用，本轮结束——output=Call 9 success
  🔁 [ReAct-code#1] 🏁 循环结束——耗时 0ms, loops=1/64, success=true
  🔁 [ReAct-code#0] 启动——maxLoops=64, timeout=300000ms, tools=8个
  🔁 [ReAct-code#1] 🛰️  调用 LLM (mock)——上下文 3 条消息，工具 8 个...
  📝 [ReAct-code#1] 文本响应: Call 10 success
  🔁 [ReAct-code#1] ✅ LLM 响应耗时 0ms——工具调用 0 个
  🔁 [ReAct-code#1] 🛑 无工具调用，本轮结束——output=Call 10 success
  🔁 [ReAct-code#1] 🏁 循环结束——耗时 0ms, loops=1/64, success=true

[90mstdout[2m | packages/engine/tests/system-stress.test.ts[2m > [22m[2m场景 8：50 轮耐久[2m > [22m[2m50 轮 executeAll——每 10 轮采样 heapUsed，验证无内存泄漏（增长 < 2x 初始值）
[22m[39m  🔁 [ReAct-code#0] 启动——maxLoops=64, timeout=300000ms, tools=8个
  🔁 [ReAct-code#1] 🛰️  调用 LLM (mock)——上下文 3 条消息，工具 8 个...
  📝 [ReAct-code#1] 文本响应: Call 11 success
  🔁 [ReAct-code#1] ✅ LLM 响应耗时 0ms——工具调用 0 个
  🔁 [ReAct-code#1] 🛑 无工具调用，本轮结束——output=Call 11 success
  🔁 [ReAct-code#1] 🏁 循环结束——耗时 0ms, loops=1/64, success=true
  🔁 [ReAct-code#0] 启动——maxLoops=64, timeout=300000ms, tools=8个
  🔁 [ReAct-code#1] 🛰️  调用 LLM (mock)——上下文 3 条消息，工具 8 个...
  📝 [ReAct-code#1] 文本响应: Call 12 success
  🔁 [ReAct-code#1] ✅ LLM 响应耗时 0ms——工具调用 0 个
  🔁 [ReAct-code#1] 🛑 无工具调用，本轮结束——output=Call 12 success
  🔁 [ReAct-code#1] 🏁 循环结束——耗时 0ms, loops=1/64, success=true
  🔁 [ReAct-code#0] 启动——maxLoops=64, timeout=300000ms, tools=8个
  🔁 [ReAct-code#1] 🛰️  调用 LLM (mock)——上下文 3 条消息，工具 8 个...
  📝 [ReAct-code#1] 文本响应: Call 13 success
  🔁 [ReAct-code#1] ✅ LLM 响应耗时 0ms——工具调用 0 个
  🔁 [ReAct-code#1] 🛑 无工具调用，本轮结束——output=Call 13 success
  🔁 [ReAct-code#1] 🏁 循环结束——耗时 0ms, loops=1/64, success=true
  🔁 [ReAct-code#0] 启动——maxLoops=64, timeout=300000ms, tools=8个
  🔁 [ReAct-code#1] 🛰️  调用 LLM (mock)——上下文 3 条消息，工具 8 个...
  📝 [ReAct-code#1] 文本响应: Call 14 success
  🔁 [ReAct-code#1] ✅ LLM 响应耗时 0ms——工具调用 0 个
  🔁 [ReAct-code#1] 🛑 无工具调用，本轮结束——output=Call 14 success
  🔁 [ReAct-code#1] 🏁 循环结束——耗时 0ms, loops=1/64, success=true
  🔁 [ReAct-code#0] 启动——maxLoops=64, timeout=300000ms, tools=8个
  🔁 [ReAct-code#1] 🛰️  调用 LLM (mock)——上下文 3 条消息，工具 8 个...
  📝 [ReAct-code#1] 文本响应: Call 15 success
  🔁 [ReAct-code#1] ✅ LLM 响应耗时 0ms——工具调用 0 个
  🔁 [ReAct-code#1] 🛑 无工具调用，本轮结束——output=Call 15 success
  🔁 [ReAct-code#1] 🏁 循环结束——耗时 0ms, loops=1/64, success=true
  🔁 [ReAct-code#0] 启动——maxLoops=64, timeout=300000ms, tools=8个
  🔁 [ReAct-code#1] 🛰️  调用 LLM (mock)——上下文 3 条消息，工具 8 个...
  📝 [ReAct-code#1] 文本响应: Call 16 success
  🔁 [ReAct-code#1] ✅ LLM 响应耗时 0ms——工具调用 0 个
  🔁 [ReAct-code#1] 🛑 无工具调用，本轮结束——output=Call 16 success
  🔁 [ReAct-code#1] 🏁 循环结束——耗时 0ms, loops=1/64, success=true
  🔁 [ReAct-code#0] 启动——maxLoops=64, timeout=300000ms, tools=8个
  🔁 [ReAct-code#1] 🛰️  调用 LLM (mock)——上下文 3 条消息，工具 8 个...
  📝 [ReAct-code#1] 文本响应: Call 17 success
  🔁 [ReAct-code#1] ✅ LLM 响应耗时 0ms——工具调用 0 个
  🔁 [ReAct-code#1] 🛑 无工具调用，本轮结束——output=Call 17 success
  🔁 [ReAct-code#1] 🏁 循环结束——耗时 0ms, loops=1/64, success=true
  🔁 [ReAct-code#0] 启动——maxLoops=64, timeout=300000ms, tools=8个
  🔁 [ReAct-code#1] 🛰️  调用 LLM (mock)——上下文 3 条消息，工具 8 个...
  📝 [ReAct-code#1] 文本响应: Call 18 success
  🔁 [ReAct-code#1] ✅ LLM 响应耗时 0ms——工具调用 0 个
  🔁 [ReAct-code#1] 🛑 无工具调用，本轮结束——output=Call 18 success
  🔁 [ReAct-code#1] 🏁 循环结束——耗时 0ms, loops=1/64, success=true
  🔁 [ReAct-code#0] 启动——maxLoops=64, timeout=300000ms, tools=8个
  🔁 [ReAct-code#1] 🛰️  调用 LLM (mock)——上下文 3 条消息，工具 8 个...
  📝 [ReAct-code#1] 文本响应: Call 19 success
  🔁 [ReAct-code#1] ✅ LLM 响应耗时 0ms——工具调用 0 个
  🔁 [ReAct-code#1] 🛑 无工具调用，本轮结束——output=Call 19 success
  🔁 [ReAct-code#1] 🏁 循环结束——耗时 0ms, loops=1/64, success=true
  🔁 [ReAct-code#0] 启动——maxLoops=64, timeout=300000ms, tools=8个
  🔁 [ReAct-code#1] 🛰️  调用 LLM (mock)——上下文 3 条消息，工具 8 个...
  📝 [ReAct-code#1] 文本响应: Call 20 success
  🔁 [ReAct-code#1] ✅ LLM 响应耗时 0ms——工具调用 0 个
  🔁 [ReAct-code#1] 🛑 无工具调用，本轮结束——output=Call 20 success
  🔁 [ReAct-code#1] 🏁 循环结束——耗时 0ms, loops=1/64, success=true

[90mstdout[2m | packages/engine/tests/system-stress.test.ts[2m > [22m[2m场景 8：50 轮耐久[2m > [22m[2m50 轮 executeAll——每 10 轮采样 heapUsed，验证无内存泄漏（增长 < 2x 初始值）
[22m[39m  🔁 [ReAct-code#0] 启动——maxLoops=64, timeout=300000ms, tools=8个
  🔁 [ReAct-code#1] 🛰️  调用 LLM (mock)——上下文 3 条消息，工具 8 个...
  📝 [ReAct-code#1] 文本响应: Call 21 success
  🔁 [ReAct-code#1] ✅ LLM 响应耗时 0ms——工具调用 0 个
  🔁 [ReAct-code#1] 🛑 无工具调用，本轮结束——output=Call 21 success
  🔁 [ReAct-code#1] 🏁 循环结束——耗时 0ms, loops=1/64, success=true
  🔁 [ReAct-code#0] 启动——maxLoops=64, timeout=300000ms, tools=8个
  🔁 [ReAct-code#1] 🛰️  调用 LLM (mock)——上下文 3 条消息，工具 8 个...
  📝 [ReAct-code#1] 文本响应: Call 22 success
  🔁 [ReAct-code#1] ✅ LLM 响应耗时 0ms——工具调用 0 个
  🔁 [ReAct-code#1] 🛑 无工具调用，本轮结束——output=Call 22 success
  🔁 [ReAct-code#1] 🏁 循环结束——耗时 0ms, loops=1/64, success=true
  🔁 [ReAct-code#0] 启动——maxLoops=64, timeout=300000ms, tools=8个
  🔁 [ReAct-code#1] 🛰️  调用 LLM (mock)——上下文 3 条消息，工具 8 个...
  📝 [ReAct-code#1] 文本响应: Call 23 success
  🔁 [ReAct-code#1] ✅ LLM 响应耗时 0ms——工具调用 0 个
  🔁 [ReAct-code#1] 🛑 无工具调用，本轮结束——output=Call 23 success
  🔁 [ReAct-code#1] 🏁 循环结束——耗时 0ms, loops=1/64, success=true
  🔁 [ReAct-code#0] 启动——maxLoops=64, timeout=300000ms, tools=8个
  🔁 [ReAct-code#1] 🛰️  调用 LLM (mock)——上下文 3 条消息，工具 8 个...
  📝 [ReAct-code#1] 文本响应: Call 24 success
  🔁 [ReAct-code#1] ✅ LLM 响应耗时 0ms——工具调用 0 个
  🔁 [ReAct-code#1] 🛑 无工具调用，本轮结束——output=Call 24 success
  🔁 [ReAct-code#1] 🏁 循环结束——耗时 0ms, loops=1/64, success=true
  🔁 [ReAct-code#0] 启动——maxLoops=64, timeout=300000ms, tools=8个
  🔁 [ReAct-code#1] 🛰️  调用 LLM (mock)——上下文 3 条消息，工具 8 个...
  📝 [ReAct-code#1] 文本响应: Call 25 success
  🔁 [ReAct-code#1] ✅ LLM 响应耗时 0ms——工具调用 0 个
  🔁 [ReAct-code#1] 🛑 无工具调用，本轮结束——output=Call 25 success
  🔁 [ReAct-code#1] 🏁 循环结束——耗时 0ms, loops=1/64, success=true
  🔁 [ReAct-code#0] 启动——maxLoops=64, timeout=300000ms, tools=8个
  🔁 [ReAct-code#1] 🛰️  调用 LLM (mock)——上下文 3 条消息，工具 8 个...
  📝 [ReAct-code#1] 文本响应: Call 26 success
  🔁 [ReAct-code#1] ✅ LLM 响应耗时 0ms——工具调用 0 个
  🔁 [ReAct-code#1] 🛑 无工具调用，本轮结束——output=Call 26 success
  🔁 [ReAct-code#1] 🏁 循环结束——耗时 0ms, loops=1/64, success=true
  🔁 [ReAct-code#0] 启动——maxLoops=64, timeout=300000ms, tools=8个
  🔁 [ReAct-code#1] 🛰️  调用 LLM (mock)——上下文 3 条消息，工具 8 个...
  📝 [ReAct-code#1] 文本响应: Call 27 success
  🔁 [ReAct-code#1] ✅ LLM 响应耗时 0ms——工具调用 0 个
  🔁 [ReAct-code#1] 🛑 无工具调用，本轮结束——output=Call 27 success
  🔁 [ReAct-code#1] 🏁 循环结束——耗时 0ms, loops=1/64, success=true
  🔁 [ReAct-code#0] 启动——maxLoops=64, timeout=300000ms, tools=8个
  🔁 [ReAct-code#1] 🛰️  调用 LLM (mock)——上下文 3 条消息，工具 8 个...
  📝 [ReAct-code#1] 文本响应: Call 28 success
  🔁 [ReAct-code#1] ✅ LLM 响应耗时 0ms——工具调用 0 个
  🔁 [ReAct-code#1] 🛑 无工具调用，本轮结束——output=Call 28 success
  🔁 [ReAct-code#1] 🏁 循环结束——耗时 0ms, loops=1/64, success=true
  🔁 [ReAct-code#0] 启动——maxLoops=64, timeout=300000ms, tools=8个
  🔁 [ReAct-code#1] 🛰️  调用 LLM (mock)——上下文 3 条消息，工具 8 个...
  📝 [ReAct-code#1] 文本响应: Call 29 success
  🔁 [ReAct-code#1] ✅ LLM 响应耗时 0ms——工具调用 0 个
  🔁 [ReAct-code#1] 🛑 无工具调用，本轮结束——output=Call 29 success
  🔁 [ReAct-code#1] 🏁 循环结束——耗时 0ms, loops=1/64, success=true
  🔁 [ReAct-code#0] 启动——maxLoops=64, timeout=300000ms, tools=8个
  🔁 [ReAct-code#1] 🛰️  调用 LLM (mock)——上下文 3 条消息，工具 8 个...
  📝 [ReAct-code#1] 文本响应: Call 30 success
  🔁 [ReAct-code#1] ✅ LLM 响应耗时 0ms——工具调用 0 个
  🔁 [ReAct-code#1] 🛑 无工具调用，本轮结束——output=Call 30 success
  🔁 [ReAct-code#1] 🏁 循环结束——耗时 0ms, loops=1/64, success=true

[90mstdout[2m | packages/engine/tests/system-stress.test.ts[2m > [22m[2m场景 8：50 轮耐久[2m > [22m[2m50 轮 executeAll——每 10 轮采样 heapUsed，验证无内存泄漏（增长 < 2x 初始值）
[22m[39m  🔁 [ReAct-code#0] 启动——maxLoops=64, timeout=300000ms, tools=8个
  🔁 [ReAct-code#1] 🛰️  调用 LLM (mock)——上下文 3 条消息，工具 8 个...
  📝 [ReAct-code#1] 文本响应: Call 31 success
  🔁 [ReAct-code#1] ✅ LLM 响应耗时 0ms——工具调用 0 个
  🔁 [ReAct-code#1] 🛑 无工具调用，本轮结束——output=Call 31 success
  🔁 [ReAct-code#1] 🏁 循环结束——耗时 0ms, loops=1/64, success=true
  🔁 [ReAct-code#0] 启动——maxLoops=64, timeout=300000ms, tools=8个
  🔁 [ReAct-code#1] 🛰️  调用 LLM (mock)——上下文 3 条消息，工具 8 个...
  📝 [ReAct-code#1] 文本响应: Call 32 success
  🔁 [ReAct-code#1] ✅ LLM 响应耗时 0ms——工具调用 0 个
  🔁 [ReAct-code#1] 🛑 无工具调用，本轮结束——output=Call 32 success
  🔁 [ReAct-code#1] 🏁 循环结束——耗时 0ms, loops=1/64, success=true
  🔁 [ReAct-code#0] 启动——maxLoops=64, timeout=300000ms, tools=8个
  🔁 [ReAct-code#1] 🛰️  调用 LLM (mock)——上下文 3 条消息，工具 8 个...
  📝 [ReAct-code#1] 文本响应: Call 33 success
  🔁 [ReAct-code#1] ✅ LLM 响应耗时 0ms——工具调用 0 个
  🔁 [ReAct-code#1] 🛑 无工具调用，本轮结束——output=Call 33 success
  🔁 [ReAct-code#1] 🏁 循环结束——耗时 0ms, loops=1/64, success=true
  🔁 [ReAct-code#0] 启动——maxLoops=64, timeout=300000ms, tools=8个
  🔁 [ReAct-code#1] 🛰️  调用 LLM (mock)——上下文 3 条消息，工具 8 个...
  📝 [ReAct-code#1] 文本响应: Call 34 success
  🔁 [ReAct-code#1] ✅ LLM 响应耗时 0ms——工具调用 0 个
  🔁 [ReAct-code#1] 🛑 无工具调用，本轮结束——output=Call 34 success
  🔁 [ReAct-code#1] 🏁 循环结束——耗时 0ms, loops=1/64, success=true
  🔁 [ReAct-code#0] 启动——maxLoops=64, timeout=300000ms, tools=8个
  🔁 [ReAct-code#1] 🛰️  调用 LLM (mock)——上下文 3 条消息，工具 8 个...
  📝 [ReAct-code#1] 文本响应: Call 35 success
  🔁 [ReAct-code#1] ✅ LLM 响应耗时 0ms——工具调用 0 个
  🔁 [ReAct-code#1] 🛑 无工具调用，本轮结束——output=Call 35 success
  🔁 [ReAct-code#1] 🏁 循环结束——耗时 0ms, loops=1/64, success=true
  🔁 [ReAct-code#0] 启动——maxLoops=64, timeout=300000ms, tools=8个
  🔁 [ReAct-code#1] 🛰️  调用 LLM (mock)——上下文 3 条消息，工具 8 个...
  📝 [ReAct-code#1] 文本响应: Call 36 success
  🔁 [ReAct-code#1] ✅ LLM 响应耗时 0ms——工具调用 0 个
  🔁 [ReAct-code#1] 🛑 无工具调用，本轮结束——output=Call 36 success
  🔁 [ReAct-code#1] 🏁 循环结束——耗时 0ms, loops=1/64, success=true
  🔁 [ReAct-code#0] 启动——maxLoops=64, timeout=300000ms, tools=8个
  🔁 [ReAct-code#1] 🛰️  调用 LLM (mock)——上下文 3 条消息，工具 8 个...
  📝 [ReAct-code#1] 文本响应: Call 37 success
  🔁 [ReAct-code#1] ✅ LLM 响应耗时 0ms——工具调用 0 个
  🔁 [ReAct-code#1] 🛑 无工具调用，本轮结束——output=Call 37 success
  🔁 [ReAct-code#1] 🏁 循环结束——耗时 0ms, loops=1/64, success=true
  🔁 [ReAct-code#0] 启动——maxLoops=64, timeout=300000ms, tools=8个
  🔁 [ReAct-code#1] 🛰️  调用 LLM (mock)——上下文 3 条消息，工具 8 个...
  📝 [ReAct-code#1] 文本响应: Call 38 success
  🔁 [ReAct-code#1] ✅ LLM 响应耗时 0ms——工具调用 0 个
  🔁 [ReAct-code#1] 🛑 无工具调用，本轮结束——output=Call 38 success
  🔁 [ReAct-code#1] 🏁 循环结束——耗时 0ms, loops=1/64, success=true
  🔁 [ReAct-code#0] 启动——maxLoops=64, timeout=300000ms, tools=8个
  🔁 [ReAct-code#1] 🛰️  调用 LLM (mock)——上下文 3 条消息，工具 8 个...
  📝 [ReAct-code#1] 文本响应: Call 39 success
  🔁 [ReAct-code#1] ✅ LLM 响应耗时 0ms——工具调用 0 个
  🔁 [ReAct-code#1] 🛑 无工具调用，本轮结束——output=Call 39 success
  🔁 [ReAct-code#1] 🏁 循环结束——耗时 0ms, loops=1/64, success=true
  🔁 [ReAct-code#0] 启动——maxLoops=64, timeout=300000ms, tools=8个
  🔁 [ReAct-code#1] 🛰️  调用 LLM (mock)——上下文 3 条消息，工具 8 个...
  📝 [ReAct-code#1] 文本响应: Call 40 success
  🔁 [ReAct-code#1] ✅ LLM 响应耗时 0ms——工具调用 0 个
  🔁 [ReAct-code#1] 🛑 无工具调用，本轮结束——output=Call 40 success
  🔁 [ReAct-code#1] 🏁 循环结束——耗时 0ms, loops=1/64, success=true

[90mstdout[2m | packages/engine/tests/system-stress.test.ts[2m > [22m[2m场景 8：50 轮耐久[2m > [22m[2m50 轮 executeAll——每 10 轮采样 heapUsed，验证无内存泄漏（增长 < 2x 初始值）
[22m[39m  🔁 [ReAct-code#0] 启动——maxLoops=64, timeout=300000ms, tools=8个
  🔁 [ReAct-code#1] 🛰️  调用 LLM (mock)——上下文 3 条消息，工具 8 个...
  📝 [ReAct-code#1] 文本响应: Call 41 success
  🔁 [ReAct-code#1] ✅ LLM 响应耗时 0ms——工具调用 0 个
  🔁 [ReAct-code#1] 🛑 无工具调用，本轮结束——output=Call 41 success
  🔁 [ReAct-code#1] 🏁 循环结束——耗时 0ms, loops=1/64, success=true
  🔁 [ReAct-code#0] 启动——maxLoops=64, timeout=300000ms, tools=8个
  🔁 [ReAct-code#1] 🛰️  调用 LLM (mock)——上下文 3 条消息，工具 8 个...
  📝 [ReAct-code#1] 文本响应: Call 42 success
  🔁 [ReAct-code#1] ✅ LLM 响应耗时 0ms——工具调用 0 个
  🔁 [ReAct-code#1] 🛑 无工具调用，本轮结束——output=Call 42 success
  🔁 [ReAct-code#1] 🏁 循环结束——耗时 0ms, loops=1/64, success=true
  🔁 [ReAct-code#0] 启动——maxLoops=64, timeout=300000ms, tools=8个
  🔁 [ReAct-code#1] 🛰️  调用 LLM (mock)——上下文 3 条消息，工具 8 个...
  📝 [ReAct-code#1] 文本响应: Call 43 success
  🔁 [ReAct-code#1] ✅ LLM 响应耗时 0ms——工具调用 0 个
  🔁 [ReAct-code#1] 🛑 无工具调用，本轮结束——output=Call 43 success
  🔁 [ReAct-code#1] 🏁 循环结束——耗时 0ms, loops=1/64, success=true
  🔁 [ReAct-code#0] 启动——maxLoops=64, timeout=300000ms, tools=8个
  🔁 [ReAct-code#1] 🛰️  调用 LLM (mock)——上下文 3 条消息，工具 8 个...
  📝 [ReAct-code#1] 文本响应: Call 44 success
  🔁 [ReAct-code#1] ✅ LLM 响应耗时 0ms——工具调用 0 个
  🔁 [ReAct-code#1] 🛑 无工具调用，本轮结束——output=Call 44 success
  🔁 [ReAct-code#1] 🏁 循环结束——耗时 0ms, loops=1/64, success=true
  🔁 [ReAct-code#0] 启动——maxLoops=64, timeout=300000ms, tools=8个
  🔁 [ReAct-code#1] 🛰️  调用 LLM (mock)——上下文 3 条消息，工具 8 个...
  📝 [ReAct-code#1] 文本响应: Call 45 success
  🔁 [ReAct-code#1] ✅ LLM 响应耗时 0ms——工具调用 0 个
  🔁 [ReAct-code#1] 🛑 无工具调用，本轮结束——output=Call 45 success
  🔁 [ReAct-code#1] 🏁 循环结束——耗时 0ms, loops=1/64, success=true
  🔁 [ReAct-code#0] 启动——maxLoops=64, timeout=300000ms, tools=8个
  🔁 [ReAct-code#1] 🛰️  调用 LLM (mock)——上下文 3 条消息，工具 8 个...
  📝 [ReAct-code#1] 文本响应: Call 46 success
  🔁 [ReAct-code#1] ✅ LLM 响应耗时 0ms——工具调用 0 个
  🔁 [ReAct-code#1] 🛑 无工具调用，本轮结束——output=Call 46 success
  🔁 [ReAct-code#1] 🏁 循环结束——耗时 0ms, loops=1/64, success=true
  🔁 [ReAct-code#0] 启动——maxLoops=64, timeout=300000ms, tools=8个
  🔁 [ReAct-code#1] 🛰️  调用 LLM (mock)——上下文 3 条消息，工具 8 个...
  📝 [ReAct-code#1] 文本响应: Call 47 success
  🔁 [ReAct-code#1] ✅ LLM 响应耗时 0ms——工具调用 0 个
  🔁 [ReAct-code#1] 🛑 无工具调用，本轮结束——output=Call 47 success
  🔁 [ReAct-code#1] 🏁 循环结束——耗时 0ms, loops=1/64, success=true
  🔁 [ReAct-code#0] 启动——maxLoops=64, timeout=300000ms, tools=8个
  🔁 [ReAct-code#1] 🛰️  调用 LLM (mock)——上下文 3 条消息，工具 8 个...
  📝 [ReAct-code#1] 文本响应: Call 48 success
  🔁 [ReAct-code#1] ✅ LLM 响应耗时 0ms——工具调用 0 个
  🔁 [ReAct-code#1] 🛑 无工具调用，本轮结束——output=Call 48 success
  🔁 [ReAct-code#1] 🏁 循环结束——耗时 0ms, loops=1/64, success=true
  🔁 [ReAct-code#0] 启动——maxLoops=64, timeout=300000ms, tools=8个
  🔁 [ReAct-code#1] 🛰️  调用 LLM (mock)——上下文 3 条消息，工具 8 个...
  📝 [ReAct-code#1] 文本响应: Call 49 success
  🔁 [ReAct-code#1] ✅ LLM 响应耗时 0ms——工具调用 0 个
  🔁 [ReAct-code#1] 🛑 无工具调用，本轮结束——output=Call 49 success
  🔁 [ReAct-code#1] 🏁 循环结束——耗时 0ms, loops=1/64, success=true
  🔁 [ReAct-code#0] 启动——maxLoops=64, timeout=300000ms, tools=8个
  🔁 [ReAct-code#1] 🛰️  调用 LLM (mock)——上下文 3 条消息，工具 8 个...
  📝 [ReAct-code#1] 文本响应: Call 50 success
  🔁 [ReAct-code#1] ✅ LLM 响应耗时 0ms——工具调用 0 个
  🔁 [ReAct-code#1] 🛑 无工具调用，本轮结束——output=Call 50 success
  🔁 [ReAct-code#1] 🏁 循环结束——耗时 0ms, loops=1/64, success=true

[90mstdout[2m | packages/engine/tests/system-stress.test.ts[2m > [22m[2m场景 9：混合绞杀——四维交织[2m > [22m[2m级联失败 + 3 Agent + 预填充 MemoryStore + MetaAgent 重规划——板面不变式成立
[22m[39m  🔁 [ReAct-code#0] 启动——maxLoops=64, timeout=300000ms, tools=8个
  🔁 [ReAct-code#1] 🛰️  调用 LLM (mock)——上下文 3 条消息，工具 8 个...
  🔁 [ReAct-code#0] 启动——maxLoops=64, timeout=300000ms, tools=8个
  🔁 [ReAct-code#1] 🛰️  调用 LLM (mock)——上下文 3 条消息，工具 8 个...
  🔁 [ReAct-review#0] 启动——maxLoops=64, timeout=300000ms, tools=7个
  🔁 [ReAct-review#1] 🛰️  调用 LLM (mock)——上下文 3 条消息，工具 7 个...
  🔁 [ReAct-review#0] 启动——maxLoops=64, timeout=300000ms, tools=7个
  🔁 [ReAct-review#1] 🛰️  调用 LLM (mock)——上下文 3 条消息，工具 7 个...
  📝 [ReAct-code#1] 文本响应: Call 1 ok
  🔁 [ReAct-code#1] ✅ LLM 响应耗时 1ms——工具调用 0 个
  🔁 [ReAct-code#1] 🛑 无工具调用，本轮结束——output=Call 1 ok
  🔁 [ReAct-code#1] 🏁 循环结束——耗时 1ms, loops=1/64, success=true
  🔁 [ReAct-code#1] 💥 崩溃: Error: Cascading failure at call 2
  📝 [ReAct-review#1] 文本响应: Call 1 success
  🔁 [ReAct-review#1] ✅ LLM 响应耗时 0ms——工具调用 0 个
  🔁 [ReAct-review#1] 🛑 无工具调用，本轮结束——output=Call 1 success
  🔁 [ReAct-review#1] 🏁 循环结束——耗时 0ms, loops=1/64, success=true
  📝 [ReAct-review#1] 文本响应: Call 2 success
  🔁 [ReAct-review#1] ✅ LLM 响应耗时 0ms——工具调用 0 个
  🔁 [ReAct-review#1] 🛑 无工具调用，本轮结束——output=Call 2 success
  🔁 [ReAct-review#1] 🏁 循环结束——耗时 0ms, loops=1/64, success=true
  🔁 [ReAct-analysis#0] 启动——maxLoops=64, timeout=300000ms, tools=7个
  🔁 [ReAct-analysis#1] 🛰️  调用 LLM (mock)——上下文 3 条消息，工具 7 个...
  🔁 [ReAct-analysis#0] 启动——maxLoops=64, timeout=300000ms, tools=7个
  🔁 [ReAct-analysis#1] 🛰️  调用 LLM (mock)——上下文 3 条消息，工具 7 个...
  📝 [ReAct-analysis#1] 文本响应: Call 1 success
  🔁 [ReAct-analysis#1] ✅ LLM 响应耗时 0ms——工具调用 0 个
  🔁 [ReAct-analysis#1] 🛑 无工具调用，本轮结束——output=Call 1 success
  🔁 [ReAct-analysis#1] 🏁 循环结束——耗时 0ms, loops=1/64, success=true
  📝 [ReAct-analysis#1] 文本响应: Call 2 success
  🔁 [ReAct-analysis#1] ✅ LLM 响应耗时 0ms——工具调用 0 个
  🔁 [ReAct-analysis#1] 🛑 无工具调用，本轮结束——output=Call 2 success
  🔁 [ReAct-analysis#1] 🏁 循环结束——耗时 0ms, loops=1/64, success=true

[90mstdout[2m | packages/engine/tests/system-stress.test.ts[2m > [22m[2m场景 12：removeSubtree + NodeRemoved 事件[2m > [22m[2mreplan impactScope=subtree——子节点被 removeSubtree 回收，NodeRemoved 事件触发
[22m[39m  🔁 [ReAct-code#0] 启动——maxLoops=64, timeout=300000ms, tools=8个
  🔁 [ReAct-code#1] 🛰️  调用 LLM (mock)——上下文 3 条消息，工具 8 个...
  🔁 [ReAct-code#1] 💥 崩溃: Error: Parent node fails
  🔁 [ReAct-code#0] 启动——maxLoops=64, timeout=300000ms, tools=8个
  🔁 [ReAct-code#1] 🛰️  调用 LLM (mock)——上下文 3 条消息，工具 8 个...
  🔁 [ReAct-code#0] 启动——maxLoops=64, timeout=300000ms, tools=8个
  🔁 [ReAct-code#1] 🛰️  调用 LLM (mock)——上下文 3 条消息，工具 8 个...
  📝 [ReAct-code#1] 文本响应: Replan node ok
  🔁 [ReAct-code#1] ✅ LLM 响应耗时 0ms——工具调用 0 个
  🔁 [ReAct-code#1] 🛑 无工具调用，本轮结束——output=Replan node ok
  🔁 [ReAct-code#1] 🏁 循环结束——耗时 0ms, loops=1/64, success=true
  📝 [ReAct-code#1] 文本响应: Replan node ok
  🔁 [ReAct-code#1] ✅ LLM 响应耗时 0ms——工具调用 0 个
  🔁 [ReAct-code#1] 🛑 无工具调用，本轮结束——output=Replan node ok
  🔁 [ReAct-code#1] 🏁 循环结束——耗时 0ms, loops=1/64, success=true
  🔁 [ReAct-code#0] 启动——maxLoops=64, timeout=300000ms, tools=8个
  🔁 [ReAct-code#1] 🛰️  调用 LLM (mock)——上下文 3 条消息，工具 8 个...
  📝 [ReAct-code#1] 文本响应: Replan node ok
  🔁 [ReAct-code#1] ✅ LLM 响应耗时 0ms——工具调用 0 个
  🔁 [ReAct-code#1] 🛑 无工具调用，本轮结束——output=Replan node ok
  🔁 [ReAct-code#1] 🏁 循环结束——耗时 0ms, loops=1/64, success=true

 [32m✓[39m packages/engine/tests/system-stress.test.ts [2m([22m[2m32 tests[22m[2m)[22m[33m 96095[2mms[22m[39m
   [33m[2m✓[22m[39m 场景 5：百条记忆洪水——写入与召回压力[2m > [22m写入 200 条——超出 MAX_TOTAL_MEMORIES 上限触发 auto-archive [33m339[2mms[22m[39m
   [33m[2m✓[22m[39m 场景 6：跨 run 记忆继承[2m > [22m写-关-开-读：记忆在 close/reopen 后完整保留 [33m869[2mms[22m[39m
   [33m[2m✓[22m[39m 场景 7：多类型 Agent 并行[2m > [22mCode/Review/Analysis 三类型节点各 5 个，全部正确路由 [33m84461[2mms[22m[39m
   [33m[2m✓[22m[39m 场景 7：多类型 Agent 并行[2m > [22m三类型 Agent + 混合节点——review 节点正确路由到 Review Agent [33m4504[2mms[22m[39m
   [33m[2m✓[22m[39m 场景 8：50 轮耐久[2m > [22m50 轮 executeAll——每 10 轮采样 heapUsed，验证无内存泄漏（增长 < 2x 初始值） [33m310[2mms[22m[39m
   [33m[2m✓[22m[39m 场景 9：混合绞杀——四维交织[2m > [22m级联失败 + 3 Agent + 预填充 MemoryStore + MetaAgent 重规划——板面不变式成立 [33m5308[2mms[22m[39m

[31m⎯⎯⎯⎯⎯⎯[1m[7m Failed Tests 24 [27m[22m⎯⎯⎯⎯⎯⎯⎯[39m

[31m[1m[7m FAIL [27m[22m[39m packages/engine/tests/skill-bootstrap-integration.test.ts[2m > [22mSkill Bootstrap Full Pipeline Integration[2m > [22mfull pipeline: register skill -> match by tags -> inject -> execute agent -> feedback
[31m[1m[7m FAIL [27m[22m[39m packages/engine/tests/skill-bootstrap-integration.test.ts[2m > [22mSkill Bootstrap Full Pipeline Integration[2m > [22mMetaAgent.setSkillRegistry -> skills available for planning
[31m[1m[7m FAIL [27m[22m[39m packages/engine/tests/skill-bootstrap-integration.test.ts[2m > [22mSkill Bootstrap Full Pipeline Integration[2m > [22mMultiple skills registered -> non-overlapping matching
[31m[1mTypeError[22m: SkillExecutor is not a constructor[39m
[36m [2m❯[22m packages/engine/tests/skill-bootstrap-integration.test.ts:[2m81:16[22m[39m
    [90m 79| [39m
    [90m 80| [39m    registry [33m=[39m [35mnew[39m [33mSkillRegistry[39m()[33m;[39m
    [90m 81| [39m    executor [33m=[39m [35mnew[39m [33mSkillExecutor[39m(registry)[33m;[39m
    [90m   | [39m               [31m^[39m
    [90m 82| [39m
    [90m 83| [39m    [90m// Wire SkillExecutor into Scheduler[39m

[31m[2m⎯⎯⎯⎯⎯⎯⎯⎯⎯⎯⎯⎯⎯⎯⎯⎯⎯⎯⎯⎯⎯⎯⎯[1/24]⎯[22m[39m

[31m[1m[7m FAIL [27m[22m[39m packages/cli/tests/e2e/cli-subprocess.test.ts[2m > [22mA. cortex version[2m > [22mA1. 基本输出 — exit 0, 包含 Core-1 和版本号
[31m[1mAssertionError[22m: expected 1 to be +0 // Object.is equality[39m

[32m- Expected[39m
[31m+ Received[39m

[32m- 0[39m
[31m+ 1[39m

[36m [2m❯[22m packages/cli/tests/e2e/cli-subprocess.test.ts:[2m99:24[22m[39m
    [90m 97| [39m  [34mit[39m([32m"A1. 基本输出 — exit 0, 包含 Core-1 和版本号"[39m[33m,[39m () [33m=>[39m {
    [90m 98| [39m    [35mconst[39m r [33m=[39m [34mrun[39m([[32m"version"[39m])[33m;[39m
    [90m 99| [39m    [34mexpect[39m(r[33m.[39mexitCode)[33m.[39m[34mtoBe[39m([34m0[39m)[33m;[39m
    [90m   | [39m                       [31m^[39m
    [90m100| [39m    [34mexpect[39m(r[33m.[39mstdout)[33m.[39m[34mtoContain[39m([32m"Core-1"[39m)[33m;[39m
    [90m101| [39m    [34mexpect[39m(r[33m.[39mstdout)[33m.[39m[34mtoContain[39m([32m"cortex v"[39m)[33m;[39m

[31m[2m⎯⎯⎯⎯⎯⎯⎯⎯⎯⎯⎯⎯⎯⎯⎯⎯⎯⎯⎯⎯⎯⎯⎯[2/24]⎯[22m[39m

[31m[1m[7m FAIL [27m[22m[39m packages/cli/tests/e2e/cli-subprocess.test.ts[2m > [22mA. cortex version[2m > [22mA2. --json 输出合法 JSON，含 version/runtime/platform
[31m[1mAssertionError[22m: expected 1 to be +0 // Object.is equality[39m

[32m- Expected[39m
[31m+ Received[39m

[32m- 0[39m
[31m+ 1[39m

[36m [2m❯[22m packages/cli/tests/e2e/cli-subprocess.test.ts:[2m107:24[22m[39m
    [90m105| [39m  [34mit[39m([32m"A2. --json 输出合法 JSON，含 version/runtime/platform"[39m[33m,[39m () [33m=>[39m {
    [90m106| [39m    [35mconst[39m r [33m=[39m [34mrun[39m([[32m"version"[39m[33m,[39m [32m"--json"[39m])[33m;[39m
    [90m107| [39m    [34mexpect[39m(r[33m.[39mexitCode)[33m.[39m[34mtoBe[39m([34m0[39m)[33m;[39m
    [90m   | [39m                       [31m^[39m
    [90m108| [39m    [35mconst[39m data [33m=[39m [33mJSON[39m[33m.[39m[34mparse[39m(r[33m.[39mstdout)[33m;[39m
    [90m109| [39m    [34mexpect[39m(data[33m.[39mversion)[33m.[39m[34mtoContain[39m([32m"Core-1"[39m)[33m;[39m

[31m[2m⎯⎯⎯⎯⎯⎯⎯⎯⎯⎯⎯⎯⎯⎯⎯⎯⎯⎯⎯⎯⎯⎯⎯[3/24]⎯[22m[39m

[31m[1m[7m FAIL [27m[22m[39m packages/cli/tests/e2e/cli-subprocess.test.ts[2m > [22mA. cortex version[2m > [22mA3. --version 标志 (cortex --version)
[31m[1mAssertionError[22m: expected 1 to be +0 // Object.is equality[39m

[32m- Expected[39m
[31m+ Received[39m

[32m- 0[39m
[31m+ 1[39m

[36m [2m❯[22m packages/cli/tests/e2e/cli-subprocess.test.ts:[2m116:24[22m[39m
    [90m114| [39m  [34mit[39m([32m"A3. --version 标志 (cortex --version)"[39m[33m,[39m () [33m=>[39m {
    [90m115| [39m    [35mconst[39m r [33m=[39m [34mrun[39m([[32m"--version"[39m])[33m;[39m
    [90m116| [39m    [34mexpect[39m(r[33m.[39mexitCode)[33m.[39m[34mtoBe[39m([34m0[39m)[33m;[39m
    [90m   | [39m                       [31m^[39m
    [90m117| [39m    [34mexpect[39m(r[33m.[39mstdout)[33m.[39m[34mtoContain[39m([32m"cortex v"[39m)[33m;[39m
    [90m118| [39m  })[33m;[39m

[31m[2m⎯⎯⎯⎯⎯⎯⎯⎯⎯⎯⎯⎯⎯⎯⎯⎯⎯⎯⎯⎯⎯⎯⎯[4/24]⎯[22m[39m

[31m[1m[7m FAIL [27m[22m[39m packages/cli/tests/e2e/cli-subprocess.test.ts[2m > [22mA. cortex version[2m > [22mA4. -V 短标志 (cortex -V)
[31m[1mAssertionError[22m: expected 1 to be +0 // Object.is equality[39m

[32m- Expected[39m
[31m+ Received[39m

[32m- 0[39m
[31m+ 1[39m

[36m [2m❯[22m packages/cli/tests/e2e/cli-subprocess.test.ts:[2m122:24[22m[39m
    [90m120| [39m  [34mit[39m([32m"A4. -V 短标志 (cortex -V)"[39m[33m,[39m () [33m=>[39m {
    [90m121| [39m    [35mconst[39m r [33m=[39m [34mrun[39m([[32m"-V"[39m])[33m;[39m
    [90m122| [39m    [34mexpect[39m(r[33m.[39mexitCode)[33m.[39m[34mtoBe[39m([34m0[39m)[33m;[39m
    [90m   | [39m                       [31m^[39m
    [90m123| [39m    [34mexpect[39m(r[33m.[39mstdout)[33m.[39m[34mtoContain[39m([32m"cortex v"[39m)[33m;[39m
    [90m124| [39m  })[33m;[39m

[31m[2m⎯⎯⎯⎯⎯⎯⎯⎯⎯⎯⎯⎯⎯⎯⎯⎯⎯⎯⎯⎯⎯⎯⎯[5/24]⎯[22m[39m

[31m[1m[7m FAIL [27m[22m[39m packages/cli/tests/e2e/cli-subprocess.test.ts[2m > [22mB. cortex help[2m > [22mB1. help 输出列出全部 15 个命令
[31m[1mAssertionError[22m: expected 1 to be +0 // Object.is equality[39m

[32m- Expected[39m
[31m+ Received[39m

[32m- 0[39m
[31m+ 1[39m

[36m [2m❯[22m packages/cli/tests/e2e/cli-subprocess.test.ts:[2m134:24[22m[39m
    [90m132| [39m  [34mit[39m([32m"B1. help 输出列出全部 15 个命令"[39m[33m,[39m () [33m=>[39m {
    [90m133| [39m    [35mconst[39m r [33m=[39m [34mrun[39m([[32m"help"[39m])[33m;[39m
    [90m134| [39m    [34mexpect[39m(r[33m.[39mexitCode)[33m.[39m[34mtoBe[39m([34m0[39m)[33m;[39m
    [90m   | [39m                       [31m^[39m
    [90m135| [39m    [35mconst[39m expected [33m=[39m [
    [90m136| [39m      [32m"run"[39m[33m,[39m [32m"agent"[39m[33m,[39m [32m"task"[39m[33m,[39m [32m"memory"[39m[33m,[39m [32m"config"[39m[33m,[39m [32m"doc"[39m[33m,[39m

[31m[2m⎯⎯⎯⎯⎯⎯⎯⎯⎯⎯⎯⎯⎯⎯⎯⎯⎯⎯⎯⎯⎯⎯⎯[6/24]⎯[22m[39m

[31m[1m[7m FAIL [27m[22m[39m packages/cli/tests/e2e/cli-subprocess.test.ts[2m > [22mB. cortex help[2m > [22mB2. --help 标志等效于 help 命令
[31m[1mAssertionError[22m: expected 1 to be +0 // Object.is equality[39m

[32m- Expected[39m
[31m+ Received[39m

[32m- 0[39m
[31m+ 1[39m

[36m [2m❯[22m packages/cli/tests/e2e/cli-subprocess.test.ts:[2m148:25[22m[39m
    [90m146| [39m    [35mconst[39m r1 [33m=[39m [34mrun[39m([[32m"--help"[39m])[33m;[39m
    [90m147| [39m    [35mconst[39m r2 [33m=[39m [34mrun[39m([[32m"help"[39m])[33m;[39m
    [90m148| [39m    [34mexpect[39m(r1[33m.[39mexitCode)[33m.[39m[34mtoBe[39m([34m0[39m)[33m;[39m
    [90m   | [39m                        [31m^[39m
    [90m149| [39m    [34mexpect[39m(r2[33m.[39mexitCode)[33m.[39m[34mtoBe[39m([34m0[39m)[33m;[39m
    [90m150| [39m    [90m// 两者输出应都包含命令列表[39m

[31m[2m⎯⎯⎯⎯⎯⎯⎯⎯⎯⎯⎯⎯⎯⎯⎯⎯⎯⎯⎯⎯⎯⎯⎯[7/24]⎯[22m[39m

[31m[1m[7m FAIL [27m[22m[39m packages/cli/tests/e2e/cli-subprocess.test.ts[2m > [22mB. cortex help[2m > [22mB3. -h 短标志等效
[31m[1mAssertionError[22m: expected 1 to be +0 // Object.is equality[39m

[32m- Expected[39m
[31m+ Received[39m

[32m- 0[39m
[31m+ 1[39m

[36m [2m❯[22m packages/cli/tests/e2e/cli-subprocess.test.ts:[2m157:24[22m[39m
    [90m155| [39m  [34mit[39m([32m"B3. -h 短标志等效"[39m[33m,[39m () [33m=>[39m {
    [90m156| [39m    [35mconst[39m r [33m=[39m [34mrun[39m([[32m"-h"[39m])[33m;[39m
    [90m157| [39m    [34mexpect[39m(r[33m.[39mexitCode)[33m.[39m[34mtoBe[39m([34m0[39m)[33m;[39m
    [90m   | [39m                       [31m^[39m
    [90m158| [39m    [34mexpect[39m(r[33m.[39mstdout)[33m.[39m[34mtoContain[39m([32m"run"[39m)[33m;[39m
    [90m159| [39m  })[33m;[39m

[31m[2m⎯⎯⎯⎯⎯⎯⎯⎯⎯⎯⎯⎯⎯⎯⎯⎯⎯⎯⎯⎯⎯⎯⎯[8/24]⎯[22m[39m

[31m[1m[7m FAIL [27m[22m[39m packages/cli/tests/e2e/cli-subprocess.test.ts[2m > [22mC. cortex doc convert[2m > [22mC1. 基本 Markdown→HTML 转换
[31m[1mAssertionError[22m: expected 1 to be +0 // Object.is equality[39m

[32m- Expected[39m
[31m+ Received[39m

[32m- 0[39m
[31m+ 1[39m

[36m [2m❯[22m packages/cli/tests/e2e/cli-subprocess.test.ts:[2m171:26[22m[39m
    [90m169| [39m    [35mtry[39m {
    [90m170| [39m      [35mconst[39m r [33m=[39m [34mrun[39m([[32m"doc"[39m[33m,[39m [32m"convert"[39m[33m,[39m md])[33m;[39m
    [90m171| [39m      [34mexpect[39m(r[33m.[39mexitCode)[33m.[39m[34mtoBe[39m([34m0[39m)[33m;[39m
    [90m   | [39m                         [31m^[39m
    [90m172| [39m      [34mexpect[39m(r[33m.[39mstdout)[33m.[39m[34mtoContain[39m([32m"<h1>"[39m)[33m;[39m
    [90m173| [39m      [34mexpect[39m(r[33m.[39mstdout)[33m.[39m[34mtoContain[39m([32m"Hello"[39m)[33m;[39m

[31m[2m⎯⎯⎯⎯⎯⎯⎯⎯⎯⎯⎯⎯⎯⎯⎯⎯⎯⎯⎯⎯⎯⎯⎯[9/24]⎯[22m[39m

[31m[1m[7m FAIL [27m[22m[39m packages/cli/tests/e2e/cli-subprocess.test.ts[2m > [22mC. cortex doc convert[2m > [22mC2. --output 写入文件
[31m[1mAssertionError[22m: expected 1 to be +0 // Object.is equality[39m

[32m- Expected[39m
[31m+ Received[39m

[32m- 0[39m
[31m+ 1[39m

[36m [2m❯[22m packages/cli/tests/e2e/cli-subprocess.test.ts:[2m185:26[22m[39m
    [90m183| [39m    [35mtry[39m {
    [90m184| [39m      [35mconst[39m r [33m=[39m [34mrun[39m([[32m"doc"[39m[33m,[39m [32m"convert"[39m[33m,[39m md[33m,[39m [32m"--output"[39m[33m,[39m outFile])[33m;[39m
    [90m185| [39m      [34mexpect[39m(r[33m.[39mexitCode)[33m.[39m[34mtoBe[39m([34m0[39m)[33m;[39m
    [90m   | [39m                         [31m^[39m
    [90m186| [39m      [34mexpect[39m([34mexistsSync[39m(outFile))[33m.[39m[34mtoBe[39m([35mtrue[39m)[33m;[39m
    [90m187| [39m      [35mconst[39m content [33m=[39m [34mreadFileSync[39m(outFile[33m,[39m [32m"utf-8"[39m)[33m;[39m

[31m[2m⎯⎯⎯⎯⎯⎯⎯⎯⎯⎯⎯⎯⎯⎯⎯⎯⎯⎯⎯⎯⎯⎯[10/24]⎯[22m[39m

[31m[1m[7m FAIL [27m[22m[39m packages/cli/tests/e2e/cli-subprocess.test.ts[2m > [22mC. cortex doc convert[2m > [22mC3. 代码块转换包含 <pre><code>
[31m[1mAssertionError[22m: expected 1 to be +0 // Object.is equality[39m

[32m- Expected[39m
[31m+ Received[39m

[32m- 0[39m
[31m+ 1[39m

[36m [2m❯[22m packages/cli/tests/e2e/cli-subprocess.test.ts:[2m199:26[22m[39m
    [90m197| [39m    [35mtry[39m {
    [90m198| [39m      [35mconst[39m r [33m=[39m [34mrun[39m([[32m"doc"[39m[33m,[39m [32m"convert"[39m[33m,[39m md])[33m;[39m
    [90m199| [39m      [34mexpect[39m(r[33m.[39mexitCode)[33m.[39m[34mtoBe[39m([34m0[39m)[33m;[39m
    [90m   | [39m                         [31m^[39m
    [90m200| [39m      [34mexpect[39m(r[33m.[39mstdout)[33m.[39m[34mtoContain[39m([32m"<pre>"[39m)[33m;[39m
    [90m201| [39m      [34mexpect[39m(r[33m.[39mstdout)[33m.[39m[34mtoContain[39m([32m"<code"[39m)[33m;[39m

[31m[2m⎯⎯⎯⎯⎯⎯⎯⎯⎯⎯⎯⎯⎯⎯⎯⎯⎯⎯⎯⎯⎯⎯[11/24]⎯[22m[39m

[31m[1m[7m FAIL [27m[22m[39m packages/cli/tests/e2e/cli-subprocess.test.ts[2m > [22mC. cortex doc convert[2m > [22mC4. 空 Markdown 不报错
[31m[1mAssertionError[22m: expected 1 to be +0 // Object.is equality[39m

[32m- Expected[39m
[31m+ Received[39m

[32m- 0[39m
[31m+ 1[39m

[36m [2m❯[22m packages/cli/tests/e2e/cli-subprocess.test.ts:[2m211:26[22m[39m
    [90m209| [39m    [35mtry[39m {
    [90m210| [39m      [35mconst[39m r [33m=[39m [34mrun[39m([[32m"doc"[39m[33m,[39m [32m"convert"[39m[33m,[39m md])[33m;[39m
    [90m211| [39m      [34mexpect[39m(r[33m.[39mexitCode)[33m.[39m[34mtoBe[39m([34m0[39m)[33m;[39m
    [90m   | [39m                         [31m^[39m
    [90m212| [39m      [34mexpect[39m([35mtypeof[39m r[33m.[39mstdout)[33m.[39m[34mtoBe[39m([32m"string"[39m)[33m;[39m
    [90m213| [39m    } [35mfinally[39m {

[31m[2m⎯⎯⎯⎯⎯⎯⎯⎯⎯⎯⎯⎯⎯⎯⎯⎯⎯⎯⎯⎯⎯⎯[12/24]⎯[22m[39m

[31m[1m[7m FAIL [27m[22m[39m packages/cli/tests/e2e/cli-subprocess.test.ts[2m > [22mD. cortex inspect[2m > [22mD1. inspect deps 返回 @cortex/ 包间依赖
[31m[1mAssertionError[22m: expected 1 to be +0 // Object.is equality[39m

[32m- Expected[39m
[31m+ Received[39m

[32m- 0[39m
[31m+ 1[39m

[36m [2m❯[22m packages/cli/tests/e2e/cli-subprocess.test.ts:[2m226:24[22m[39m
    [90m224| [39m  [34mit[39m([32m"D1. inspect deps 返回 @cortex/ 包间依赖"[39m[33m,[39m () [33m=>[39m {
    [90m225| [39m    [35mconst[39m r [33m=[39m [34mrun[39m([[32m"inspect"[39m[33m,[39m [32m"deps"[39m])[33m;[39m
    [90m226| [39m    [34mexpect[39m(r[33m.[39mexitCode)[33m.[39m[34mtoBe[39m([34m0[39m)[33m;[39m
    [90m   | [39m                       [31m^[39m
    [90m227| [39m    [34mexpect[39m(r[33m.[39mstdout)[33m.[39m[34mtoContain[39m([32m"@cortex/"[39m)[33m;[39m
    [90m228| [39m  })[33m;[39m

[31m[2m⎯⎯⎯⎯⎯⎯⎯⎯⎯⎯⎯⎯⎯⎯⎯⎯⎯⎯⎯⎯⎯⎯[13/24]⎯[22m[39m

[31m[1m[7m FAIL [27m[22m[39m packages/cli/tests/e2e/cli-subprocess.test.ts[2m > [22mD. cortex inspect[2m > [22mD2. inspect deps --json 返回结构化数据
[31m[1mAssertionError[22m: expected 1 to be +0 // Object.is equality[39m

[32m- Expected[39m
[31m+ Received[39m

[32m- 0[39m
[31m+ 1[39m

[36m [2m❯[22m packages/cli/tests/e2e/cli-subprocess.test.ts:[2m232:24[22m[39m
    [90m230| [39m  [34mit[39m([32m"D2. inspect deps --json 返回结构化数据"[39m[33m,[39m () [33m=>[39m {
    [90m231| [39m    [35mconst[39m r [33m=[39m [34mrun[39m([[32m"inspect"[39m[33m,[39m [32m"deps"[39m[33m,[39m [32m"--format=json"[39m])[33m;[39m
    [90m232| [39m    [34mexpect[39m(r[33m.[39mexitCode)[33m.[39m[34mtoBe[39m([34m0[39m)[33m;[39m
    [90m   | [39m                       [31m^[39m
    [90m233| [39m    [35mconst[39m data [33m=[39m [33mJSON[39m[33m.[39m[34mparse[39m(r[33m.[39mstdout)[33m;[39m
    [90m234| [39m    [34mexpect[39m(data)[33m.[39m[34mtoBeDefined[39m()[33m;[39m

[31m[2m⎯⎯⎯⎯⎯⎯⎯⎯⎯⎯⎯⎯⎯⎯⎯⎯⎯⎯⎯⎯⎯⎯[14/24]⎯[22m[39m

[31m[1m[7m FAIL [27m[22m[39m packages/cli/tests/e2e/cli-subprocess.test.ts[2m > [22mD. cortex inspect[2m > [22mD3. inspect dir . 返回目录结构
[31m[1mAssertionError[22m: expected 1 to be +0 // Object.is equality[39m

[32m- Expected[39m
[31m+ Received[39m

[32m- 0[39m
[31m+ 1[39m

[36m [2m❯[22m packages/cli/tests/e2e/cli-subprocess.test.ts:[2m239:24[22m[39m
    [90m237| [39m  [34mit[39m([32m"D3. inspect dir . 返回目录结构"[39m[33m,[39m () [33m=>[39m {
    [90m238| [39m    [35mconst[39m r [33m=[39m [34mrun[39m([[32m"inspect"[39m[33m,[39m [32m"dir"[39m[33m,[39m [32m"."[39m])[33m;[39m
    [90m239| [39m    [34mexpect[39m(r[33m.[39mexitCode)[33m.[39m[34mtoBe[39m([34m0[39m)[33m;[39m
    [90m   | [39m                       [31m^[39m
    [90m240| [39m    [34mexpect[39m(r[33m.[39mstdout)[33m.[39m[34mtoContain[39m([32m"目录结构"[39m)[33m;[39m
    [90m241| [39m  })[33m;[39m

[31m[2m⎯⎯⎯⎯⎯⎯⎯⎯⎯⎯⎯⎯⎯⎯⎯⎯⎯⎯⎯⎯⎯⎯[15/24]⎯[22m[39m

[31m[1m[7m FAIL [27m[22m[39m packages/cli/tests/e2e/cli-subprocess.test.ts[2m > [22mD. cortex inspect[2m > [22mD4. inspect 无子命令显示帮助
[31m[1mAssertionError[22m: expected 1 to be +0 // Object.is equality[39m

[32m- Expected[39m
[31m+ Received[39m

[32m- 0[39m
[31m+ 1[39m

[36m [2m❯[22m packages/cli/tests/e2e/cli-subprocess.test.ts:[2m245:24[22m[39m
    [90m243| [39m  [34mit[39m([32m"D4. inspect 无子命令显示帮助"[39m[33m,[39m () [33m=>[39m {
    [90m244| [39m    [35mconst[39m r [33m=[39m [34mrun[39m([[32m"inspect"[39m])[33m;[39m
    [90m245| [39m    [34mexpect[39m(r[33m.[39mexitCode)[33m.[39m[34mtoBe[39m([34m0[39m)[33m;[39m
    [90m   | [39m                       [31m^[39m
    [90m246| [39m    [34mexpect[39m(r[33m.[39mstdout)[33m.[39m[34mtoContain[39m([32m"用法:"[39m)[33m;[39m
    [90m247| [39m    [90m// 应列出可用子命令[39m

[31m[2m⎯⎯⎯⎯⎯⎯⎯⎯⎯⎯⎯⎯⎯⎯⎯⎯⎯⎯⎯⎯⎯⎯[16/24]⎯[22m[39m

[31m[1m[7m FAIL [27m[22m[39m packages/cli/tests/e2e/cli-subprocess.test.ts[2m > [22mD. cortex inspect[2m > [22mD5. inspect 未知子命令返回 exit 1
[31m[1mAssertionError[22m: expected 'file:///D:/cortex/packages/cli/dist/c…' to contain '未知子命令'[39m

[32m- Expected[39m
[31m+ Received[39m

[32m- 未知子命令[39m
[31m+ file:///D:/cortex/packages/cli/dist/commands/skill.js:9[39m
[31m+ import { DefaultSkillRegistry, BaseSkill, EchoSkill, CalculatorSkill, RegistryInfoSkill, SkillCategory, createSkillId, createSkillVersion, } from "@cortex/engine";[39m
[31m+                                ^^^^^^^^^[39m
[31m+ SyntaxError: The requested module '@cortex/engine' does not provide an export named 'BaseSkill'[39m
[31m+     at #asyncInstantiate (node:internal/modules/esm/module_job:302:21)[39m
[31m+     at process.processTicksAndRejections (node:internal/process/task_queues:103:5)[39m
[31m+     at async ModuleJob.run (node:internal/modules/esm/module_job:405:5)[39m
[31m+     at async onImport.tracePromise.__proto__ (node:internal/modules/esm/loader:660:26)[39m
[31m+     at async asyncRunEntryPointWithESMLoader (node:internal/modules/run_main:101:5)[39m
[31m+ [39m
[31m+ Node.js v24.12.0[39m
[31m+[39m

[36m [2m❯[22m packages/cli/tests/e2e/cli-subprocess.test.ts:[2m255:22[22m[39m
    [90m253| [39m    [35mconst[39m r [33m=[39m [34mrun[39m([[32m"inspect"[39m[33m,[39m [32m"zzz-nonexistent-subcommand"[39m])[33m;[39m
    [90m254| [39m    [34mexpect[39m(r[33m.[39mexitCode)[33m.[39m[34mtoBe[39m([34m1[39m)[33m;[39m
    [90m255| [39m    [34mexpect[39m(r[33m.[39mstderr)[33m.[39m[34mtoContain[39m([32m"未知子命令"[39m)[33m;[39m
    [90m   | [39m                     [31m^[39m
    [90m256| [39m  })[33m;[39m
    [90m257| [39m})[33m;[39m

[31m[2m⎯⎯⎯⎯⎯⎯⎯⎯⎯⎯⎯⎯⎯⎯⎯⎯⎯⎯⎯⎯⎯⎯[17/24]⎯[22m[39m

[31m[1m[7m FAIL [27m[22m[39m packages/cli/tests/e2e/cli-subprocess.test.ts[2m > [22mE. 错误处理与边界[2m > [22mE1. 不存在的命令返回 exit 1
[31m[1mAssertionError[22m: expected 'file:///D:/cortex/packages/cli/dist/c…' to contain '未知'[39m

[32m- Expected[39m
[31m+ Received[39m

[32m- 未知[39m
[31m+ file:///D:/cortex/packages/cli/dist/commands/skill.js:9[39m
[31m+ import { DefaultSkillRegistry, BaseSkill, EchoSkill, CalculatorSkill, RegistryInfoSkill, SkillCategory, createSkillId, createSkillVersion, } from "@cortex/engine";[39m
[31m+                                ^^^^^^^^^[39m
[31m+ SyntaxError: The requested module '@cortex/engine' does not provide an export named 'BaseSkill'[39m
[31m+     at #asyncInstantiate (node:internal/modules/esm/module_job:302:21)[39m
[31m+     at process.processTicksAndRejections (node:internal/process/task_queues:103:5)[39m
[31m+     at async ModuleJob.run (node:internal/modules/esm/module_job:405:5)[39m
[31m+     at async onImport.tracePromise.__proto__ (node:internal/modules/esm/loader:660:26)[39m
[31m+     at async asyncRunEntryPointWithESMLoader (node:internal/modules/run_main:101:5)[39m
[31m+ [39m
[31m+ Node.js v24.12.0[39m
[31m+[39m

[36m [2m❯[22m packages/cli/tests/e2e/cli-subprocess.test.ts:[2m267:22[22m[39m
    [90m265| [39m    [35mconst[39m r [33m=[39m [34mrun[39m([[32m"nonexistent-cmd-xyz"[39m])[33m;[39m
    [90m266| [39m    [34mexpect[39m(r[33m.[39mexitCode)[33m.[39m[34mtoBe[39m([34m1[39m)[33m;[39m
    [90m267| [39m    [34mexpect[39m(r[33m.[39mstderr)[33m.[39m[34mtoContain[39m([32m"未知"[39m)[33m;[39m
    [90m   | [39m                     [31m^[39m
    [90m268| [39m  })[33m;[39m
    [90m269| [39m

[31m[2m⎯⎯⎯⎯⎯⎯⎯⎯⎯⎯⎯⎯⎯⎯⎯⎯⎯⎯⎯⎯⎯⎯[18/24]⎯[22m[39m

[31m[1m[7m FAIL [27m[22m[39m packages/cli/tests/e2e/cli-subprocess.test.ts[2m > [22mE. 错误处理与边界[2m > [22mE3. exit code 约定验证
[31m[1mAssertionError[22m: expected 1 to be +0 // Object.is equality[39m

[32m- Expected[39m
[31m+ Received[39m

[32m- 0[39m
[31m+ 1[39m

[36m [2m❯[22m packages/cli/tests/e2e/cli-subprocess.test.ts:[2m280:39[22m[39m
    [90m278| [39m  [34mit[39m([32m"E3. exit code 约定验证"[39m[33m,[39m () [33m=>[39m {
    [90m279| [39m    [90m// 0=成功[39m
    [90m280| [39m    [34mexpect[39m([34mrun[39m([[32m"version"[39m])[33m.[39mexitCode)[33m.[39m[34mtoBe[39m([34m0[39m)[33m;[39m
    [90m   | [39m                                      [31m^[39m
    [90m281| [39m    [90m// 1=参数/路由错误[39m
    [90m282| [39m    [34mexpect[39m([34mrun[39m([[32m"no-such-cmd"[39m])[33m.[39mexitCode)[33m.[39m[34mtoBe[39m([34m1[39m)[33m;[39m

[31m[2m⎯⎯⎯⎯⎯⎯⎯⎯⎯⎯⎯⎯⎯⎯⎯⎯⎯⎯⎯⎯⎯⎯[19/24]⎯[22m[39m

[31m[1m[7m FAIL [27m[22m[39m packages/cli/tests/e2e/cli-subprocess.test.ts[2m > [22mG. 命令别名[2m > [22mG2. v 别名 → version 命令
[31m[1mAssertionError[22m: expected 1 to be +0 // Object.is equality[39m

[32m- Expected[39m
[31m+ Received[39m

[32m- 0[39m
[31m+ 1[39m

[36m [2m❯[22m packages/cli/tests/e2e/cli-subprocess.test.ts:[2m318:24[22m[39m
    [90m316| [39m  [34mit[39m([32m"G2. v 别名 → version 命令"[39m[33m,[39m () [33m=>[39m {
    [90m317| [39m    [35mconst[39m r [33m=[39m [34mrun[39m([[32m"v"[39m])[33m;[39m
    [90m318| [39m    [34mexpect[39m(r[33m.[39mexitCode)[33m.[39m[34mtoBe[39m([34m0[39m)[33m;[39m
    [90m   | [39m                       [31m^[39m
    [90m319| [39m    [34mexpect[39m(r[33m.[39mstdout)[33m.[39m[34mtoContain[39m([32m"cortex v"[39m)[33m;[39m
    [90m320| [39m  })[33m;[39m

[31m[2m⎯⎯⎯⎯⎯⎯⎯⎯⎯⎯⎯⎯⎯⎯⎯⎯⎯⎯⎯⎯⎯⎯[20/24]⎯[22m[39m

[31m[1m[7m FAIL [27m[22m[39m packages/cli/tests/e2e/cli-subprocess.test.ts[2m > [22mG. 命令别名[2m > [22mG3. i 别名 → inspect 命令
[31m[1mAssertionError[22m: expected 1 to be +0 // Object.is equality[39m

[32m- Expected[39m
[31m+ Received[39m

[32m- 0[39m
[31m+ 1[39m

[36m [2m❯[22m packages/cli/tests/e2e/cli-subprocess.test.ts:[2m324:24[22m[39m
    [90m322| [39m  [34mit[39m([32m"G3. i 别名 → inspect 命令"[39m[33m,[39m () [33m=>[39m {
    [90m323| [39m    [35mconst[39m r [33m=[39m [34mrun[39m([[32m"i"[39m[33m,[39m [32m"deps"[39m])[33m;[39m
    [90m324| [39m    [34mexpect[39m(r[33m.[39mexitCode)[33m.[39m[34mtoBe[39m([34m0[39m)[33m;[39m
    [90m   | [39m                       [31m^[39m
    [90m325| [39m    [34mexpect[39m(r[33m.[39mstdout)[33m.[39m[34mtoContain[39m([32m"@cortex/"[39m)[33m;[39m
    [90m326| [39m  })[33m;[39m

[31m[2m⎯⎯⎯⎯⎯⎯⎯⎯⎯⎯⎯⎯⎯⎯⎯⎯⎯⎯⎯⎯⎯⎯[21/24]⎯[22m[39m

[31m[1m[7m FAIL [27m[22m[39m packages/cli/tests/e2e/cli-subprocess.test.ts[2m > [22mG. 命令别名[2m > [22mG4. d 别名 → doc 命令
[31m[1mAssertionError[22m: expected 1 to be +0 // Object.is equality[39m

[32m- Expected[39m
[31m+ Received[39m

[32m- 0[39m
[31m+ 1[39m

[36m [2m❯[22m packages/cli/tests/e2e/cli-subprocess.test.ts:[2m332:26[22m[39m
    [90m330| [39m    [35mtry[39m {
    [90m331| [39m      [35mconst[39m r [33m=[39m [34mrun[39m([[32m"d"[39m[33m,[39m [32m"convert"[39m[33m,[39m md])[33m;[39m
    [90m332| [39m      [34mexpect[39m(r[33m.[39mexitCode)[33m.[39m[34mtoBe[39m([34m0[39m)[33m;[39m
    [90m   | [39m                         [31m^[39m
    [90m333| [39m      [34mexpect[39m(r[33m.[39mstdout)[33m.[39m[34mtoContain[39m([32m"<h1>Alias Test</h1>"[39m)[33m;[39m
    [90m334| [39m    } [35mfinally[39m {

[31m[2m⎯⎯⎯⎯⎯⎯⎯⎯⎯⎯⎯⎯⎯⎯⎯⎯⎯⎯⎯⎯⎯⎯[22/24]⎯[22m[39m

[2m Test Files [22m [1m[31m2 failed[39m[22m[2m | [22m[1m[32m93 passed[39m[22m[90m (95)[39m
[2m      Tests [22m [1m[31m24 failed[39m[22m[2m | [22m[1m[32m1274 passed[39m[22m[90m (1298)[39m
[2m   Start at [22m 04:43:12
[2m   Duration [22m 101.81s[2m (transform 11.58s, setup 0ms, collect 190.35s, tests 551.80s, environment 29ms, prepare 31.83s)[22m

